###############################################################################
#
# IAR ELF Linker V7.40.3.8902/W32 for ARM                 22/Jan/2016  21:13:04
# Copyright 2007-2015 IAR Systems AB.
#
#    Output file  =  E:\fw\STM32F746VET6\Output\Exe\OK-STM746.out
#    Map file     =  E:\fw\STM32F746VET6\Output\List\OK-STM746.map
#    Command line =  
#        "E:\fw\STM32F746VET6\Output\Obj\Exp14_4_organ(1).o"
#        E:\fw\STM32F746VET6\Output\Obj\startup_stm32f746xx.o --redirect
#        _Printf=_PrintfFull --redirect _Scanf=_ScanfFull -o
#        E:\fw\STM32F746VET6\Output\Exe\OK-STM746.out --map
#        E:\fw\STM32F746VET6\Output\List\OK-STM746.map --config
#        E:\fw\STM32F746VET6\linker\stm32f746xx_flash.icf --semihosting --entry
#        __iar_program_start "C:\Program Files (x86)\IAR Systems\Embedded
#        Workbench 7.2\arm\CMSIS\Lib\IAR\iar_cortexM7ls_math.a" --vfe
#
###############################################################################

*******************************************************************************
*** RUNTIME MODEL ATTRIBUTES
***

CppFlavor       = *
__SystemLibrary = DLib


*******************************************************************************
*** PLACEMENT SUMMARY
***

"A1":  place at 0x08000000 { ro section .intvec };
"P1":  place in [from 0x08000000 to 0x080fffff] { ro };
"P2":  place in [from 0x20010000 to 0x2004ffff] { rw, block CSTACK, block HEAP };

  Section            Kind        Address    Size  Object
  -------            ----        -------    ----  ------
"A1":                                      0x1c8
  .intvec            ro code  0x08000000   0x1c8  startup_stm32f746xx.o [1]
                            - 0x080001c8   0x1c8

"P1":                                     0xdd84
  .text              ro code  0x080001c8  0x7924  Exp14_4_organ(1).o [1]
  .text              ro code  0x08007aec     0x6  ABImemclr4.o [5]
  .text              ro code  0x08007af4    0x76  ABImemcpy_unaligned.o [5]
  .text              ro code  0x08007b6c    0xe8  DblAdd.o [4]
  .text              ro code  0x08007c54   0x1a2  DblMul.o [4]
  .text              ro code  0x08007df8   0x256  DblDiv.o [4]
  .text              ro code  0x08008050    0x58  DblToI32.o [4]
  .text              ro code  0x080080a8    0x4e  FltToDbl.o [4]
  .text              ro code  0x080080f8    0x32  ABImemset48.o [5]
  .text              ro code  0x0800812c   0x16c  DblSub.o [4]
  .rodata            const    0x08008298  0x5a00  Exp14_4_organ(1).o [1]
  .text              ro code  0x0800dc98    0x2c  copy_init3.o [5]
  .text              ro code  0x0800dcc4    0x28  data_init.o [5]
  .text              ro code  0x0800dcec    0x22  fpinit_M.o [4]
  .iar.init_table    const    0x0800dd10    0x14  - Linker created -
  .text              ro code  0x0800dd24    0x1a  cmain.o [5]
  .text              ro code  0x0800dd3e     0x4  low_level_init.o [3]
  .text              ro code  0x0800dd42     0x4  exit.o [3]
  .text              ro code  0x0800dd48     0xa  cexit.o [5]
  .text              ro code  0x0800dd54    0x14  exit.o [6]
  .text              ro code  0x0800dd68    0x10  startup_stm32f746xx.o [1]
  .text              ro code  0x0800dd78     0xc  cstartup_M.o [5]
  .text              ro code  0x0800dd84     0x4  startup_stm32f746xx.o [1]
  .text              ro code  0x0800dd88     0x4  startup_stm32f746xx.o [1]
  .text              ro code  0x0800dd8c     0x4  startup_stm32f746xx.o [1]
  .text              ro code  0x0800dd90     0x4  startup_stm32f746xx.o [1]
  .text              ro code  0x0800dd94     0x4  startup_stm32f746xx.o [1]
  .text              ro code  0x0800dd98     0x4  startup_stm32f746xx.o [1]
  .text              ro code  0x0800dd9c     0x4  startup_stm32f746xx.o [1]
  .text              ro code  0x0800dda0     0x4  startup_stm32f746xx.o [1]
  .text              ro code  0x0800dda4     0x4  startup_stm32f746xx.o [1]
  .text              ro code  0x0800dda8     0x4  startup_stm32f746xx.o [1]
  .text              ro code  0x0800ddac     0x4  startup_stm32f746xx.o [1]
  .text              ro code  0x0800ddb0     0x4  startup_stm32f746xx.o [1]
  .text              ro code  0x0800ddb4     0x4  startup_stm32f746xx.o [1]
  .text              ro code  0x0800ddb8     0x4  startup_stm32f746xx.o [1]
  .text              ro code  0x0800ddbc     0x4  startup_stm32f746xx.o [1]
  .text              ro code  0x0800ddc0     0x4  startup_stm32f746xx.o [1]
  .text              ro code  0x0800ddc4     0x4  startup_stm32f746xx.o [1]
  .text              ro code  0x0800ddc8     0x4  startup_stm32f746xx.o [1]
  .text              ro code  0x0800ddcc     0x4  startup_stm32f746xx.o [1]
  .text              ro code  0x0800ddd0     0x4  startup_stm32f746xx.o [1]
  .text              ro code  0x0800ddd4     0x4  startup_stm32f746xx.o [1]
  .text              ro code  0x0800ddd8     0x4  startup_stm32f746xx.o [1]
  .text              ro code  0x0800dddc     0x4  startup_stm32f746xx.o [1]
  .text              ro code  0x0800dde0     0x4  startup_stm32f746xx.o [1]
  .text              ro code  0x0800dde4     0x4  startup_stm32f746xx.o [1]
  .text              ro code  0x0800dde8     0x4  startup_stm32f746xx.o [1]
  .text              ro code  0x0800ddec     0x4  startup_stm32f746xx.o [1]
  .text              ro code  0x0800ddf0     0x4  startup_stm32f746xx.o [1]
  .text              ro code  0x0800ddf4     0x4  startup_stm32f746xx.o [1]
  .text              ro code  0x0800ddf8     0x4  startup_stm32f746xx.o [1]
  .text              ro code  0x0800ddfc     0x4  startup_stm32f746xx.o [1]
  .text              ro code  0x0800de00     0x4  startup_stm32f746xx.o [1]
  .text              ro code  0x0800de04     0x4  startup_stm32f746xx.o [1]
  .text              ro code  0x0800de08     0x4  startup_stm32f746xx.o [1]
  .text              ro code  0x0800de0c     0x4  startup_stm32f746xx.o [1]
  .text              ro code  0x0800de10     0x4  startup_stm32f746xx.o [1]
  .text              ro code  0x0800de14     0x4  startup_stm32f746xx.o [1]
  .text              ro code  0x0800de18     0x4  startup_stm32f746xx.o [1]
  .text              ro code  0x0800de1c     0x4  startup_stm32f746xx.o [1]
  .text              ro code  0x0800de20     0x4  startup_stm32f746xx.o [1]
  .text              ro code  0x0800de24     0x4  startup_stm32f746xx.o [1]
  .text              ro code  0x0800de28     0x4  startup_stm32f746xx.o [1]
  .text              ro code  0x0800de2c     0x4  startup_stm32f746xx.o [1]
  .text              ro code  0x0800de30     0x4  startup_stm32f746xx.o [1]
  .text              ro code  0x0800de34     0x4  startup_stm32f746xx.o [1]
  .text              ro code  0x0800de38     0x4  startup_stm32f746xx.o [1]
  .text              ro code  0x0800de3c     0x4  startup_stm32f746xx.o [1]
  .text              ro code  0x0800de40     0x4  startup_stm32f746xx.o [1]
  .text              ro code  0x0800de44     0x4  startup_stm32f746xx.o [1]
  .text              ro code  0x0800de48     0x4  startup_stm32f746xx.o [1]
  .text              ro code  0x0800de4c     0x4  startup_stm32f746xx.o [1]
  .text              ro code  0x0800de50     0x4  startup_stm32f746xx.o [1]
  .text              ro code  0x0800de54     0x4  startup_stm32f746xx.o [1]
  .text              ro code  0x0800de58     0x4  startup_stm32f746xx.o [1]
  .text              ro code  0x0800de5c     0x4  startup_stm32f746xx.o [1]
  .text              ro code  0x0800de60     0x4  startup_stm32f746xx.o [1]
  .text              ro code  0x0800de64     0x4  startup_stm32f746xx.o [1]
  .text              ro code  0x0800de68     0x4  startup_stm32f746xx.o [1]
  .text              ro code  0x0800de6c     0x4  startup_stm32f746xx.o [1]
  .text              ro code  0x0800de70     0x4  startup_stm32f746xx.o [1]
  .text              ro code  0x0800de74     0x4  startup_stm32f746xx.o [1]
  .text              ro code  0x0800de78     0x4  startup_stm32f746xx.o [1]
  .text              ro code  0x0800de7c     0x4  startup_stm32f746xx.o [1]
  .text              ro code  0x0800de80     0x4  startup_stm32f746xx.o [1]
  .text              ro code  0x0800de84     0x4  startup_stm32f746xx.o [1]
  .text              ro code  0x0800de88     0x4  startup_stm32f746xx.o [1]
  .text              ro code  0x0800de8c     0x4  startup_stm32f746xx.o [1]
  .text              ro code  0x0800de90     0x4  startup_stm32f746xx.o [1]
  .text              ro code  0x0800de94     0x4  startup_stm32f746xx.o [1]
  .text              ro code  0x0800de98     0x4  startup_stm32f746xx.o [1]
  .text              ro code  0x0800de9c     0x4  startup_stm32f746xx.o [1]
  .text              ro code  0x0800dea0     0x4  startup_stm32f746xx.o [1]
  .text              ro code  0x0800dea4     0x4  startup_stm32f746xx.o [1]
  .text              ro code  0x0800dea8     0x4  startup_stm32f746xx.o [1]
  .text              ro code  0x0800deac     0x4  startup_stm32f746xx.o [1]
  .text              ro code  0x0800deb0     0x4  startup_stm32f746xx.o [1]
  .text              ro code  0x0800deb4     0x4  startup_stm32f746xx.o [1]
  .text              ro code  0x0800deb8     0x4  startup_stm32f746xx.o [1]
  .text              ro code  0x0800debc     0x4  startup_stm32f746xx.o [1]
  .text              ro code  0x0800dec0     0x4  startup_stm32f746xx.o [1]
  .text              ro code  0x0800dec4     0x4  startup_stm32f746xx.o [1]
  .text              ro code  0x0800dec8     0x4  startup_stm32f746xx.o [1]
  .text              ro code  0x0800decc     0x4  startup_stm32f746xx.o [1]
  .text              ro code  0x0800ded0     0x4  startup_stm32f746xx.o [1]
  .text              ro code  0x0800ded4     0x4  startup_stm32f746xx.o [1]
  .text              ro code  0x0800ded8     0x4  startup_stm32f746xx.o [1]
  .text              ro code  0x0800dedc     0x4  startup_stm32f746xx.o [1]
  .text              ro code  0x0800dee0     0x4  startup_stm32f746xx.o [1]
  .text              ro code  0x0800dee4     0x4  startup_stm32f746xx.o [1]
  .text              ro code  0x0800dee8     0x4  startup_stm32f746xx.o [1]
  .text              ro code  0x0800deec     0x4  startup_stm32f746xx.o [1]
  .text              ro code  0x0800def0     0x4  startup_stm32f746xx.o [1]
  .text              ro code  0x0800def4     0x4  startup_stm32f746xx.o [1]
  .text              ro code  0x0800def8     0x4  startup_stm32f746xx.o [1]
  .text              ro code  0x0800defc     0x4  startup_stm32f746xx.o [1]
  .text              ro code  0x0800df00     0x4  startup_stm32f746xx.o [1]
  .text              ro code  0x0800df04     0x4  startup_stm32f746xx.o [1]
  .text              ro code  0x0800df08     0x4  startup_stm32f746xx.o [1]
  .text              ro code  0x0800df0c     0x4  startup_stm32f746xx.o [1]
  .text              ro code  0x0800df10     0x4  startup_stm32f746xx.o [1]
  .text              ro code  0x0800df14     0x4  startup_stm32f746xx.o [1]
  .text              ro code  0x0800df18     0x4  startup_stm32f746xx.o [1]
  .text              ro code  0x0800df1c     0x4  startup_stm32f746xx.o [1]
  .text              ro code  0x0800df20     0x4  startup_stm32f746xx.o [1]
  .text              ro code  0x0800df24     0x4  startup_stm32f746xx.o [1]
  .rodata            const    0x0800df28     0x0  copy_init3.o [5]
  Initializer bytes  const    0x0800df28    0x24  <for P2 s0>
                            - 0x0800df4c  0xdd84

"P2":                                     0x1028
  P2 s0                       0x20010000    0x24  <Init block>
    .data            inited   0x20010000    0x24  Exp14_4_organ(1).o [1]
  CSTACK                      0x20010028  0x1000  <Block>
    CSTACK           uninit   0x20010028  0x1000  <Block tail>
                            - 0x20011028  0x1028


*******************************************************************************
*** INIT TABLE
***

          Address     Size
          -------     ----
Copy (__iar_copy_init3)
    1 source range, total size 0x24:
          0x0800df28  0x24
    1 destination range, total size 0x24:
          0x20010000  0x24



*******************************************************************************
*** MODULE SUMMARY
***

    Module                 ro code  ro data  rw data
    ------                 -------  -------  -------
E:\fw\STM32F746VET6\Output\Obj: [1]
    Exp14_4_organ(1).o      31 012   23 076       36
    startup_stm32f746xx.o      892
    ------------------------------------------------
    Total:                  31 904   23 076       36

command line: [2]
    ------------------------------------------------
    Total:

dl7M_tln.a: [3]
    exit.o                       4
    low_level_init.o             4
    ------------------------------------------------
    Total:                       8

m7M_tls.a: [4]
    DblAdd.o                   232
    DblDiv.o                   598
    DblMul.o                   418
    DblSub.o                   364
    DblToI32.o                  88
    FltToDbl.o                  78
    fpinit_M.o                  34
    ------------------------------------------------
    Total:                   1 812

rt7M_tl.a: [5]
    ABImemclr4.o                 6
    ABImemcpy_unaligned.o      118
    ABImemset48.o               50
    cexit.o                     10
    cmain.o                     26
    copy_init3.o                44
    cstartup_M.o                12
    data_init.o                 40
    ------------------------------------------------
    Total:                     306

shb_l.a: [6]
    exit.o                      20
    ------------------------------------------------
    Total:                      20

    Gaps                        16        2
    Linker created                       20    4 096
----------------------------------------------------
    Grand Total:            34 066   23 098    4 132


*******************************************************************************
*** ENTRY LIST
***

Entry                      Address    Size  Type      Object
-----                      -------    ----  ----      ------
.iar.init_table$$Base   0x0800dd10           --   Gb  - Linker created -
.iar.init_table$$Limit  0x0800dd24           --   Gb  - Linker created -
?main                   0x0800dd25          Code  Gb  cmain.o [5]
Beep                    0x080005cf    0x1a  Code  Gb  Exp14_4_organ(1).o [1]
Beep_3times             0x080005e9    0x1c  Code  Gb  Exp14_4_organ(1).o [1]
Block                   0x08005b07    0x82  Code  Gb  Exp14_4_organ(1).o [1]
CSTACK$$Base            0x20010028           --   Gb  - Linker created -
CSTACK$$Limit           0x20011028           --   Gb  - Linker created -
Check_organ             0x08006199   0x52e  Code  Gb  Exp14_4_organ(1).o [1]
Delay_ms                0x080005b7    0x18  Code  Gb  Exp14_4_organ(1).o [1]
Delay_us                0x080003fd   0x1ba  Code  Gb  Exp14_4_organ(1).o [1]
Draw_down               0x080060a5     0xc  Code  Gb  Exp14_4_organ(1).o [1]
Draw_left               0x08006055     0xc  Code  Gb  Exp14_4_organ(1).o [1]
Draw_organ              0x08005e0d   0x1c4  Code  Gb  Exp14_4_organ(1).o [1]
Draw_right              0x08006061     0xa  Code  Gb  Exp14_4_organ(1).o [1]
Draw_symbol             0x080060b1    0x48  Code  Gb  Exp14_4_organ(1).o [1]
Draw_up                 0x0800607f     0xc  Code  Gb  Exp14_4_organ(1).o [1]
E_font                  0x080051f0   0x800  Data  Gb  Exp14_4_organ(1).o [1]
Initialize_LCD          0x08000609    0x8e  Code  Gb  Exp14_4_organ(1).o [1]
Initialize_MCU          0x080001cd   0x1da  Code  Gb  Exp14_4_organ(1).o [1]
Initialize_TFT_LCD      0x080006ed   0x27c  Code  Gb  Exp14_4_organ(1).o [1]
Initialize_touch_screen
                        0x08005ba7    0x60  Code  Gb  Exp14_4_organ(1).o [1]
KG_font                 0x0800af98  0x2d00  Data  Gb  Exp14_4_organ(1).o [1]
KM_font                 0x08008298  0x2d00  Data  Gb  Exp14_4_organ(1).o [1]
KP_font                 0x080024c0  0x2d00  Data  Gb  Exp14_4_organ(1).o [1]
KS_Table                0x08000e2c  0x125c  Data  Gb  Exp14_4_organ(1).o [1]
KS_code_conversion      0x08000dc3    0x38  Code  Gb  Exp14_4_organ(1).o [1]
Kfont_type              0x2001000a     0x1  Data  Gb  Exp14_4_organ(1).o [1]
LCD_command             0x08000697     0xc  Code  Gb  Exp14_4_organ(1).o [1]
LCD_data                0x080006a3     0xa  Code  Gb  Exp14_4_organ(1).o [1]
LCD_string              0x080006d3    0x1a  Code  Gb  Exp14_4_organ(1).o [1]
Line                    0x080059fb    0xa4  Code  Gb  Exp14_4_organ(1).o [1]
Play_note               0x08006915   0x454  Code  Gb  Exp14_4_organ(1).o [1]
Play_rest               0x08006db5    0x12  Code  Gb  Exp14_4_organ(1).o [1]
Play_song1              0x08006e95   0x14a  Code  Gb  Exp14_4_organ(1).o [1]
Play_song2              0x08006fdf    0xec  Code  Gb  Exp14_4_organ(1).o [1]
Play_song3              0x080070e9   0x108  Code  Gb  Exp14_4_organ(1).o [1]
Play_song4              0x08007205   0x19c  Code  Gb  Exp14_4_organ(1).o [1]
Play_song5              0x080073dd   0x21e  Code  Gb  Exp14_4_organ(1).o [1]
Play_song6              0x08007613   0x288  Code  Gb  Exp14_4_organ(1).o [1]
Play_song7              0x080078f1   0x1bc  Code  Gb  Exp14_4_organ(1).o [1]
Read_ADS7846            0x08005c07    0x32  Code  Gb  Exp14_4_organ(1).o [1]
Rectangle               0x08005ac1    0x46  Code  Gb  Exp14_4_organ(1).o [1]
Region$$Table$$Base     0x0800dd10           --   Gb  - Linker created -
Region$$Table$$Limit    0x0800dd24           --   Gb  - Linker created -
ScreenMode              0x20010000     0x1  Data  Gb  Exp14_4_organ(1).o [1]
Set_tempo               0x08006ddd    0x60  Code  Gb  Exp14_4_organ(1).o [1]
SysTick_Handler         0x08005d51    0x26  Code  Gb  Exp14_4_organ(1).o [1]
SystemInit              0x080001c9     0x4  Code  Gb  Exp14_4_organ(1).o [1]
TFT_English             0x08000b91   0x22c  Code  Gb  Exp14_4_organ(1).o [1]
TFT_GRAM_address        0x08000a1d    0x52  Code  Gb  Exp14_4_organ(1).o [1]
TFT_Korean              0x08002089   0x38a  Code  Gb  Exp14_4_organ(1).o [1]
TFT_color_screen        0x080009fb    0x22  Code  Gb  Exp14_4_organ(1).o [1]
TFT_command             0x08000989    0x2e  Code  Gb  Exp14_4_organ(1).o [1]
TFT_data                0x080009b9    0x2c  Code  Gb  Exp14_4_organ(1).o [1]
TFT_pixel               0x08000a75    0x5e  Code  Gb  Exp14_4_organ(1).o [1]
TFT_string              0x08000af1    0x38  Code  Gb  Exp14_4_organ(1).o [1]
TFT_write               0x080009eb    0x10  Code  Gb  Exp14_4_organ(1).o [1]
Touch_screen_input      0x08005c47    0xf8  Code  Gb  Exp14_4_organ(1).o [1]
Xcharacter              0x20010003     0x1  Data  Gb  Exp14_4_organ(1).o [1]
XcharacterLimit         0x20010001     0x1  Data  Gb  Exp14_4_organ(1).o [1]
Xcursor                 0x20010005     0x1  Data  Gb  Exp14_4_organ(1).o [1]
Ycharacter              0x20010004     0x1  Data  Gb  Exp14_4_organ(1).o [1]
YcharacterLimit         0x20010002     0x1  Data  Gb  Exp14_4_organ(1).o [1]
Ycursor                 0x20010006     0x1  Data  Gb  Exp14_4_organ(1).o [1]
__aeabi_d2iz            0x08008051          Code  Gb  DblToI32.o [4]
__aeabi_d2uiz           0x0800807d          Code  Gb  DblToI32.o [4]
__aeabi_dadd            0x08007b6d          Code  Gb  DblAdd.o [4]
__aeabi_ddiv            0x08007df9          Code  Gb  DblDiv.o [4]
__aeabi_dmul            0x08007c55          Code  Gb  DblMul.o [4]
__aeabi_f2d             0x080080a9          Code  Gb  FltToDbl.o [4]
__aeabi_memclr4         0x08007aed          Code  Gb  ABImemclr4.o [5]
__cmain                 0x0800dd25          Code  Gb  cmain.o [5]
__exit                  0x0800dd55    0x14  Code  Gb  exit.o [6]
__iar_Memset4_word      0x080080f9          Code  Gb  ABImemset48.o [5]
__iar_Memset8_word      0x080080f9          Code  Gb  ABImemset48.o [5]
__iar_copy_init3        0x0800dc99    0x2c  Code  Gb  copy_init3.o [5]
__iar_d2uiz             0x08008089          Code  Gb  DblToI32.o [4]
__iar_dadd              0x08007b81          Code  Gb  DblAdd.o [4]
__iar_data_init3        0x0800dcc5    0x28  Code  Gb  data_init.o [5]
__iar_dsub              0x0800812d          Code  Gb  DblSub.o [4]
__iar_dsubStart         0x0800813f          Code  Gb  DblSub.o [4]
__iar_init_vfp          0x0800dced          Code  Gb  fpinit_M.o [4]
__iar_program_start     0x0800dd79          Code  Gb  cstartup_M.o [5]
__iar_unaligned___aeabi_memcpy
                        0x08007af5          Code  Gb  ABImemcpy_unaligned.o [5]
__iar_unaligned___aeabi_memcpy4
                        0x08007b15          Code  Gb  ABImemcpy_unaligned.o [5]
__iar_unaligned___aeabi_memcpy8
                        0x08007b15          Code  Gb  ABImemcpy_unaligned.o [5]
__low_level_init        0x0800dd3f     0x4  Code  Gb  low_level_init.o [3]
__vector_table          0x08000000          Data  Gb  startup_stm32f746xx.o [1]
_call_main              0x0800dd31          Code  Gb  cmain.o [5]
_exit                   0x0800dd49          Code  Gb  cexit.o [5]
_main                   0x0800dd3b          Code  Gb  cmain.o [5]
background              0x2001001a     0x2  Data  Gb  Exp14_4_organ(1).o [1]
bul_cho1                0x08002478    0x18  Data  Gb  Exp14_4_organ(1).o [1]
bul_cho2                0x080024a8    0x18  Data  Gb  Exp14_4_organ(1).o [1]
bul_jong                0x08002490    0x18  Data  Gb  Exp14_4_organ(1).o [1]
cursor                  0x20010012     0x2  Data  Gb  Exp14_4_organ(1).o [1]
cursor_flag             0x20010007     0x1  Data  Gb  Exp14_4_organ(1).o [1]
exit                    0x0800dd43     0x4  Code  Gb  exit.o [3]
foreground              0x20010018     0x2  Data  Gb  Exp14_4_organ(1).o [1]
icon_flag               0x20010010     0x1  Data  Gb  Exp14_4_organ(1).o [1]
main                    0x08005d79    0x6c  Code  Gb  Exp14_4_organ(1).o [1]
organ_key               0x2001000d     0x1  Data  Gb  Exp14_4_organ(1).o [1]
outline                 0x20010016     0x2  Data  Gb  Exp14_4_organ(1).o [1]
outline_flag            0x20010009     0x1  Data  Gb  Exp14_4_organ(1).o [1]
song                    0x2001000b     0x1  Data  Gb  Exp14_4_organ(1).o [1]
symbol                  0x080060f8    0xa0  Data  Gb  Exp14_4_organ(1).o [1]
table_cho               0x08002420    0x18  Data  Gb  Exp14_4_organ(1).o [1]
table_jong              0x08002458    0x20  Data  Gb  Exp14_4_organ(1).o [1]
table_joong             0x08002438    0x20  Data  Gb  Exp14_4_organ(1).o [1]
tempo                   0x2001000c     0x1  Data  Gb  Exp14_4_organ(1).o [1]
toggle_flag             0x2001000f     0x1  Data  Gb  Exp14_4_organ(1).o [1]
underscore              0x20010014     0x2  Data  Gb  Exp14_4_organ(1).o [1]
underscore_flag         0x20010008     0x1  Data  Gb  Exp14_4_organ(1).o [1]
volume                  0x2001000e     0x1  Data  Gb  Exp14_4_organ(1).o [1]
x_12bit                 0x2001001c     0x2  Data  Gb  Exp14_4_organ(1).o [1]
x_touch                 0x20010020     0x2  Data  Gb  Exp14_4_organ(1).o [1]
y_12bit                 0x2001001e     0x2  Data  Gb  Exp14_4_organ(1).o [1]
y_touch                 0x20010022     0x2  Data  Gb  Exp14_4_organ(1).o [1]


[1] = E:\fw\STM32F746VET6\Output\Obj
[2] = command line
[3] = dl7M_tln.a
[4] = m7M_tls.a
[5] = rt7M_tl.a
[6] = shb_l.a

  34 066 bytes of readonly  code memory
  23 098 bytes of readonly  data memory
   4 132 bytes of readwrite data memory

Errors: none
Warnings: none
