Archive member included because of file (symbol)

c:/winavr/bin/../lib/gcc/avr/4.3.0/avr51\libgcc.a(_exit.o)
                              c:/winavr/bin/../lib/gcc/avr/4.3.0/../../../../avr/lib/avr51/crtm128.o (exit)
c:/winavr/bin/../lib/gcc/avr/4.3.0/avr51\libgcc.a(_clear_bss.o)
                              TESTUART.o (__do_clear_bss)

Allocating common symbols
Common symbol       size              file

howmuch             0x2               TESTUART.o

Memory Configuration

Name             Origin             Length             Attributes
text             0x00000000         0x00020000         xr
data             0x00800060         0x0000ffa0         rw !x
eeprom           0x00810000         0x00010000         rw !x
fuse             0x00820000         0x00000400         rw !x
lock             0x00830000         0x00000400         rw !x
signature        0x00840000         0x00000400         rw !x
*default*        0x00000000         0xffffffff

Linker script and memory map

Address of section .data set to 0x800100
LOAD c:/winavr/bin/../lib/gcc/avr/4.3.0/../../../../avr/lib/avr51/crtm128.o
LOAD TESTUART.o
LOAD c:/winavr/bin/../lib/gcc/avr/4.3.0/../../../../avr/lib/avr51\libm.a
LOAD c:/winavr/bin/../lib/gcc/avr/4.3.0/avr51\libgcc.a
LOAD c:/winavr/bin/../lib/gcc/avr/4.3.0/../../../../avr/lib/avr51\libc.a
LOAD c:/winavr/bin/../lib/gcc/avr/4.3.0/avr51\libgcc.a

.hash
 *(.hash)

.dynsym
 *(.dynsym)

.dynstr
 *(.dynstr)

.gnu.version
 *(.gnu.version)

.gnu.version_d
 *(.gnu.version_d)

.gnu.version_r
 *(.gnu.version_r)

.rel.init
 *(.rel.init)

.rela.init
 *(.rela.init)

.rel.text
 *(.rel.text)
 *(.rel.text.*)
 *(.rel.gnu.linkonce.t*)

.rela.text
 *(.rela.text)
 *(.rela.text.*)
 *(.rela.gnu.linkonce.t*)

.rel.fini
 *(.rel.fini)

.rela.fini
 *(.rela.fini)

.rel.rodata
 *(.rel.rodata)
 *(.rel.rodata.*)
 *(.rel.gnu.linkonce.r*)

.rela.rodata
 *(.rela.rodata)
 *(.rela.rodata.*)
 *(.rela.gnu.linkonce.r*)

.rel.data
 *(.rel.data)
 *(.rel.data.*)
 *(.rel.gnu.linkonce.d*)

.rela.data
 *(.rela.data)
 *(.rela.data.*)
 *(.rela.gnu.linkonce.d*)

.rel.ctors
 *(.rel.ctors)

.rela.ctors
 *(.rela.ctors)

.rel.dtors
 *(.rel.dtors)

.rela.dtors
 *(.rela.dtors)

.rel.got
 *(.rel.got)

.rela.got
 *(.rela.got)

.rel.bss
 *(.rel.bss)

.rela.bss
 *(.rela.bss)

.rel.plt
 *(.rel.plt)

.rela.plt
 *(.rela.plt)

.text           0x00000000      0x298
 *(.vectors)
 .vectors       0x00000000       0x8c c:/winavr/bin/../lib/gcc/avr/4.3.0/../../../../avr/lib/avr51/crtm128.o
                0x00000000                __vectors
                0x00000000                __vector_default
 *(.vectors)
 *(.progmem.gcc*)
 *(.progmem*)
                0x0000008c                . = ALIGN (0x2)
                0x0000008c                __trampolines_start = .
 *(.trampolines)
 .trampolines   0x0000008c        0x0 linker stubs
 *(.trampolines*)
                0x0000008c                __trampolines_end = .
 *(.jumptables)
 *(.jumptables*)
 *(.lowtext)
 *(.lowtext*)
                0x0000008c                __ctors_start = .
 *(.ctors)
                0x0000008c                __ctors_end = .
                0x0000008c                __dtors_start = .
 *(.dtors)
                0x0000008c                __dtors_end = .
 SORT(*)(.ctors)
 SORT(*)(.dtors)
 *(.init0)
 .init0         0x0000008c        0x0 c:/winavr/bin/../lib/gcc/avr/4.3.0/../../../../avr/lib/avr51/crtm128.o
                0x0000008c                __init
 *(.init0)
 *(.init1)
 *(.init1)
 *(.init2)
 .init2         0x0000008c        0xc c:/winavr/bin/../lib/gcc/avr/4.3.0/../../../../avr/lib/avr51/crtm128.o
 *(.init2)
 *(.init3)
 *(.init3)
 *(.init4)
 .init4         0x00000098       0x1a c:/winavr/bin/../lib/gcc/avr/4.3.0/../../../../avr/lib/avr51/crtm128.o
                0x00000098                __do_copy_data
 .init4         0x000000b2       0x10 c:/winavr/bin/../lib/gcc/avr/4.3.0/avr51\libgcc.a(_clear_bss.o)
                0x000000b2                __do_clear_bss
 *(.init4)
 *(.init5)
 *(.init5)
 *(.init6)
 *(.init6)
 *(.init7)
 *(.init7)
 *(.init8)
 *(.init8)
 *(.init9)
 .init9         0x000000c2        0x8 c:/winavr/bin/../lib/gcc/avr/4.3.0/../../../../avr/lib/avr51/crtm128.o
 *(.init9)
 *(.text)
 .text          0x000000ca        0x4 c:/winavr/bin/../lib/gcc/avr/4.3.0/../../../../avr/lib/avr51/crtm128.o
                0x000000ca                __vector_22
                0x000000ca                __vector_28
                0x000000ca                __vector_1
                0x000000ca                __vector_32
                0x000000ca                __vector_34
                0x000000ca                __vector_24
                0x000000ca                __vector_12
                0x000000ca                __bad_interrupt
                0x000000ca                __vector_6
                0x000000ca                __vector_31
                0x000000ca                __vector_3
                0x000000ca                __vector_23
                0x000000ca                __vector_30
                0x000000ca                __vector_25
                0x000000ca                __vector_11
                0x000000ca                __vector_13
                0x000000ca                __vector_17
                0x000000ca                __vector_19
                0x000000ca                __vector_7
                0x000000ca                __vector_27
                0x000000ca                __vector_5
                0x000000ca                __vector_33
                0x000000ca                __vector_4
                0x000000ca                __vector_9
                0x000000ca                __vector_2
                0x000000ca                __vector_21
                0x000000ca                __vector_15
                0x000000ca                __vector_29
                0x000000ca                __vector_8
                0x000000ca                __vector_26
                0x000000ca                __vector_14
                0x000000ca                __vector_10
                0x000000ca                __vector_18
                0x000000ca                __vector_20
 .text          0x000000ce      0x1c6 TESTUART.o
                0x0000013e                port_init
                0x00000126                tx0Char
                0x00000182                uart1_init
                0x000001e6                delays
                0x000001b4                init_devices
                0x0000016a                uart0_init
                0x0000023e                main
                0x000001a2                timer0_init
                0x0000012e                tx1Char
                0x000000ce                __vector_16
 .text          0x00000294        0x0 c:/winavr/bin/../lib/gcc/avr/4.3.0/avr51\libgcc.a(_exit.o)
 .text          0x00000294        0x0 c:/winavr/bin/../lib/gcc/avr/4.3.0/avr51\libgcc.a(_clear_bss.o)
                0x00000294                . = ALIGN (0x2)
 *(.text.*)
 .text.libgcc   0x00000294        0x0 c:/winavr/bin/../lib/gcc/avr/4.3.0/avr51\libgcc.a(_exit.o)
 .text.libgcc   0x00000294        0x0 c:/winavr/bin/../lib/gcc/avr/4.3.0/avr51\libgcc.a(_clear_bss.o)
                0x00000294                . = ALIGN (0x2)
 *(.fini9)
 .fini9         0x00000294        0x0 c:/winavr/bin/../lib/gcc/avr/4.3.0/avr51\libgcc.a(_exit.o)
                0x00000294                exit
                0x00000294                _exit
 *(.fini9)
 *(.fini8)
 *(.fini8)
 *(.fini7)
 *(.fini7)
 *(.fini6)
 *(.fini6)
 *(.fini5)
 *(.fini5)
 *(.fini4)
 *(.fini4)
 *(.fini3)
 *(.fini3)
 *(.fini2)
 *(.fini2)
 *(.fini1)
 *(.fini1)
 *(.fini0)
 .fini0         0x00000294        0x4 c:/winavr/bin/../lib/gcc/avr/4.3.0/avr51\libgcc.a(_exit.o)
 *(.fini0)
                0x00000298                _etext = .

.data           0x00800100        0x0 load address 0x00000298
                0x00800100                PROVIDE (__data_start, .)
 *(.data)
 .data          0x00800100        0x0 c:/winavr/bin/../lib/gcc/avr/4.3.0/../../../../avr/lib/avr51/crtm128.o
 .data          0x00800100        0x0 TESTUART.o
 .data          0x00800100        0x0 c:/winavr/bin/../lib/gcc/avr/4.3.0/avr51\libgcc.a(_exit.o)
 .data          0x00800100        0x0 c:/winavr/bin/../lib/gcc/avr/4.3.0/avr51\libgcc.a(_clear_bss.o)
 *(.data*)
 *(.rodata)
 *(.rodata*)
 *(.gnu.linkonce.d*)
                0x00800100                . = ALIGN (0x2)
                0x00800100                _edata = .
                0x00800100                PROVIDE (__data_end, .)

.bss            0x00800100        0x2 load address 0x00000298
                0x00800100                PROVIDE (__bss_start, .)
 *(.bss)
 .bss           0x00800100        0x0 c:/winavr/bin/../lib/gcc/avr/4.3.0/../../../../avr/lib/avr51/crtm128.o
 .bss           0x00800100        0x0 TESTUART.o
 .bss           0x00800100        0x0 c:/winavr/bin/../lib/gcc/avr/4.3.0/avr51\libgcc.a(_exit.o)
 .bss           0x00800100        0x0 c:/winavr/bin/../lib/gcc/avr/4.3.0/avr51\libgcc.a(_clear_bss.o)
 *(.bss*)
 *(COMMON)
 COMMON         0x00800100        0x2 TESTUART.o
                0x00800100                howmuch
                0x00800102                PROVIDE (__bss_end, .)
                0x00000298                __data_load_start = LOADADDR (.data)
                0x00000298                __data_load_end = (__data_load_start + SIZEOF (.data))

.noinit         0x00800102        0x0
                0x00800102                PROVIDE (__noinit_start, .)
 *(.noinit*)
                0x00800102                PROVIDE (__noinit_end, .)
                0x00800102                _end = .
                0x00800102                PROVIDE (__heap_start, .)

.eeprom         0x00810000        0x0
 *(.eeprom*)
                0x00810000                __eeprom_end = .

.fuse
 *(.fuse)
 *(.lfuse)
 *(.hfuse)
 *(.efuse)

.lock
 *(.lock*)

.signature
 *(.signature*)

.stab
 *(.stab)

.stabstr
 *(.stabstr)

.stab.excl
 *(.stab.excl)

.stab.exclstr
 *(.stab.exclstr)

.stab.index
 *(.stab.index)

.stab.indexstr
 *(.stab.indexstr)

.comment
 *(.comment)

.debug
 *(.debug)

.line
 *(.line)

.debug_srcinfo
 *(.debug_srcinfo)

.debug_sfnames
 *(.debug_sfnames)

.debug_aranges  0x00000000       0x20
 *(.debug_aranges)
 .debug_aranges
                0x00000000       0x20 TESTUART.o

.debug_pubnames
                0x00000000       0xa7
 *(.debug_pubnames)
 .debug_pubnames
                0x00000000       0xa7 TESTUART.o

.debug_info     0x00000000      0x20e
 *(.debug_info)
 .debug_info    0x00000000      0x20e TESTUART.o
 *(.gnu.linkonce.wi.*)

.debug_abbrev   0x00000000      0x13f
 *(.debug_abbrev)
 .debug_abbrev  0x00000000      0x13f TESTUART.o

.debug_line     0x00000000      0x303
 *(.debug_line)
 .debug_line    0x00000000      0x303 TESTUART.o

.debug_frame    0x00000000       0xb0
 *(.debug_frame)
 .debug_frame   0x00000000       0xb0 TESTUART.o

.debug_str      0x00000000       0xf6
 *(.debug_str)
 .debug_str     0x00000000       0xf6 TESTUART.o
                                0x12f (size before relaxing)

.debug_loc      0x00000000       0x46
 *(.debug_loc)
 .debug_loc     0x00000000       0x46 TESTUART.o

.debug_macinfo
 *(.debug_macinfo)
OUTPUT(TESTUART.elf elf32-avr)
LOAD linker stubs

Cross Reference Table

Symbol                                            File
__bad_interrupt                                   c:/winavr/bin/../lib/gcc/avr/4.3.0/../../../../avr/lib/avr51/crtm128.o
__bss_end                                         c:/winavr/bin/../lib/gcc/avr/4.3.0/avr51\libgcc.a(_clear_bss.o)
__bss_start                                       c:/winavr/bin/../lib/gcc/avr/4.3.0/avr51\libgcc.a(_clear_bss.o)
__data_end                                        c:/winavr/bin/../lib/gcc/avr/4.3.0/../../../../avr/lib/avr51/crtm128.o
__data_load_start                                 c:/winavr/bin/../lib/gcc/avr/4.3.0/../../../../avr/lib/avr51/crtm128.o
__data_start                                      c:/winavr/bin/../lib/gcc/avr/4.3.0/../../../../avr/lib/avr51/crtm128.o
__do_clear_bss                                    c:/winavr/bin/../lib/gcc/avr/4.3.0/avr51\libgcc.a(_clear_bss.o)
                                                  TESTUART.o
__do_copy_data                                    c:/winavr/bin/../lib/gcc/avr/4.3.0/../../../../avr/lib/avr51/crtm128.o
                                                  TESTUART.o
__heap_end                                        c:/winavr/bin/../lib/gcc/avr/4.3.0/../../../../avr/lib/avr51/crtm128.o
__init                                            c:/winavr/bin/../lib/gcc/avr/4.3.0/../../../../avr/lib/avr51/crtm128.o
__stack                                           c:/winavr/bin/../lib/gcc/avr/4.3.0/../../../../avr/lib/avr51/crtm128.o
__vector_1                                        c:/winavr/bin/../lib/gcc/avr/4.3.0/../../../../avr/lib/avr51/crtm128.o
__vector_10                                       c:/winavr/bin/../lib/gcc/avr/4.3.0/../../../../avr/lib/avr51/crtm128.o
__vector_11                                       c:/winavr/bin/../lib/gcc/avr/4.3.0/../../../../avr/lib/avr51/crtm128.o
__vector_12                                       c:/winavr/bin/../lib/gcc/avr/4.3.0/../../../../avr/lib/avr51/crtm128.o
__vector_13                                       c:/winavr/bin/../lib/gcc/avr/4.3.0/../../../../avr/lib/avr51/crtm128.o
__vector_14                                       c:/winavr/bin/../lib/gcc/avr/4.3.0/../../../../avr/lib/avr51/crtm128.o
__vector_15                                       c:/winavr/bin/../lib/gcc/avr/4.3.0/../../../../avr/lib/avr51/crtm128.o
__vector_16                                       TESTUART.o
                                                  c:/winavr/bin/../lib/gcc/avr/4.3.0/../../../../avr/lib/avr51/crtm128.o
__vector_17                                       c:/winavr/bin/../lib/gcc/avr/4.3.0/../../../../avr/lib/avr51/crtm128.o
__vector_18                                       c:/winavr/bin/../lib/gcc/avr/4.3.0/../../../../avr/lib/avr51/crtm128.o
__vector_19                                       c:/winavr/bin/../lib/gcc/avr/4.3.0/../../../../avr/lib/avr51/crtm128.o
__vector_2                                        c:/winavr/bin/../lib/gcc/avr/4.3.0/../../../../avr/lib/avr51/crtm128.o
__vector_20                                       c:/winavr/bin/../lib/gcc/avr/4.3.0/../../../../avr/lib/avr51/crtm128.o
__vector_21                                       c:/winavr/bin/../lib/gcc/avr/4.3.0/../../../../avr/lib/avr51/crtm128.o
__vector_22                                       c:/winavr/bin/../lib/gcc/avr/4.3.0/../../../../avr/lib/avr51/crtm128.o
__vector_23                                       c:/winavr/bin/../lib/gcc/avr/4.3.0/../../../../avr/lib/avr51/crtm128.o
__vector_24                                       c:/winavr/bin/../lib/gcc/avr/4.3.0/../../../../avr/lib/avr51/crtm128.o
__vector_25                                       c:/winavr/bin/../lib/gcc/avr/4.3.0/../../../../avr/lib/avr51/crtm128.o
__vector_26                                       c:/winavr/bin/../lib/gcc/avr/4.3.0/../../../../avr/lib/avr51/crtm128.o
__vector_27                                       c:/winavr/bin/../lib/gcc/avr/4.3.0/../../../../avr/lib/avr51/crtm128.o
__vector_28                                       c:/winavr/bin/../lib/gcc/avr/4.3.0/../../../../avr/lib/avr51/crtm128.o
__vector_29                                       c:/winavr/bin/../lib/gcc/avr/4.3.0/../../../../avr/lib/avr51/crtm128.o
__vector_3                                        c:/winavr/bin/../lib/gcc/avr/4.3.0/../../../../avr/lib/avr51/crtm128.o
__vector_30                                       c:/winavr/bin/../lib/gcc/avr/4.3.0/../../../../avr/lib/avr51/crtm128.o
__vector_31                                       c:/winavr/bin/../lib/gcc/avr/4.3.0/../../../../avr/lib/avr51/crtm128.o
__vector_32                                       c:/winavr/bin/../lib/gcc/avr/4.3.0/../../../../avr/lib/avr51/crtm128.o
__vector_33                                       c:/winavr/bin/../lib/gcc/avr/4.3.0/../../../../avr/lib/avr51/crtm128.o
__vector_34                                       c:/winavr/bin/../lib/gcc/avr/4.3.0/../../../../avr/lib/avr51/crtm128.o
__vector_4                                        c:/winavr/bin/../lib/gcc/avr/4.3.0/../../../../avr/lib/avr51/crtm128.o
__vector_5                                        c:/winavr/bin/../lib/gcc/avr/4.3.0/../../../../avr/lib/avr51/crtm128.o
__vector_6                                        c:/winavr/bin/../lib/gcc/avr/4.3.0/../../../../avr/lib/avr51/crtm128.o
__vector_7                                        c:/winavr/bin/../lib/gcc/avr/4.3.0/../../../../avr/lib/avr51/crtm128.o
__vector_8                                        c:/winavr/bin/../lib/gcc/avr/4.3.0/../../../../avr/lib/avr51/crtm128.o
__vector_9                                        c:/winavr/bin/../lib/gcc/avr/4.3.0/../../../../avr/lib/avr51/crtm128.o
__vector_default                                  c:/winavr/bin/../lib/gcc/avr/4.3.0/../../../../avr/lib/avr51/crtm128.o
__vectors                                         c:/winavr/bin/../lib/gcc/avr/4.3.0/../../../../avr/lib/avr51/crtm128.o
_exit                                             c:/winavr/bin/../lib/gcc/avr/4.3.0/avr51\libgcc.a(_exit.o)
delays                                            TESTUART.o
exit                                              c:/winavr/bin/../lib/gcc/avr/4.3.0/avr51\libgcc.a(_exit.o)
                                                  c:/winavr/bin/../lib/gcc/avr/4.3.0/../../../../avr/lib/avr51/crtm128.o
howmuch                                           TESTUART.o
init_devices                                      TESTUART.o
main                                              TESTUART.o
                                                  c:/winavr/bin/../lib/gcc/avr/4.3.0/../../../../avr/lib/avr51/crtm128.o
port_init                                         TESTUART.o
timer0_init                                       TESTUART.o
tx0Char                                           TESTUART.o
tx1Char                                           TESTUART.o
uart0_init                                        TESTUART.o
uart1_init                                        TESTUART.o
