ARM Linker, 4.1 [Build 894] [Standard][RL-ARM]

==============================================================================

Section Cross References

    main.o(i.main) refers to system_stm32f4xx.o(i.SystemInit) for SystemInit
    main.o(i.main) refers to led.o(i.LED_GPIO_Conf) for LED_GPIO_Conf
    main.o(i.main) refers to delay.o(i.SysTick_Init) for SysTick_Init
    main.o(i.main) refers to usart.o(i.USART1_Conf) for USART1_Conf
    main.o(i.main) refers to lcd.o(i.LCD_Init) for LCD_Init
    main.o(i.main) refers to sdcard.o(i.SD_Init) for SD_Init
    main.o(i.main) refers to delay.o(i.delay_nms) for delay_nms
    main.o(i.main) refers to printf1.o(i.__0printf$1) for __2printf
    main.o(i.main) refers to lcd.o(i.LCD_Clear) for LCD_Clear
    main.o(i.main) refers to lcd.o(i.LCD_SetColors) for LCD_SetColors
    main.o(i.main) refers to lcd.o(i.LCD_DrawString) for LCD_DrawString
    main.o(i.main) refers to lcd.o(i.LCD_DrawNum) for LCD_DrawNum
    main.o(i.main) refers to ff.o(i.f_mount) for f_mount
    main.o(i.main) refers to ff.o(i.f_opendir) for f_opendir
    main.o(i.main) refers to ff.o(i.f_readdir) for f_readdir
    main.o(i.main) refers to sdcard.o(.bss) for SDCardInfo
    main.o(.data) refers to main.o(.constdata) for ASCII16x24_Table
    stm32f4xx_it.o(i.DMA2_Stream3_IRQHandler) refers to sdcard.o(i.SD_ProcessDMAIRQ) for SD_ProcessDMAIRQ
    stm32f4xx_it.o(i.SDIO_IRQHandler) refers to sdcard.o(i.SD_ProcessIRQSrc) for SD_ProcessIRQSrc
    stm32f4xx_it.o(i.SysTick_Handler) refers to delay.o(i.TimeTick_Decrement) for TimeTick_Decrement
    delay.o(i.SysTick_Init) refers to system_stm32f4xx.o(.data) for SystemCoreClock
    delay.o(i.TimeTick_Decrement) refers to delay.o(.data) for TimingDelay
    delay.o(i.delay_1ms) refers to delay.o(.data) for TimingDelay
    delay.o(i.delay_nms) refers to delay.o(i.delay_1ms) for delay_1ms
    delay.o(i.delay_nus) refers to delay.o(.data) for TimingDelay
    led.o(i.LED_GPIO_Conf) refers to stm32f4xx_rcc.o(i.RCC_AHB1PeriphClockCmd) for RCC_AHB1PeriphClockCmd
    led.o(i.LED_GPIO_Conf) refers to stm32f4xx_gpio.o(i.GPIO_Init) for GPIO_Init
    led.o(i.LED_GPIO_Conf) refers to stm32f4xx_gpio.o(i.GPIO_SetBits) for GPIO_SetBits
    usart.o(i.USART1_Conf) refers to stm32f4xx_rcc.o(i.RCC_AHB1PeriphClockCmd) for RCC_AHB1PeriphClockCmd
    usart.o(i.USART1_Conf) refers to stm32f4xx_rcc.o(i.RCC_APB2PeriphClockCmd) for RCC_APB2PeriphClockCmd
    usart.o(i.USART1_Conf) refers to stm32f4xx_gpio.o(i.GPIO_PinAFConfig) for GPIO_PinAFConfig
    usart.o(i.USART1_Conf) refers to stm32f4xx_gpio.o(i.GPIO_Init) for GPIO_Init
    usart.o(i.USART1_Conf) refers to stm32f4xx_usart.o(i.USART_Init) for USART_Init
    usart.o(i.USART1_Conf) refers to stm32f4xx_usart.o(i.USART_Cmd) for USART_Cmd
    usart.o(i.USART_SendString) refers to stm32f4xx_usart.o(i.USART_SendData) for USART_SendData
    usart.o(i.USART_SendString) refers to stm32f4xx_usart.o(i.USART_GetFlagStatus) for USART_GetFlagStatus
    usart.o(i.fputc) refers to stm32f4xx_usart.o(i.USART_SendData) for USART_SendData
    usart.o(i.fputc) refers to stm32f4xx_usart.o(i.USART_GetFlagStatus) for USART_GetFlagStatus
    lcd.o(i.DrawPixel) refers to lcd.o(i.LCD_DrawHLine) for LCD_DrawHLine
    lcd.o(i.GPIO_AF_FSMC_Config) refers to stm32f4xx_gpio.o(i.GPIO_PinAFConfig) for GPIO_PinAFConfig
    lcd.o(i.LCD_Clear) refers to lcd.o(i.LCD_SetCursor) for LCD_SetCursor
    lcd.o(i.LCD_Clear) refers to lcd.o(i.LCD_WriteRAM_Start) for LCD_WriteRAM_Start
    lcd.o(i.LCD_DisplayChar) refers to lcd.o(i.LCD_DrawChar) for LCD_DrawChar
    lcd.o(i.LCD_DisplayChar) refers to lcd.o(.data) for LCD_Currentfonts
    lcd.o(i.LCD_DisplayOff) refers to lcd.o(i.LCD_WriteReg) for LCD_WriteReg
    lcd.o(i.LCD_DisplayOn) refers to lcd.o(i.LCD_WriteReg) for LCD_WriteReg
    lcd.o(i.LCD_DrawChar) refers to lcd.o(i.LCD_SetCursor) for LCD_SetCursor
    lcd.o(i.LCD_DrawChar) refers to lcd.o(i.LCD_WriteRAM_Start) for LCD_WriteRAM_Start
    lcd.o(i.LCD_DrawChar) refers to lcd.o(i.LCD_WriteRAM) for LCD_WriteRAM
    lcd.o(i.LCD_DrawChar) refers to lcd.o(.data) for LCD_Currentfonts
    lcd.o(i.LCD_DrawCircle) refers to lcd.o(i.LCD_SetCursor) for LCD_SetCursor
    lcd.o(i.LCD_DrawCircle) refers to lcd.o(i.LCD_WriteRAM_Start) for LCD_WriteRAM_Start
    lcd.o(i.LCD_DrawCircle) refers to lcd.o(i.LCD_WriteRAM) for LCD_WriteRAM
    lcd.o(i.LCD_DrawCircle) refers to lcd.o(.data) for TextColor
    lcd.o(i.LCD_DrawHLine) refers to lcd.o(i.LCD_SetCursor) for LCD_SetCursor
    lcd.o(i.LCD_DrawHLine) refers to lcd.o(i.LCD_WriteRAM_Start) for LCD_WriteRAM_Start
    lcd.o(i.LCD_DrawHLine) refers to lcd.o(i.LCD_WriteRAM) for LCD_WriteRAM
    lcd.o(i.LCD_DrawHLine) refers to lcd.o(.data) for TextColor
    lcd.o(i.LCD_DrawMonoPict) refers to lcd.o(i.LCD_SetCursor) for LCD_SetCursor
    lcd.o(i.LCD_DrawMonoPict) refers to lcd.o(i.LCD_WriteRAM_Start) for LCD_WriteRAM_Start
[...]
    printfa.o(i.__0fprintf) refers to usart.o(i.fputc) for fputc
    printfa.o(i.__0printf) refers (Special) to iusefp.o(.text) for __I$use$fp
    printfa.o(i.__0printf) refers to printfa.o(i._printf_core) for _printf_core
    printfa.o(i.__0printf) refers to usart.o(i.fputc) for fputc
    printfa.o(i.__0printf) refers to stdout.o(.data) for __stdout
    printfa.o(i.__0snprintf) refers (Special) to iusefp.o(.text) for __I$use$fp
    printfa.o(i.__0snprintf) refers to printfa.o(i._printf_core) for _printf_core
    printfa.o(i.__0snprintf) refers to printfa.o(i._snputc) for _snputc
    printfa.o(i.__0sprintf) refers (Special) to iusefp.o(.text) for __I$use$fp
    printfa.o(i.__0sprintf) refers to printfa.o(i._printf_core) for _printf_core
    printfa.o(i.__0sprintf) refers to printfa.o(i._sputc) for _sputc
    printfa.o(i.__0vfprintf) refers (Special) to iusefp.o(.text) for __I$use$fp
    printfa.o(i.__0vfprintf) refers to printfa.o(i._printf_core) for _printf_core
    printfa.o(i.__0vfprintf) refers to usart.o(i.fputc) for fputc
    printfa.o(i.__0vprintf) refers (Special) to iusefp.o(.text) for __I$use$fp
    printfa.o(i.__0vprintf) refers to printfa.o(i._printf_core) for _printf_core
    printfa.o(i.__0vprintf) refers to usart.o(i.fputc) for fputc
    printfa.o(i.__0vprintf) refers to stdout.o(.data) for __stdout
    printfa.o(i.__0vsnprintf) refers (Special) to iusefp.o(.text) for __I$use$fp
    printfa.o(i.__0vsnprintf) refers to printfa.o(i._printf_core) for _printf_core
    printfa.o(i.__0vsnprintf) refers to printfa.o(i._snputc) for _snputc
    printfa.o(i.__0vsprintf) refers (Special) to iusefp.o(.text) for __I$use$fp
    printfa.o(i.__0vsprintf) refers to printfa.o(i._printf_core) for _printf_core
    printfa.o(i.__0vsprintf) refers to printfa.o(i._sputc) for _sputc
    printfa.o(i._fp_digits) refers (Special) to iusefp.o(.text) for __I$use$fp
    printfa.o(i._fp_digits) refers to dmul.o(.text) for __aeabi_dmul
    printfa.o(i._fp_digits) refers to ddiv.o(.text) for __aeabi_ddiv
    printfa.o(i._fp_digits) refers to cdrcmple.o(.text) for __aeabi_cdrcmple
    printfa.o(i._fp_digits) refers to dadd.o(.text) for __aeabi_dadd
    printfa.o(i._fp_digits) refers to dfixul.o(.text) for __aeabi_d2ulz
    printfa.o(i._fp_digits) refers to uldiv.o(.text) for __aeabi_uldivmod
    printfa.o(i._printf_core) refers (Special) to iusefp.o(.text) for __I$use$fp
    printfa.o(i._printf_core) refers to printfa.o(i._printf_pre_padding) for _printf_pre_padding
    printfa.o(i._printf_core) refers to uldiv.o(.text) for __aeabi_uldivmod
    printfa.o(i._printf_core) refers to printfa.o(i._printf_post_padding) for _printf_post_padding
    printfa.o(i._printf_core) refers to printfa.o(i._fp_digits) for _fp_digits
    printfa.o(i._printf_core) refers to uidiv.o(.text) for __aeabi_uidivmod
    printfa.o(i._printf_post_padding) refers (Special) to iusefp.o(.text) for __I$use$fp
    printfa.o(i._printf_pre_padding) refers (Special) to iusefp.o(.text) for __I$use$fp
    printfa.o(i._snputc) refers (Special) to iusefp.o(.text) for __I$use$fp
    printfa.o(i._sputc) refers (Special) to iusefp.o(.text) for __I$use$fp
    entry2.o(.ARM.Collect$$$$00000001) refers to entry2.o(.ARM.Collect$$$$00002712) for __lit__00000000
    entry2.o(.ARM.Collect$$$$00002712) refers to startup_stm32f4xx.o(STACK) for __initial_sp
    entry2.o(__vectab_stack_and_reset_area) refers to startup_stm32f4xx.o(STACK) for __initial_sp
    entry2.o(__vectab_stack_and_reset_area) refers to entry.o(.ARM.Collect$$$$00000000) for __main
    entry5.o(.ARM.Collect$$$$00000004) refers to init.o(.text) for __scatterload
    entry8.o(.ARM.Collect$$$$00000009) refers to main.o(i.main) for main
    uldiv.o(.text) refers to llushr.o(.text) for __aeabi_llsr
    uldiv.o(.text) refers to llshl.o(.text) for __aeabi_llsl
    dadd.o(.text) refers to llshl.o(.text) for __aeabi_llsl
    dadd.o(.text) refers to llsshr.o(.text) for __aeabi_lasr
    dadd.o(.text) refers to depilogue.o(.text) for _double_epilogue
    dmul.o(.text) refers to depilogue.o(.text) for _double_epilogue
    ddiv.o(.text) refers to depilogue.o(.text) for _double_round
    dfixul.o(.text) refers to llushr.o(.text) for __aeabi_llsr
    dfixul.o(.text) refers to llshl.o(.text) for __aeabi_llsl
    init.o(.text) refers to entry5.o(.ARM.Collect$$$$00000004) for __main_after_scatterload
    depilogue.o(.text) refers to llshl.o(.text) for __aeabi_llsl
    depilogue.o(.text) refers to llushr.o(.text) for __aeabi_llsr


==============================================================================

Removing Unused input sections from the image.

    Removing main.o(.emb_text), (8 bytes).
    Removing main.o(.bss), (1024 bytes).
    Removing main.o(.constdata), (10704 bytes).
    Removing main.o(.data), (32 bytes).
    Removing stm32f4xx_it.o(.emb_text), (8 bytes).
    Removing delay.o(.emb_text), (8 bytes).
    Removing delay.o(i.delay_nus), (20 bytes).
    Removing led.o(.emb_text), (8 bytes).
    Removing usart.o(.emb_text), (8 bytes).
    Removing usart.o(i.USART_SendString), (40 bytes).
    Removing lcd.o(.emb_text), (8 bytes).
    Removing lcd.o(i.DrawPixel), (40 bytes).
    Removing lcd.o(i.LCD_DisplayOff), (12 bytes).
    Removing lcd.o(i.LCD_DisplayOn), (14 bytes).
    Removing lcd.o(i.LCD_DrawCircle), (256 bytes).
    Removing lcd.o(i.LCD_DrawHLine), (48 bytes).
    Removing lcd.o(i.LCD_DrawMonoPict), (84 bytes).
    Removing lcd.o(i.LCD_DrawRect), (56 bytes).
    Removing lcd.o(i.LCD_DrawUniLine), (286 bytes).
    Removing lcd.o(i.LCD_DrawVLine), (60 bytes).
    Removing lcd.o(i.LCD_FillCircle), (168 bytes).
    Removing lcd.o(i.LCD_FillRect), (136 bytes).
    Removing lcd.o(i.LCD_GetColors), (24 bytes).
    Removing lcd.o(i.LCD_GetFont), (12 bytes).
    Removing lcd.o(i.LCD_ReadRAM), (20 bytes).
    Removing lcd.o(i.LCD_SetBackColor), (12 bytes).
    Removing lcd.o(i.LCD_SetTextColor), (12 bytes).
    Removing lcd.o(i.LCD_SetWindow), (88 bytes).
    Removing touch.o(.emb_text), (8 bytes).
    Removing touch.o(i.ADS_Read), (76 bytes).
    Removing touch.o(i.ADS_ReadWrite), (44 bytes).
    Removing touch.o(i.Read_XY), (138 bytes).
    Removing touch.o(i.Touch_Init), (244 bytes).
    Removing touch.o(.constdata), (10704 bytes).
    Removing touch.o(.data), (32 bytes).
    Removing sdcard.o(.emb_text), (8 bytes).
    Removing sdcard.o(i.IsCardProgramming), (360 bytes).
    Removing sdcard.o(i.SD_DeInit), (8 bytes).
    Removing sdcard.o(i.SD_Erase), (316 bytes).
    Removing sdcard.o(i.SD_GetCardStatus), (160 bytes).
    Removing sdcard.o(i.SD_GetTransferState), (24 bytes).
    Removing sdcard.o(i.SD_LowLevel_DeInit), (148 bytes).
    Removing sdcard.o(i.SD_PowerOFF), (14 bytes).
    Removing sdcard.o(i.SD_SendSDStatus), (384 bytes).
    Removing sdcard.o(i.SD_WaitWriteOperation), (124 bytes).
    Removing sdcard.o(i.convert_from_bytes_to_power_of_two), (18 bytes).
    Removing misc.o(.emb_text), (8 bytes).
    Removing misc.o(i.NVIC_SetVectorTable), (20 bytes).
    Removing misc.o(i.NVIC_SystemLPConfig), (32 bytes).
    Removing misc.o(i.SysTick_CLKSourceConfig), (40 bytes).
    Removing stm32f4xx_exti.o(.emb_text), (8 bytes).
    Removing stm32f4xx_exti.o(i.EXTI_ClearFlag), (12 bytes).
    Removing stm32f4xx_exti.o(i.EXTI_ClearITPendingBit), (12 bytes).
    Removing stm32f4xx_exti.o(i.EXTI_DeInit), (36 bytes).
    Removing stm32f4xx_exti.o(i.EXTI_GenerateSWInterrupt), (16 bytes).
    Removing stm32f4xx_exti.o(i.EXTI_GetFlagStatus), (24 bytes).
    Removing stm32f4xx_exti.o(i.EXTI_GetITStatus), (40 bytes).
    Removing stm32f4xx_exti.o(i.EXTI_Init), (148 bytes).
    Removing stm32f4xx_exti.o(i.EXTI_StructInit), (16 bytes).
    Removing stm32f4xx_fsmc.o(.emb_text), (8 bytes).
    Removing stm32f4xx_fsmc.o(i.FSMC_ClearFlag), (72 bytes).
    Removing stm32f4xx_fsmc.o(i.FSMC_ClearITPendingBit), (72 bytes).
    Removing stm32f4xx_fsmc.o(i.FSMC_GetECC), (28 bytes).
    Removing stm32f4xx_fsmc.o(i.FSMC_GetFlagStatus), (56 bytes).
    Removing stm32f4xx_fsmc.o(i.FSMC_GetITStatus), (68 bytes).
    Removing stm32f4xx_fsmc.o(i.FSMC_ITConfig), (136 bytes).
    Removing stm32f4xx_fsmc.o(i.FSMC_NANDCmd), (92 bytes).
    Removing stm32f4xx_fsmc.o(i.FSMC_NANDDeInit), (72 bytes).
    Removing stm32f4xx_fsmc.o(i.FSMC_NANDECCCmd), (92 bytes).
    Removing stm32f4xx_fsmc.o(i.FSMC_NANDInit), (140 bytes).
    Removing stm32f4xx_fsmc.o(i.FSMC_NANDStructInit), (54 bytes).
    Removing stm32f4xx_fsmc.o(i.FSMC_NORSRAMDeInit), (56 bytes).
    Removing stm32f4xx_fsmc.o(i.FSMC_NORSRAMStructInit), (114 bytes).
    Removing stm32f4xx_fsmc.o(i.FSMC_PCCARDCmd), (48 bytes).
    Removing stm32f4xx_fsmc.o(i.FSMC_PCCARDDeInit), (48 bytes).
    Removing stm32f4xx_fsmc.o(i.FSMC_PCCARDInit), (136 bytes).
    Removing stm32f4xx_fsmc.o(i.FSMC_PCCARDStructInit), (60 bytes).
    Removing stm32f4xx_gpio.o(.emb_text), (8 bytes).
    Removing stm32f4xx_gpio.o(i.GPIO_DeInit), (256 bytes).
    Removing stm32f4xx_gpio.o(i.GPIO_PinLockConfig), (18 bytes).
    Removing stm32f4xx_gpio.o(i.GPIO_ReadInputData), (8 bytes).
    Removing stm32f4xx_gpio.o(i.GPIO_ReadInputDataBit), (18 bytes).
    Removing stm32f4xx_gpio.o(i.GPIO_ReadOutputData), (8 bytes).
    Removing stm32f4xx_gpio.o(i.GPIO_ReadOutputDataBit), (18 bytes).
    Removing stm32f4xx_gpio.o(i.GPIO_StructInit), (18 bytes).
    Removing stm32f4xx_gpio.o(i.GPIO_ToggleBits), (8 bytes).
    Removing stm32f4xx_gpio.o(i.GPIO_Write), (4 bytes).
    Removing stm32f4xx_gpio.o(i.GPIO_WriteBit), (10 bytes).
    Removing stm32f4xx_usart.o(.emb_text), (8 bytes).
    Removing stm32f4xx_usart.o(i.USART_ClearFlag), (18 bytes).
    Removing stm32f4xx_usart.o(i.USART_ClearITPendingBit), (30 bytes).
    Removing stm32f4xx_usart.o(i.USART_ClockInit), (32 bytes).
    Removing stm32f4xx_usart.o(i.USART_ClockStructInit), (12 bytes).
    Removing stm32f4xx_usart.o(i.USART_DMACmd), (24 bytes).
    Removing stm32f4xx_usart.o(i.USART_DeInit), (180 bytes).
    Removing stm32f4xx_usart.o(i.USART_GetITStatus), (84 bytes).
    Removing stm32f4xx_usart.o(i.USART_HalfDuplexCmd), (24 bytes).
    Removing stm32f4xx_usart.o(i.USART_ITConfig), (74 bytes).
    Removing stm32f4xx_usart.o(i.USART_IrDACmd), (24 bytes).
    Removing stm32f4xx_usart.o(i.USART_IrDAConfig), (18 bytes).
    Removing stm32f4xx_usart.o(i.USART_LINBreakDetectLengthConfig), (18 bytes).
    Removing stm32f4xx_usart.o(i.USART_LINCmd), (24 bytes).
    Removing stm32f4xx_usart.o(i.USART_OneBitMethodCmd), (24 bytes).
    Removing stm32f4xx_usart.o(i.USART_OverSampling8Cmd), (22 bytes).
    Removing stm32f4xx_usart.o(i.USART_ReceiveData), (10 bytes).
    Removing stm32f4xx_usart.o(i.USART_ReceiverWakeUpCmd), (24 bytes).
    Removing stm32f4xx_usart.o(i.USART_SendBreak), (10 bytes).
    Removing stm32f4xx_usart.o(i.USART_SetAddress), (18 bytes).
    Removing stm32f4xx_usart.o(i.USART_SetGuardTime), (16 bytes).
    Removing stm32f4xx_usart.o(i.USART_SetPrescaler), (16 bytes).
    Removing stm32f4xx_usart.o(i.USART_SmartCardCmd), (24 bytes).
    Removing stm32f4xx_usart.o(i.USART_SmartCardNACKCmd), (24 bytes).
    Removing stm32f4xx_usart.o(i.USART_StructInit), (24 bytes).
    Removing stm32f4xx_usart.o(i.USART_WakeUpConfig), (18 bytes).
    Removing stm32f4xx_rcc.o(.emb_text), (8 bytes).
    Removing stm32f4xx_rcc.o(i.RCC_AHB1PeriphClockLPModeCmd), (32 bytes).
    Removing stm32f4xx_rcc.o(i.RCC_AHB1PeriphResetCmd), (32 bytes).
    Removing stm32f4xx_rcc.o(i.RCC_AHB2PeriphClockCmd), (32 bytes).
    Removing stm32f4xx_rcc.o(i.RCC_AHB2PeriphClockLPModeCmd), (32 bytes).
    Removing stm32f4xx_rcc.o(i.RCC_AHB2PeriphResetCmd), (32 bytes).
    Removing stm32f4xx_rcc.o(i.RCC_AHB3PeriphClockLPModeCmd), (32 bytes).
    Removing stm32f4xx_rcc.o(i.RCC_AHB3PeriphResetCmd), (32 bytes).
    Removing stm32f4xx_rcc.o(i.RCC_APB1PeriphClockCmd), (32 bytes).
    Removing stm32f4xx_rcc.o(i.RCC_APB1PeriphClockLPModeCmd), (32 bytes).
    Removing stm32f4xx_rcc.o(i.RCC_APB1PeriphResetCmd), (32 bytes).
    Removing stm32f4xx_rcc.o(i.RCC_APB2PeriphClockLPModeCmd), (32 bytes).
    Removing stm32f4xx_rcc.o(i.RCC_AdjustHSICalibrationValue), (24 bytes).
    Removing stm32f4xx_rcc.o(i.RCC_BackupResetCmd), (12 bytes).
    Removing stm32f4xx_rcc.o(i.RCC_ClearFlag), (20 bytes).
    Removing stm32f4xx_rcc.o(i.RCC_ClearITPendingBit), (12 bytes).
    Removing stm32f4xx_rcc.o(i.RCC_ClockSecuritySystemCmd), (12 bytes).
    Removing stm32f4xx_rcc.o(i.RCC_DeInit), (72 bytes).
    Removing stm32f4xx_rcc.o(i.RCC_GetFlagStatus), (64 bytes).
    Removing stm32f4xx_rcc.o(i.RCC_GetITStatus), (24 bytes).
    Removing stm32f4xx_rcc.o(i.RCC_GetSYSCLKSource), (16 bytes).
    Removing stm32f4xx_rcc.o(i.RCC_HCLKConfig), (24 bytes).
    Removing stm32f4xx_rcc.o(i.RCC_HSEConfig), (16 bytes).
    Removing stm32f4xx_rcc.o(i.RCC_HSICmd), (12 bytes).
    Removing stm32f4xx_rcc.o(i.RCC_I2SCLKConfig), (12 bytes).
    Removing stm32f4xx_rcc.o(i.RCC_ITConfig), (36 bytes).
    Removing stm32f4xx_rcc.o(i.RCC_LSEConfig), (44 bytes).
    Removing stm32f4xx_rcc.o(i.RCC_LSICmd), (12 bytes).
    Removing stm32f4xx_rcc.o(i.RCC_MCO1Config), (28 bytes).
    Removing stm32f4xx_rcc.o(i.RCC_MCO2Config), (28 bytes).
    Removing stm32f4xx_rcc.o(i.RCC_PCLK1Config), (24 bytes).
    Removing stm32f4xx_rcc.o(i.RCC_PCLK2Config), (24 bytes).
    Removing stm32f4xx_rcc.o(i.RCC_PLLCmd), (12 bytes).
    Removing stm32f4xx_rcc.o(i.RCC_PLLConfig), (36 bytes).
    Removing stm32f4xx_rcc.o(i.RCC_PLLI2SCmd), (12 bytes).
    Removing stm32f4xx_rcc.o(i.RCC_PLLI2SConfig), (16 bytes).
    Removing stm32f4xx_rcc.o(i.RCC_RTCCLKCmd), (12 bytes).
    Removing stm32f4xx_rcc.o(i.RCC_RTCCLKConfig), (60 bytes).
    Removing stm32f4xx_rcc.o(i.RCC_SYSCLKConfig), (24 bytes).
    Removing stm32f4xx_rcc.o(i.RCC_WaitForHSEStartUp), (48 bytes).
    Removing stm32f4xx_spi.o(.emb_text), (8 bytes).
    Removing stm32f4xx_spi.o(i.I2S_Cmd), (24 bytes).
    Removing stm32f4xx_spi.o(i.I2S_FullDuplexConfig), (80 bytes).
    Removing stm32f4xx_spi.o(i.I2S_Init), (348 bytes).
    Removing stm32f4xx_spi.o(i.I2S_StructInit), (20 bytes).
    Removing stm32f4xx_spi.o(i.SPI_BiDirectionalLineConfig), (28 bytes).
    Removing stm32f4xx_spi.o(i.SPI_CalculateCRC), (24 bytes).
    Removing stm32f4xx_spi.o(i.SPI_Cmd), (24 bytes).
    Removing stm32f4xx_spi.o(i.SPI_DataSizeConfig), (18 bytes).
    Removing stm32f4xx_spi.o(i.SPI_GetCRC), (16 bytes).
    Removing stm32f4xx_spi.o(i.SPI_GetCRCPolynomial), (6 bytes).
    Removing stm32f4xx_spi.o(i.SPI_I2S_ClearFlag), (6 bytes).
    Removing stm32f4xx_spi.o(i.SPI_I2S_ClearITPendingBit), (20 bytes).
    Removing stm32f4xx_spi.o(i.SPI_I2S_DMACmd), (24 bytes).
    Removing stm32f4xx_spi.o(i.SPI_I2S_DeInit), (88 bytes).
    Removing stm32f4xx_spi.o(i.SPI_I2S_GetFlagStatus), (18 bytes).
    Removing stm32f4xx_spi.o(i.SPI_I2S_GetITStatus), (52 bytes).
    Removing stm32f4xx_spi.o(i.SPI_I2S_ITConfig), (36 bytes).
    Removing stm32f4xx_spi.o(i.SPI_I2S_ReceiveData), (6 bytes).
    Removing stm32f4xx_spi.o(i.SPI_I2S_SendData), (4 bytes).
    Removing stm32f4xx_spi.o(i.SPI_Init), (60 bytes).
    Removing stm32f4xx_spi.o(i.SPI_NSSInternalSoftwareConfig), (30 bytes).
    Removing stm32f4xx_spi.o(i.SPI_SSOutputCmd), (24 bytes).
    Removing stm32f4xx_spi.o(i.SPI_StructInit), (24 bytes).
    Removing stm32f4xx_spi.o(i.SPI_TIModeCmd), (24 bytes).
    Removing stm32f4xx_spi.o(i.SPI_TransmitCRC), (10 bytes).
    Removing stm32f4xx_sdio.o(.emb_text), (8 bytes).
    Removing stm32f4xx_sdio.o(i.SDIO_CEATAITCmd), (16 bytes).
    Removing stm32f4xx_sdio.o(i.SDIO_CmdStructInit), (14 bytes).
    Removing stm32f4xx_sdio.o(i.SDIO_CommandCompletionCmd), (12 bytes).
    Removing stm32f4xx_sdio.o(i.SDIO_DataStructInit), (20 bytes).
    Removing stm32f4xx_sdio.o(i.SDIO_GetDataCounter), (12 bytes).
    Removing stm32f4xx_sdio.o(i.SDIO_GetFIFOCount), (12 bytes).
    Removing stm32f4xx_sdio.o(i.SDIO_SendCEATACmd), (12 bytes).
    Removing stm32f4xx_sdio.o(i.SDIO_SendSDIOSuspendCmd), (12 bytes).
    Removing stm32f4xx_sdio.o(i.SDIO_SetSDIOOperation), (12 bytes).
    Removing stm32f4xx_sdio.o(i.SDIO_SetSDIOReadWaitMode), (12 bytes).
    Removing stm32f4xx_sdio.o(i.SDIO_StartSDIOReadWait), (12 bytes).
    Removing stm32f4xx_sdio.o(i.SDIO_StopSDIOReadWait), (12 bytes).
    Removing stm32f4xx_sdio.o(i.SDIO_StructInit), (16 bytes).
    Removing stm32f4xx_sdio.o(i.SDIO_WriteData), (12 bytes).
    Removing stm32f4xx_dma.o(.emb_text), (8 bytes).
    Removing stm32f4xx_dma.o(i.DMA_ClearITPendingBit), (52 bytes).
    Removing stm32f4xx_dma.o(i.DMA_DoubleBufferModeCmd), (22 bytes).
    Removing stm32f4xx_dma.o(i.DMA_DoubleBufferModeConfig), (24 bytes).
    Removing stm32f4xx_dma.o(i.DMA_GetCmdStatus), (20 bytes).
    Removing stm32f4xx_dma.o(i.DMA_GetCurrDataCounter), (8 bytes).
    Removing stm32f4xx_dma.o(i.DMA_GetCurrentMemoryTarget), (20 bytes).
    Removing stm32f4xx_dma.o(i.DMA_GetFIFOStatus), (12 bytes).
    Removing stm32f4xx_dma.o(i.DMA_GetFlagStatus), (64 bytes).
    Removing stm32f4xx_dma.o(i.DMA_GetITStatus), (96 bytes).
    Removing stm32f4xx_dma.o(i.DMA_MemoryTargetConfig), (10 bytes).
    Removing stm32f4xx_dma.o(i.DMA_PeriphIncOffsetSizeConfig), (22 bytes).
    Removing stm32f4xx_dma.o(i.DMA_SetCurrDataCounter), (4 bytes).
    Removing stm32f4xx_dma.o(i.DMA_StructInit), (34 bytes).
    Removing system_stm32f4xx.o(.emb_text), (8 bytes).
    Removing system_stm32f4xx.o(i.SystemCoreClockUpdate), (192 bytes).
    Removing startup_stm32f4xx.o(HEAP), (512 bytes).
    Removing diskio.o(.emb_text), (8 bytes).
    Removing diskio.o(i.disk_ioctl), (92 bytes).
    Removing diskio.o(i.get_fattime), (4 bytes).
    Removing ff.o(i.dir_register), (110 bytes).
    Removing ff.o(i.dir_remove), (44 bytes).
    Removing ff.o(i.f_chmod), (88 bytes).
    Removing ff.o(i.f_close), (22 bytes).
    Removing ff.o(i.f_getfree), (276 bytes).
    Removing ff.o(i.f_lseek), (432 bytes).
    Removing ff.o(i.f_mkdir), (384 bytes).
    Removing ff.o(i.f_open), (360 bytes).
    Removing ff.o(i.f_read), (458 bytes).
    Removing ff.o(i.f_rename), (288 bytes).
    Removing ff.o(i.f_stat), (58 bytes).
    Removing ff.o(i.f_sync), (182 bytes).
    Removing ff.o(i.f_truncate), (156 bytes).
    Removing ff.o(i.f_unlink), (178 bytes).
    Removing ff.o(i.f_utime), (86 bytes).
    Removing ff.o(i.f_write), (524 bytes).
    Removing ff.o(i.mem_cpy), (26 bytes).
    Removing ff.o(i.remove_chain), (104 bytes).
    Removing ff.o(i.sync), (200 bytes).
    Removing dadd.o(.text), (332 bytes).
    Removing dmul.o(.text), (224 bytes).
    Removing ddiv.o(.text), (222 bytes).
    Removing dfixul.o(.text), (48 bytes).
    Removing cdrcmple.o(.text), (40 bytes).
    Removing depilogue.o(.text), (190 bytes).

240 unused section(s) (total 37500 bytes) removed from the image.

==============================================================================

Image Symbol Table

    Local Symbols

    Symbol Name                              Value     Ov Type        Size  Object(Section)

    ../../microlib/division.c                0x00000000   Number         0  uldiv.o ABSOLUTE
    ../../microlib/division.c                0x00000000   Number         0  uidiv.o ABSOLUTE
    ../../microlib/fpadd.c                   0x00000000   Number         0  dadd.o ABSOLUTE
    ../../microlib/fpdiv.c                   0x00000000   Number         0  ddiv.o ABSOLUTE
    ../../microlib/fpepilogue.c              0x00000000   Number         0  depilogue.o ABSOLUTE
    ../../microlib/fpfix.c                   0x00000000   Number         0  dfixul.o ABSOLUTE
    ../../microlib/fpmul.c                   0x00000000   Number         0  dmul.o ABSOLUTE
    ../../microlib/init/entry.s              0x00000000   Number         0  entry8.o ABSOLUTE
    ../../microlib/init/entry.s              0x00000000   Number         0  entry7b.o ABSOLUTE
    ../../microlib/init/entry.s              0x00000000   Number         0  entry7a.o ABSOLUTE
    ../../microlib/init/entry.s              0x00000000   Number         0  entry5.o ABSOLUTE
    ../../microlib/init/entry.s              0x00000000   Number         0  entry2.o ABSOLUTE
    ../../microlib/init/entry.s              0x00000000   Number         0  entry.o ABSOLUTE
    ../../microlib/longlong.c                0x00000000   Number         0  llsshr.o ABSOLUTE
    ../../microlib/longlong.c                0x00000000   Number         0  llushr.o ABSOLUTE
    ../../microlib/longlong.c                0x00000000   Number         0  llshl.o ABSOLUTE
    ../../microlib/printf/printf.c           0x00000000   Number         0  printfb.o ABSOLUTE
    ../../microlib/printf/printf.c           0x00000000   Number         0  printf0.o ABSOLUTE
    ../../microlib/printf/printf.c           0x00000000   Number         0  printf1.o ABSOLUTE
    ../../microlib/printf/printf.c           0x00000000   Number         0  printf2.o ABSOLUTE
    ../../microlib/printf/printf.c           0x00000000   Number         0  printf3.o ABSOLUTE
    ../../microlib/printf/printf.c           0x00000000   Number         0  printf4.o ABSOLUTE
    ../../microlib/printf/printf.c           0x00000000   Number         0  printf5.o ABSOLUTE
    ../../microlib/printf/printf.c           0x00000000   Number         0  printf8.o ABSOLUTE
    ../../microlib/printf/printf.c           0x00000000   Number         0  printfa.o ABSOLUTE
    ../../microlib/printf/printf.c           0x00000000   Number         0  printf7.o ABSOLUTE
    ../../microlib/printf/printf.c           0x00000000   Number         0  printf6.o ABSOLUTE
    ../../microlib/printf/stubs.s            0x00000000   Number         0  stubs.o ABSOLUTE
    ../../microlib/stdio/streams.c           0x00000000   Number         0  stdout.o ABSOLUTE
    ../../microlib/stubs.s                   0x00000000   Number         0  iusefp.o ABSOLUTE
    ..\FATFS\diskio.c                        0x00000000   Number         0  diskio.o ABSOLUTE
    ..\FATFS\ff.c                            0x00000000   Number         0  ff.o ABSOLUTE
    ..\Hardware\delay\delay.c                0x00000000   Number         0  delay.o ABSOLUTE
    ..\Hardware\lcd\lcd.c                    0x00000000   Number         0  lcd.o ABSOLUTE
    ..\Hardware\led\led.c                    0x00000000   Number         0  led.o ABSOLUTE
    ..\Hardware\sdcard\sdcard.c              0x00000000   Number         0  sdcard.o ABSOLUTE
    ..\Hardware\touch\touch.c                0x00000000   Number         0  touch.o ABSOLUTE
    ..\Hardware\usart\usart.c                0x00000000   Number         0  usart.o ABSOLUTE
    ..\Libraries\CMSIS\src\system_stm32f4xx.c 0x00000000   Number         0  system_stm32f4xx.o ABSOLUTE
    ..\Libraries\FWlib\src\misc.c            0x00000000   Number         0  misc.o ABSOLUTE
    ..\Libraries\FWlib\src\stm32f4xx_dma.c   0x00000000   Number         0  stm32f4xx_dma.o ABSOLUTE
    ..\Libraries\FWlib\src\stm32f4xx_exti.c  0x00000000   Number         0  stm32f4xx_exti.o ABSOLUTE
    ..\Libraries\FWlib\src\stm32f4xx_fsmc.c  0x00000000   Number         0  stm32f4xx_fsmc.o ABSOLUTE
    ..\Libraries\FWlib\src\stm32f4xx_gpio.c  0x00000000   Number         0  stm32f4xx_gpio.o ABSOLUTE
    ..\Libraries\FWlib\src\stm32f4xx_rcc.c   0x00000000   Number         0  stm32f4xx_rcc.o ABSOLUTE
    ..\Libraries\FWlib\src\stm32f4xx_sdio.c  0x00000000   Number         0  stm32f4xx_sdio.o ABSOLUTE
    ..\Libraries\FWlib\src\stm32f4xx_spi.c   0x00000000   Number         0  stm32f4xx_spi.o ABSOLUTE
    ..\Libraries\FWlib\src\stm32f4xx_usart.c 0x00000000   Number         0  stm32f4xx_usart.o ABSOLUTE
    ..\Startup\startup_stm32f4xx.s           0x00000000   Number         0  startup_stm32f4xx.o ABSOLUTE
    ..\User\main.c                           0x00000000   Number         0  main.o ABSOLUTE
    ..\User\stm32f4xx_it.c                   0x00000000   Number         0  stm32f4xx_it.o ABSOLUTE
    ..\\FATFS\\diskio.c                      0x00000000   Number         0  diskio.o ABSOLUTE
    ..\\Hardware\\delay\\delay.c             0x00000000   Number         0  delay.o ABSOLUTE
    ..\\Hardware\\lcd\\lcd.c                 0x00000000   Number         0  lcd.o ABSOLUTE
    ..\\Hardware\\led\\led.c                 0x00000000   Number         0  led.o ABSOLUTE
    ..\\Hardware\\sdcard\\sdcard.c           0x00000000   Number         0  sdcard.o ABSOLUTE
    ..\\Hardware\\touch\\touch.c             0x00000000   Number         0  touch.o ABSOLUTE
    ..\\Hardware\\usart\\usart.c             0x00000000   Number         0  usart.o ABSOLUTE
    ..\\Libraries\\CMSIS\\src\\system_stm32f4xx.c 0x00000000   Number         0  system_stm32f4xx.o ABSOLUTE
    ..\\Libraries\\FWlib\\src\\misc.c        0x00000000   Number         0  misc.o ABSOLUTE
    ..\\Libraries\\FWlib\\src\\stm32f4xx_dma.c 0x00000000   Number         0  stm32f4xx_dma.o ABSOLUTE
    ..\\Libraries\\FWlib\\src\\stm32f4xx_exti.c 0x00000000   Number         0  stm32f4xx_exti.o ABSOLUTE
    ..\\Libraries\\FWlib\\src\\stm32f4xx_fsmc.c 0x00000000   Number         0  stm32f4xx_fsmc.o ABSOLUTE
    ..\\Libraries\\FWlib\\src\\stm32f4xx_gpio.c 0x00000000   Number         0  stm32f4xx_gpio.o ABSOLUTE
    ..\\Libraries\\FWlib\\src\\stm32f4xx_rcc.c 0x00000000   Number         0  stm32f4xx_rcc.o ABSOLUTE
    ..\\Libraries\\FWlib\\src\\stm32f4xx_sdio.c 0x00000000   Number         0  stm32f4xx_sdio.o ABSOLUTE
    ..\\Libraries\\FWlib\\src\\stm32f4xx_spi.c 0x00000000   Number         0  stm32f4xx_spi.o ABSOLUTE
    ..\\Libraries\\FWlib\\src\\stm32f4xx_usart.c 0x00000000   Number         0  stm32f4xx_usart.o ABSOLUTE
    ..\\User\\main.c                         0x00000000   Number         0  main.o ABSOLUTE
    ..\\User\\stm32f4xx_it.c                 0x00000000   Number         0  stm32f4xx_it.o ABSOLUTE
    cdrcmple.s                               0x00000000   Number         0  cdrcmple.o ABSOLUTE
    dc.s                                     0x00000000   Number         0  dc.o ABSOLUTE
    handlers.s                               0x00000000   Number         0  handlers.o ABSOLUTE
    init.s                                   0x00000000   Number         0  init.o ABSOLUTE
    RESET                                    0x08000000   Section      392  startup_stm32f4xx.o(RESET)
    .ARM.Collect$$$$00000000                 0x08000188   Section        0  entry.o(.ARM.Collect$$$$00000000)
    .ARM.Collect$$$$00000001                 0x08000188   Section        4  entry2.o(.ARM.Collect$$$$00000001)
    .ARM.Collect$$$$00000004                 0x0800018c   Section        4  entry5.o(.ARM.Collect$$$$00000004)
    .ARM.Collect$$$$00000008                 0x08000190   Section        0  entry7b.o(.ARM.Collect$$$$00000008)
    .ARM.Collect$$$$00000009                 0x08000190   Section        8  entry8.o(.ARM.Collect$$$$00000009)
    .ARM.Collect$$$$00002712                 0x08000198   Section        4  entry2.o(.ARM.Collect$$$$00002712)
    __lit__00000000                          0x08000198   Data           4  entry2.o(.ARM.Collect$$$$00002712)
    .text                                    0x0800019c   Section       36  startup_stm32f4xx.o(.text)
    .text                                    0x080001c0   Section        0  uidiv.o(.text)
    .text                                    0x080001ec   Section       36  init.o(.text)
    i.BusFault_Handler                       0x08000210   Section        0  stm32f4xx_it.o(i.BusFault_Handler)
    i.CmdError                               0x08000214   Section        0  sdcard.o(i.CmdError)
    CmdError                                 0x08000215   Thumb Code    44  sdcard.o(i.CmdError)
    i.CmdResp1Error                          0x08000240   Section        0  sdcard.o(i.CmdResp1Error)
    CmdResp1Error                            0x08000241   Thumb Code   296  sdcard.o(i.CmdResp1Error)
    i.CmdResp2Error                          0x08000370   Section        0  sdcard.o(i.CmdResp2Error)
    CmdResp2Error                            0x08000371   Thumb Code    68  sdcard.o(i.CmdResp2Error)
    i.CmdResp3Error                          0x080003b8   Section        0  sdcard.o(i.CmdResp3Error)
    CmdResp3Error                            0x080003b9   Thumb Code    50  sdcard.o(i.CmdResp3Error)
    i.CmdResp6Error                          0x080003f0   Section        0  sdcard.o(i.CmdResp6Error)
    CmdResp6Error                            0x080003f1   Thumb Code   150  sdcard.o(i.CmdResp6Error)
    i.CmdResp7Error                          0x0800048c   Section        0  sdcard.o(i.CmdResp7Error)
    CmdResp7Error                            0x0800048d   Thumb Code    72  sdcard.o(i.CmdResp7Error)
    i.DMA2_Stream3_IRQHandler                0x080004d8   Section        0  stm32f4xx_it.o(i.DMA2_Stream3_IRQHandler)
    i.DMA_ClearFlag                          0x080004e0   Section        0  stm32f4xx_dma.o(i.DMA_ClearFlag)
    i.DMA_Cmd                                0x08000514   Section        0  stm32f4xx_dma.o(i.DMA_Cmd)
    i.DMA_DeInit                             0x0800052c   Section        0  stm32f4xx_dma.o(i.DMA_DeInit)
    i.DMA_FlowControllerConfig               0x08000684   Section        0  stm32f4xx_dma.o(i.DMA_FlowControllerConfig)
    i.DMA_ITConfig                           0x0800069a   Section        0  stm32f4xx_dma.o(i.DMA_ITConfig)
    i.DMA_Init                               0x080006d4   Section        0  stm32f4xx_dma.o(i.DMA_Init)
    i.DebugMon_Handler                       0x0800072c   Section        0  stm32f4xx_it.o(i.DebugMon_Handler)
    i.FSMC_NORSRAMCmd                        0x08000730   Section        0  stm32f4xx_fsmc.o(i.FSMC_NORSRAMCmd)
    i.FSMC_NORSRAMInit                       0x08000764   Section        0  stm32f4xx_fsmc.o(i.FSMC_NORSRAMInit)
    i.FindSCR                                0x08000844   Section        0  sdcard.o(i.FindSCR)
    FindSCR                                  0x08000845   Thumb Code   384  sdcard.o(i.FindSCR)
    i.GPIO_AF_FSMC_Config                    0x080009d4   Section        0  lcd.o(i.GPIO_AF_FSMC_Config)
    GPIO_AF_FSMC_Config                      0x080009d5   Thumb Code   204  lcd.o(i.GPIO_AF_FSMC_Config)
    i.GPIO_Init                              0x08000aa8   Section        0  stm32f4xx_gpio.o(i.GPIO_Init)
    i.GPIO_PinAFConfig                       0x08000b38   Section        0  stm32f4xx_gpio.o(i.GPIO_PinAFConfig)
    i.GPIO_ResetBits                         0x08000b7e   Section        0  stm32f4xx_gpio.o(i.GPIO_ResetBits)
    i.GPIO_SetBits                           0x08000b82   Section        0  stm32f4xx_gpio.o(i.GPIO_SetBits)
    i.HardFault_Handler                      0x08000b86   Section        0  stm32f4xx_it.o(i.HardFault_Handler)
    i.LCD_Clear                              0x08000b8c   Section        0  lcd.o(i.LCD_Clear)
    i.LCD_DisplayChar                        0x08000bb8   Section        0  lcd.o(i.LCD_DisplayChar)
    i.LCD_DrawChar                           0x08000be8   Section        0  lcd.o(i.LCD_DrawChar)
    i.LCD_DrawNum                            0x08000c94   Section        0  lcd.o(i.LCD_DrawNum)
    i.LCD_DrawString                         0x08000d38   Section        0  lcd.o(i.LCD_DrawString)
    i.LCD_FSMC_Config                        0x08000d68   Section        0  lcd.o(i.LCD_FSMC_Config)
    LCD_FSMC_Config                          0x08000d69   Thumb Code    98  lcd.o(i.LCD_FSMC_Config)
    i.LCD_GPIO_Config                        0x08000dcc   Section        0  lcd.o(i.LCD_GPIO_Config)
    LCD_GPIO_Config                          0x08000dcd   Thumb Code   198  lcd.o(i.LCD_GPIO_Config)
    i.LCD_Init                               0x08000ea0   Section        0  lcd.o(i.LCD_Init)
    i.LCD_ReadReg                            0x08001434   Section        0  lcd.o(i.LCD_ReadReg)
    i.LCD_SetColors                          0x08001448   Section        0  lcd.o(i.LCD_SetColors)
    i.LCD_SetCursor                          0x0800145c   Section        0  lcd.o(i.LCD_SetCursor)
    i.LCD_SetFont                            0x0800147c   Section        0  lcd.o(i.LCD_SetFont)
    i.LCD_SetMode                            0x08001488   Section        0  lcd.o(i.LCD_SetMode)
    i.LCD_WriteRAM                           0x08001504   Section        0  lcd.o(i.LCD_WriteRAM)
    i.LCD_WriteRAM_Start                     0x08001510   Section        0  lcd.o(i.LCD_WriteRAM_Start)
    i.LCD_WriteReg                           0x0800151c   Section        0  lcd.o(i.LCD_WriteReg)
    i.LED_GPIO_Conf                          0x0800152c   Section        0  led.o(i.LED_GPIO_Conf)
    i.MemManage_Handler                      0x08001578   Section        0  stm32f4xx_it.o(i.MemManage_Handler)
    i.NMI_Handler                            0x0800157c   Section        0  stm32f4xx_it.o(i.NMI_Handler)
    i.NVIC_Configuration                     0x0800157e   Section        0  sdcard.o(i.NVIC_Configuration)
    i.NVIC_Init                              0x080015b8   Section        0  misc.o(i.NVIC_Init)
    i.NVIC_PriorityGroupConfig               0x08001630   Section        0  misc.o(i.NVIC_PriorityGroupConfig)
    i.PendSV_Handler                         0x08001644   Section        0  stm32f4xx_it.o(i.PendSV_Handler)
    i.RCC_AHB1PeriphClockCmd                 0x08001648   Section        0  stm32f4xx_rcc.o(i.RCC_AHB1PeriphClockCmd)
    i.RCC_AHB3PeriphClockCmd                 0x08001668   Section        0  stm32f4xx_rcc.o(i.RCC_AHB3PeriphClockCmd)
    i.RCC_APB2PeriphClockCmd                 0x08001688   Section        0  stm32f4xx_rcc.o(i.RCC_APB2PeriphClockCmd)
    i.RCC_APB2PeriphResetCmd                 0x080016a8   Section        0  stm32f4xx_rcc.o(i.RCC_APB2PeriphResetCmd)
    i.RCC_GetClocksFreq                      0x080016c8   Section        0  stm32f4xx_rcc.o(i.RCC_GetClocksFreq)
    i.SDEnWideBus                            0x080017b0   Section        0  sdcard.o(i.SDEnWideBus)
    SDEnWideBus                              0x080017b1   Thumb Code   270  sdcard.o(i.SDEnWideBus)
    i.SDIO_ClearFlag                         0x080018c8   Section        0  stm32f4xx_sdio.o(i.SDIO_ClearFlag)
    i.SDIO_ClearITPendingBit                 0x080018d4   Section        0  stm32f4xx_sdio.o(i.SDIO_ClearITPendingBit)
    i.SDIO_ClockCmd                          0x080018e0   Section        0  stm32f4xx_sdio.o(i.SDIO_ClockCmd)
    i.SDIO_DMACmd                            0x080018ec   Section        0  stm32f4xx_sdio.o(i.SDIO_DMACmd)
    i.SDIO_DataConfig                        0x080018f8   Section        0  stm32f4xx_sdio.o(i.SDIO_DataConfig)
    i.SDIO_DeInit                            0x0800192c   Section        0  stm32f4xx_sdio.o(i.SDIO_DeInit)
    i.SDIO_GetCommandResponse                0x08001944   Section        0  stm32f4xx_sdio.o(i.SDIO_GetCommandResponse)
    i.SDIO_GetFlagStatus                     0x08001950   Section        0  stm32f4xx_sdio.o(i.SDIO_GetFlagStatus)
    i.SDIO_GetITStatus                       0x08001968   Section        0  stm32f4xx_sdio.o(i.SDIO_GetITStatus)
    i.SDIO_GetPowerState                     0x08001980   Section        0  stm32f4xx_sdio.o(i.SDIO_GetPowerState)
    i.SDIO_GetResponse                       0x08001990   Section        0  stm32f4xx_sdio.o(i.SDIO_GetResponse)
    i.SDIO_IRQHandler                        0x080019a0   Section        0  stm32f4xx_it.o(i.SDIO_IRQHandler)
    i.SDIO_ITConfig                          0x080019a8   Section        0  stm32f4xx_sdio.o(i.SDIO_ITConfig)
    i.SDIO_Init                              0x080019c8   Section        0  stm32f4xx_sdio.o(i.SDIO_Init)
    i.SDIO_ReadData                          0x080019f8   Section        0  stm32f4xx_sdio.o(i.SDIO_ReadData)
    i.SDIO_SendCommand                       0x08001a04   Section        0  stm32f4xx_sdio.o(i.SDIO_SendCommand)
    i.SDIO_SetPowerState                     0x08001a30   Section        0  stm32f4xx_sdio.o(i.SDIO_SetPowerState)
    i.SD_Detect                              0x08001a3c   Section        0  sdcard.o(i.SD_Detect)
    i.SD_EnableWideBusOperation              0x08001a40   Section        0  sdcard.o(i.SD_EnableWideBusOperation)
    i.SD_GetCardInfo                         0x08001ad0   Section        0  sdcard.o(i.SD_GetCardInfo)
    i.SD_GetState                            0x08001ddc   Section        0  sdcard.o(i.SD_GetState)
    i.SD_GetStatus                           0x08001e02   Section        0  sdcard.o(i.SD_GetStatus)
    i.SD_Init                                0x08001e20   Section        0  sdcard.o(i.SD_Init)
    i.SD_InitializeCards                     0x08001e90   Section        0  sdcard.o(i.SD_InitializeCards)
    i.SD_LowLevel_DMA_RxConfig               0x08001fcc   Section        0  sdcard.o(i.SD_LowLevel_DMA_RxConfig)
    i.SD_LowLevel_DMA_TxConfig               0x08002058   Section        0  sdcard.o(i.SD_LowLevel_DMA_TxConfig)
    i.SD_LowLevel_Init                       0x080020e8   Section        0  sdcard.o(i.SD_LowLevel_Init)
    i.SD_PowerON                             0x08002190   Section        0  sdcard.o(i.SD_PowerON)
    i.SD_ProcessDMAIRQ                       0x08002318   Section        0  sdcard.o(i.SD_ProcessDMAIRQ)
    i.SD_ProcessIRQSrc                       0x08002340   Section        0  sdcard.o(i.SD_ProcessIRQSrc)
    i.SD_ReadBlock                           0x080023ec   Section        0  sdcard.o(i.SD_ReadBlock)
    i.SD_ReadMultiBlocks                     0x080024cc   Section        0  sdcard.o(i.SD_ReadMultiBlocks)
    i.SD_SelectDeselect                      0x080025b4   Section        0  sdcard.o(i.SD_SelectDeselect)
    i.SD_SendStatus                          0x080025e8   Section        0  sdcard.o(i.SD_SendStatus)
    i.SD_StopTransfer                        0x0800263c   Section        0  sdcard.o(i.SD_StopTransfer)
    i.SD_WaitReadOperation                   0x08002670   Section        0  sdcard.o(i.SD_WaitReadOperation)
    i.SD_WriteBlock                          0x080026ec   Section        0  sdcard.o(i.SD_WriteBlock)
    i.SD_WriteMultiBlocks                    0x080027c8   Section        0  sdcard.o(i.SD_WriteMultiBlocks)
    i.SVC_Handler                            0x08002910   Section        0  stm32f4xx_it.o(i.SVC_Handler)
    i.SetSysClock                            0x08002914   Section        0  system_stm32f4xx.o(i.SetSysClock)
    SetSysClock                              0x08002915   Thumb Code   198  system_stm32f4xx.o(i.SetSysClock)
    i.SysTick_Handler                        0x080029ec   Section        0  stm32f4xx_it.o(i.SysTick_Handler)
    i.SysTick_Init                           0x080029f4   Section        0  delay.o(i.SysTick_Init)
    i.SystemInit                             0x08002a60   Section        0  system_stm32f4xx.o(i.SystemInit)
    i.TimeTick_Decrement                     0x08002abc   Section        0  delay.o(i.TimeTick_Decrement)
    i.USART1_Conf                            0x08002ad4   Section        0  usart.o(i.USART1_Conf)
    i.USART_Cmd                              0x08002b70   Section        0  stm32f4xx_usart.o(i.USART_Cmd)
    i.USART_GetFlagStatus                    0x08002b88   Section        0  stm32f4xx_usart.o(i.USART_GetFlagStatus)
    i.USART_Init                             0x08002ba4   Section        0  stm32f4xx_usart.o(i.USART_Init)
    i.USART_SendData                         0x08002c78   Section        0  stm32f4xx_usart.o(i.USART_SendData)
    i.UsageFault_Handler                     0x08002c80   Section        0  stm32f4xx_it.o(i.UsageFault_Handler)
    i.__0printf$1                            0x08002c84   Section        0  printf1.o(i.__0printf$1)
    i.__scatterload_copy                     0x08002ca4   Section       14  handlers.o(i.__scatterload_copy)
    i.__scatterload_null                     0x08002cb2   Section        2  handlers.o(i.__scatterload_null)
    i.__scatterload_zeroinit                 0x08002cb4   Section       14  handlers.o(i.__scatterload_zeroinit)
    i._printf_core                           0x08002cc4   Section        0  printf1.o(i._printf_core)
    _printf_core                             0x08002cc5   Thumb Code   332  printf1.o(i._printf_core)
    i.check_fs                               0x08002e14   Section        0  ff.o(i.check_fs)
    check_fs                                 0x08002e15   Thumb Code   138  ff.o(i.check_fs)
    i.chk_chr                                0x08002ea4   Section        0  ff.o(i.chk_chr)
    chk_chr                                  0x08002ea5   Thumb Code    20  ff.o(i.chk_chr)
    i.chk_mounted                            0x08002eb8   Section        0  ff.o(i.chk_mounted)
    chk_mounted                              0x08002eb9   Thumb Code   898  ff.o(i.chk_mounted)
    i.clust2sect                             0x0800324c   Section        0  ff.o(i.clust2sect)
    i.create_chain                           0x08003266   Section        0  ff.o(i.create_chain)
    create_chain                             0x08003267   Thumb Code   202  ff.o(i.create_chain)
    i.create_name                            0x08003330   Section        0  ff.o(i.create_name)
    create_name                              0x08003331   Thumb Code   336  ff.o(i.create_name)
    i.delay_1ms                              0x08003490   Section        0  delay.o(i.delay_1ms)
    i.delay_nms                              0x080034a8   Section        0  delay.o(i.delay_nms)
    i.dir_find                               0x080034bc   Section        0  ff.o(i.dir_find)
    dir_find                                 0x080034bd   Thumb Code    92  ff.o(i.dir_find)
    i.dir_next                               0x08003518   Section        0  ff.o(i.dir_next)
    dir_next                                 0x08003519   Thumb Code   276  ff.o(i.dir_next)
    i.dir_read                               0x0800362c   Section        0  ff.o(i.dir_read)
    dir_read                                 0x0800362d   Thumb Code    86  ff.o(i.dir_read)
    i.dir_sdi                                0x08003682   Section        0  ff.o(i.dir_sdi)
    dir_sdi                                  0x08003683   Thumb Code   156  ff.o(i.dir_sdi)
    i.disk_initialize                        0x0800371e   Section        0  diskio.o(i.disk_initialize)
    i.disk_read                              0x0800374c   Section        0  diskio.o(i.disk_read)
    i.disk_status                            0x080037bc   Section        0  diskio.o(i.disk_status)
    i.disk_write                             0x080037e0   Section        0  diskio.o(i.disk_write)
    i.f_mount                                0x0800384c   Section        0  ff.o(i.f_mount)
    i.f_opendir                              0x08003878   Section        0  ff.o(i.f_opendir)
    i.f_readdir                              0x080038e6   Section        0  ff.o(i.f_readdir)
    i.follow_path                            0x0800393e   Section        0  ff.o(i.follow_path)
    follow_path                              0x0800393f   Thumb Code   158  ff.o(i.follow_path)
    i.fputc                                  0x080039dc   Section        0  usart.o(i.fputc)
    i.get_fat                                0x08003a00   Section        0  ff.o(i.get_fat)
    i.get_fileinfo                           0x08003ae4   Section        0  ff.o(i.get_fileinfo)
    get_fileinfo                             0x08003ae5   Thumb Code   152  ff.o(i.get_fileinfo)
    i.main                                   0x08003b7c   Section        0  main.o(i.main)
    i.mem_cmp                                0x08003df8   Section        0  ff.o(i.mem_cmp)
    mem_cmp                                  0x08003df9   Thumb Code    38  ff.o(i.mem_cmp)
    i.mem_set                                0x08003e1e   Section        0  ff.o(i.mem_set)
    mem_set                                  0x08003e1f   Thumb Code    20  ff.o(i.mem_set)
    i.move_window                            0x08003e32   Section        0  ff.o(i.move_window)
    move_window                              0x08003e33   Thumb Code   114  ff.o(i.move_window)
    i.mypow                                  0x08003ea4   Section        0  lcd.o(i.mypow)
    i.put_fat                                0x08003eba   Section        0  ff.o(i.put_fat)
    i.validate                               0x08003ff0   Section        0  ff.o(i.validate)
    validate                                 0x08003ff1   Thumb Code    42  ff.o(i.validate)
    .constdata                               0x0800401a   Section    10704  lcd.o(.constdata)
    ASCII16x24_Table                         0x0800401a   Data        4560  lcd.o(.constdata)
    ASCII12x12_Table                         0x080051ea   Data        2304  lcd.o(.constdata)
    ASCII8x12_Table                          0x08005aea   Data        2304  lcd.o(.constdata)
    ASCII8x8_Table                           0x080063ea   Data        1536  lcd.o(.constdata)
    .data                                    0x20000000   Section        4  delay.o(.data)
    TimingDelay                              0x20000000   Data           4  delay.o(.data)
    .data                                    0x20000004   Section       40  lcd.o(.data)
    Font16x24                                0x20000004   Data           8  lcd.o(.data)
    Font12x12                                0x2000000c   Data           8  lcd.o(.data)
    Font8x12                                 0x20000014   Data           8  lcd.o(.data)
    Font8x8                                  0x2000001c   Data           8  lcd.o(.data)
    TextColor                                0x20000024   Data           2  lcd.o(.data)
    BackColor                                0x20000026   Data           2  lcd.o(.data)
    LCD_Currentfonts                         0x20000028   Data           4  lcd.o(.data)
    .data                                    0x2000002c   Section       24  sdcard.o(.data)
    CardType                                 0x2000002c   Data           4  sdcard.o(.data)
    RCA                                      0x20000030   Data           4  sdcard.o(.data)
    .data                                    0x20000044   Section       16  stm32f4xx_rcc.o(.data)
    APBAHBPrescTable                         0x20000044   Data          16  stm32f4xx_rcc.o(.data)
    .data                                    0x20000054   Section       20  system_stm32f4xx.o(.data)
    .data                                    0x20000068   Section        6  ff.o(.data)
    FatFs                                    0x20000068   Data           4  ff.o(.data)
    Fsid                                     0x2000006c   Data           2  ff.o(.data)
    .data                                    0x20000070   Section        4  stdout.o(.data)
    .bss                                     0x20000074   Section      196  sdcard.o(.bss)
    CSD_Tab                                  0x20000074   Data          16  sdcard.o(.bss)
    CID_Tab                                  0x20000084   Data          16  sdcard.o(.bss)
    SDSTATUS_Tab                             0x20000094   Data          16  sdcard.o(.bss)
    STACK                                    0x20000138   Section     1024  startup_stm32f4xx.o(STACK)

    Global Symbols

    Symbol Name                              Value     Ov Type        Size  Object(Section)

    BuildAttributes$$THM_ISAv4$E$P$D$K$B$S$7EM$PE$A:L22UL41UL21$X:L11$S22US41US21$IEEE1$IW$USESV6$~STKCKD$USESV7$~SHL$OSPACE$ROPI$EBA8$MICROLIB$REQ8$PRES8$EABIv2 0x00000000   Number         0  anon$$obj.o ABSOLUTE
    __ARM_use_no_argv                        0x00000000   Number         0  main.o ABSOLUTE
    _printf_a                                0x00000000   Number         0  stubs.o ABSOLUTE
    _printf_c                                0x00000000   Number         0  stubs.o ABSOLUTE
    _printf_charcount                        0x00000000   Number         0  stubs.o ABSOLUTE
    _printf_d                                0x00000000   Number         0  stubs.o ABSOLUTE
    _printf_e                                0x00000000   Number         0  stubs.o ABSOLUTE
    _printf_f                                0x00000000   Number         0  stubs.o ABSOLUTE
    _printf_flags                            0x00000000   Number         0  stubs.o ABSOLUTE
    _printf_fp_dec                           0x00000000   Number         0  stubs.o ABSOLUTE
    _printf_fp_hex                           0x00000000   Number         0  stubs.o ABSOLUTE
    _printf_g                                0x00000000   Number         0  stubs.o ABSOLUTE
    _printf_i                                0x00000000   Number         0  stubs.o ABSOLUTE
    _printf_int_dec                          0x00000000   Number         0  stubs.o ABSOLUTE
    _printf_l                                0x00000000   Number         0  stubs.o ABSOLUTE
    _printf_lc                               0x00000000   Number         0  stubs.o ABSOLUTE
    _printf_ll                               0x00000000   Number         0  stubs.o ABSOLUTE
    _printf_lld                              0x00000000   Number         0  stubs.o ABSOLUTE
    _printf_lli                              0x00000000   Number         0  stubs.o ABSOLUTE
    _printf_llo                              0x00000000   Number         0  stubs.o ABSOLUTE
    _printf_llu                              0x00000000   Number         0  stubs.o ABSOLUTE
    _printf_llx                              0x00000000   Number         0  stubs.o ABSOLUTE
    _printf_longlong_dec                     0x00000000   Number         0  stubs.o ABSOLUTE
    _printf_longlong_hex                     0x00000000   Number         0  stubs.o ABSOLUTE
    _printf_longlong_oct                     0x00000000   Number         0  stubs.o ABSOLUTE
    _printf_ls                               0x00000000   Number         0  stubs.o ABSOLUTE
    _printf_mbtowc                           0x00000000   Number         0  stubs.o ABSOLUTE
    _printf_n                                0x00000000   Number         0  stubs.o ABSOLUTE
    _printf_o                                0x00000000   Number         0  stubs.o ABSOLUTE
    _printf_p                                0x00000000   Number         0  stubs.o ABSOLUTE
    _printf_percent                          0x00000000   Number         0  stubs.o ABSOLUTE
    _printf_pre_padding                      0x00000000   Number         0  stubs.o ABSOLUTE
    _printf_return_value                     0x00000000   Number         0  stubs.o ABSOLUTE
    _printf_s                                0x00000000   Number         0  stubs.o ABSOLUTE
    _printf_sizespec                         0x00000000   Number         0  stubs.o ABSOLUTE
    _printf_str                              0x00000000   Number         0  stubs.o ABSOLUTE
    _printf_truncate_signed                  0x00000000   Number         0  stubs.o ABSOLUTE
    _printf_truncate_unsigned                0x00000000   Number         0  stubs.o ABSOLUTE
    _printf_u                                0x00000000   Number         0  stubs.o ABSOLUTE
    _printf_wc                               0x00000000   Number         0  stubs.o ABSOLUTE
    _printf_wctomb                           0x00000000   Number         0  stubs.o ABSOLUTE
    _printf_widthprec                        0x00000000   Number         0  stubs.o ABSOLUTE
    _printf_x                                0x00000000   Number         0  stubs.o ABSOLUTE
    __decompress                              - Undefined Weak Reference
    _clock_init                               - Undefined Weak Reference
    __Vectors_Size                           0x00000188   Number         0  startup_stm32f4xx.o ABSOLUTE
    __Vectors                                0x08000000   Data           4  startup_stm32f4xx.o(RESET)
    __Vectors_End                            0x08000188   Data           0  startup_stm32f4xx.o(RESET)
    __main                                   0x08000189   Thumb Code     0  entry.o(.ARM.Collect$$$$00000000)
    _main_stk                                0x08000189   Thumb Code     0  entry2.o(.ARM.Collect$$$$00000001)
    _main_scatterload                        0x0800018d   Thumb Code     0  entry5.o(.ARM.Collect$$$$00000004)
    __main_after_scatterload                 0x08000191   Thumb Code     0  entry5.o(.ARM.Collect$$$$00000004)
    _main_clock                              0x08000191   Thumb Code     0  entry7b.o(.ARM.Collect$$$$00000008)
    _main_init                               0x08000191   Thumb Code     0  entry8.o(.ARM.Collect$$$$00000009)
    Reset_Handler                            0x0800019d   Thumb Code     8  startup_stm32f4xx.o(.text)
    ADC_IRQHandler                           0x080001b7   Thumb Code     0  startup_stm32f4xx.o(.text)
    CAN1_RX0_IRQHandler                      0x080001b7   Thumb Code     0  startup_stm32f4xx.o(.text)
    CAN1_RX1_IRQHandler                      0x080001b7   Thumb Code     0  startup_stm32f4xx.o(.text)
    CAN1_SCE_IRQHandler                      0x080001b7   Thumb Code     0  startup_stm32f4xx.o(.text)
    CAN1_TX_IRQHandler                       0x080001b7   Thumb Code     0  startup_stm32f4xx.o(.text)
    CAN2_RX0_IRQHandler                      0x080001b7   Thumb Code     0  startup_stm32f4xx.o(.text)
    CAN2_RX1_IRQHandler                      0x080001b7   Thumb Code     0  startup_stm32f4xx.o(.text)
    CAN2_SCE_IRQHandler                      0x080001b7   Thumb Code     0  startup_stm32f4xx.o(.text)
    CAN2_TX_IRQHandler                       0x080001b7   Thumb Code     0  startup_stm32f4xx.o(.text)
    CRYP_IRQHandler                          0x080001b7   Thumb Code     0  startup_stm32f4xx.o(.text)
    DCMI_IRQHandler                          0x080001b7   Thumb Code     0  startup_stm32f4xx.o(.text)
    DMA1_Stream0_IRQHandler                  0x080001b7   Thumb Code     0  startup_stm32f4xx.o(.text)
    DMA1_Stream1_IRQHandler                  0x080001b7   Thumb Code     0  startup_stm32f4xx.o(.text)
    DMA1_Stream2_IRQHandler                  0x080001b7   Thumb Code     0  startup_stm32f4xx.o(.text)
    DMA1_Stream3_IRQHandler                  0x080001b7   Thumb Code     0  startup_stm32f4xx.o(.text)
    DMA1_Stream4_IRQHandler                  0x080001b7   Thumb Code     0  startup_stm32f4xx.o(.text)
    DMA1_Stream5_IRQHandler                  0x080001b7   Thumb Code     0  startup_stm32f4xx.o(.text)
    DMA1_Stream6_IRQHandler                  0x080001b7   Thumb Code     0  startup_stm32f4xx.o(.text)
    DMA1_Stream7_IRQHandler                  0x080001b7   Thumb Code     0  startup_stm32f4xx.o(.text)
    DMA2_Stream0_IRQHandler                  0x080001b7   Thumb Code     0  startup_stm32f4xx.o(.text)
    DMA2_Stream1_IRQHandler                  0x080001b7   Thumb Code     0  startup_stm32f4xx.o(.text)
    DMA2_Stream2_IRQHandler                  0x080001b7   Thumb Code     0  startup_stm32f4xx.o(.text)
    DMA2_Stream4_IRQHandler                  0x080001b7   Thumb Code     0  startup_stm32f4xx.o(.text)
    DMA2_Stream5_IRQHandler                  0x080001b7   Thumb Code     0  startup_stm32f4xx.o(.text)
    DMA2_Stream6_IRQHandler                  0x080001b7   Thumb Code     0  startup_stm32f4xx.o(.text)
    DMA2_Stream7_IRQHandler                  0x080001b7   Thumb Code     0  startup_stm32f4xx.o(.text)
    ETH_IRQHandler                           0x080001b7   Thumb Code     0  startup_stm32f4xx.o(.text)
    ETH_WKUP_IRQHandler                      0x080001b7   Thumb Code     0  startup_stm32f4xx.o(.text)
    EXTI0_IRQHandler                         0x080001b7   Thumb Code     0  startup_stm32f4xx.o(.text)
    EXTI15_10_IRQHandler                     0x080001b7   Thumb Code     0  startup_stm32f4xx.o(.text)
    EXTI1_IRQHandler                         0x080001b7   Thumb Code     0  startup_stm32f4xx.o(.text)
    EXTI2_IRQHandler                         0x080001b7   Thumb Code     0  startup_stm32f4xx.o(.text)
    EXTI3_IRQHandler                         0x080001b7   Thumb Code     0  startup_stm32f4xx.o(.text)
    EXTI4_IRQHandler                         0x080001b7   Thumb Code     0  startup_stm32f4xx.o(.text)
    EXTI9_5_IRQHandler                       0x080001b7   Thumb Code     0  startup_stm32f4xx.o(.text)
    FLASH_IRQHandler                         0x080001b7   Thumb Code     0  startup_stm32f4xx.o(.text)
    FPU_IRQHandler                           0x080001b7   Thumb Code     0  startup_stm32f4xx.o(.text)
    FSMC_IRQHandler                          0x080001b7   Thumb Code     0  startup_stm32f4xx.o(.text)
    HASH_RNG_IRQHandler                      0x080001b7   Thumb Code     0  startup_stm32f4xx.o(.text)
    I2C1_ER_IRQHandler                       0x080001b7   Thumb Code     0  startup_stm32f4xx.o(.text)
    I2C1_EV_IRQHandler                       0x080001b7   Thumb Code     0  startup_stm32f4xx.o(.text)
    I2C2_ER_IRQHandler                       0x080001b7   Thumb Code     0  startup_stm32f4xx.o(.text)
    I2C2_EV_IRQHandler                       0x080001b7   Thumb Code     0  startup_stm32f4xx.o(.text)
    I2C3_ER_IRQHandler                       0x080001b7   Thumb Code     0  startup_stm32f4xx.o(.text)
    I2C3_EV_IRQHandler                       0x080001b7   Thumb Code     0  startup_stm32f4xx.o(.text)
    OTG_FS_IRQHandler                        0x080001b7   Thumb Code     0  startup_stm32f4xx.o(.text)
    OTG_FS_WKUP_IRQHandler                   0x080001b7   Thumb Code     0  startup_stm32f4xx.o(.text)
    OTG_HS_EP1_IN_IRQHandler                 0x080001b7   Thumb Code     0  startup_stm32f4xx.o(.text)
    OTG_HS_EP1_OUT_IRQHandler                0x080001b7   Thumb Code     0  startup_stm32f4xx.o(.text)
    OTG_HS_IRQHandler                        0x080001b7   Thumb Code     0  startup_stm32f4xx.o(.text)
    OTG_HS_WKUP_IRQHandler                   0x080001b7   Thumb Code     0  startup_stm32f4xx.o(.text)
    PVD_IRQHandler                           0x080001b7   Thumb Code     0  startup_stm32f4xx.o(.text)
    RCC_IRQHandler                           0x080001b7   Thumb Code     0  startup_stm32f4xx.o(.text)
    RTC_Alarm_IRQHandler                     0x080001b7   Thumb Code     0  startup_stm32f4xx.o(.text)
    RTC_WKUP_IRQHandler                      0x080001b7   Thumb Code     0  startup_stm32f4xx.o(.text)
    SPI1_IRQHandler                          0x080001b7   Thumb Code     0  startup_stm32f4xx.o(.text)
    SPI2_IRQHandler                          0x080001b7   Thumb Code     0  startup_stm32f4xx.o(.text)
    SPI3_IRQHandler                          0x080001b7   Thumb Code     0  startup_stm32f4xx.o(.text)
    TAMP_STAMP_IRQHandler                    0x080001b7   Thumb Code     0  startup_stm32f4xx.o(.text)
    TIM1_BRK_TIM9_IRQHandler                 0x080001b7   Thumb Code     0  startup_stm32f4xx.o(.text)
    TIM1_CC_IRQHandler                       0x080001b7   Thumb Code     0  startup_stm32f4xx.o(.text)
    TIM1_TRG_COM_TIM11_IRQHandler            0x080001b7   Thumb Code     0  startup_stm32f4xx.o(.text)
    TIM1_UP_TIM10_IRQHandler                 0x080001b7   Thumb Code     0  startup_stm32f4xx.o(.text)
    TIM2_IRQHandler                          0x080001b7   Thumb Code     0  startup_stm32f4xx.o(.text)
    TIM3_IRQHandler                          0x080001b7   Thumb Code     0  startup_stm32f4xx.o(.text)
    TIM4_IRQHandler                          0x080001b7   Thumb Code     0  startup_stm32f4xx.o(.text)
    TIM5_IRQHandler                          0x080001b7   Thumb Code     0  startup_stm32f4xx.o(.text)
    TIM6_DAC_IRQHandler                      0x080001b7   Thumb Code     0  startup_stm32f4xx.o(.text)
    TIM7_IRQHandler                          0x080001b7   Thumb Code     0  startup_stm32f4xx.o(.text)
    TIM8_BRK_TIM12_IRQHandler                0x080001b7   Thumb Code     0  startup_stm32f4xx.o(.text)
    TIM8_CC_IRQHandler                       0x080001b7   Thumb Code     0  startup_stm32f4xx.o(.text)
    TIM8_TRG_COM_TIM14_IRQHandler            0x080001b7   Thumb Code     0  startup_stm32f4xx.o(.text)
    TIM8_UP_TIM13_IRQHandler                 0x080001b7   Thumb Code     0  startup_stm32f4xx.o(.text)
    UART4_IRQHandler                         0x080001b7   Thumb Code     0  startup_stm32f4xx.o(.text)
    UART5_IRQHandler                         0x080001b7   Thumb Code     0  startup_stm32f4xx.o(.text)
    USART1_IRQHandler                        0x080001b7   Thumb Code     0  startup_stm32f4xx.o(.text)
    USART2_IRQHandler                        0x080001b7   Thumb Code     0  startup_stm32f4xx.o(.text)
    USART3_IRQHandler                        0x080001b7   Thumb Code     0  startup_stm32f4xx.o(.text)
    USART6_IRQHandler                        0x080001b7   Thumb Code     0  startup_stm32f4xx.o(.text)
    WWDG_IRQHandler                          0x080001b7   Thumb Code     0  startup_stm32f4xx.o(.text)
    __aeabi_uidiv                            0x080001c1   Thumb Code     0  uidiv.o(.text)
    __aeabi_uidivmod                         0x080001c1   Thumb Code    44  uidiv.o(.text)
    __scatterload                            0x080001ed   Thumb Code    28  init.o(.text)
    __scatterload_rt2                        0x080001ed   Thumb Code     0  init.o(.text)
    BusFault_Handler                         0x08000211   Thumb Code     4  stm32f4xx_it.o(i.BusFault_Handler)
    DMA2_Stream3_IRQHandler                  0x080004d9   Thumb Code     8  stm32f4xx_it.o(i.DMA2_Stream3_IRQHandler)
    DMA_ClearFlag                            0x080004e1   Thumb Code    38  stm32f4xx_dma.o(i.DMA_ClearFlag)
    DMA_Cmd                                  0x08000515   Thumb Code    22  stm32f4xx_dma.o(i.DMA_Cmd)
    DMA_DeInit                               0x0800052d   Thumb Code   324  stm32f4xx_dma.o(i.DMA_DeInit)
    DMA_FlowControllerConfig                 0x08000685   Thumb Code    22  stm32f4xx_dma.o(i.DMA_FlowControllerConfig)
    DMA_ITConfig                             0x0800069b   Thumb Code    58  stm32f4xx_dma.o(i.DMA_ITConfig)
    DMA_Init                                 0x080006d5   Thumb Code    82  stm32f4xx_dma.o(i.DMA_Init)
    DebugMon_Handler                         0x0800072d   Thumb Code     2  stm32f4xx_it.o(i.DebugMon_Handler)
    FSMC_NORSRAMCmd                          0x08000731   Thumb Code    46  stm32f4xx_fsmc.o(i.FSMC_NORSRAMCmd)
    FSMC_NORSRAMInit                         0x08000765   Thumb Code   224  stm32f4xx_fsmc.o(i.FSMC_NORSRAMInit)
    GPIO_Init                                0x08000aa9   Thumb Code   144  stm32f4xx_gpio.o(i.GPIO_Init)
    GPIO_PinAFConfig                         0x08000b39   Thumb Code    70  stm32f4xx_gpio.o(i.GPIO_PinAFConfig)
    GPIO_ResetBits                           0x08000b7f   Thumb Code     4  stm32f4xx_gpio.o(i.GPIO_ResetBits)
    GPIO_SetBits                             0x08000b83   Thumb Code     4  stm32f4xx_gpio.o(i.GPIO_SetBits)
    HardFault_Handler                        0x08000b87   Thumb Code     4  stm32f4xx_it.o(i.HardFault_Handler)
    LCD_Clear                                0x08000b8d   Thumb Code    38  lcd.o(i.LCD_Clear)
    LCD_DisplayChar                          0x08000bb9   Thumb Code    42  lcd.o(i.LCD_DisplayChar)
    LCD_DrawChar                             0x08000be9   Thumb Code   160  lcd.o(i.LCD_DrawChar)
    LCD_DrawNum                              0x08000c95   Thumb Code   158  lcd.o(i.LCD_DrawNum)
    LCD_DrawString                           0x08000d39   Thumb Code    42  lcd.o(i.LCD_DrawString)
    LCD_Init                                 0x08000ea1   Thumb Code  1420  lcd.o(i.LCD_Init)
    LCD_ReadReg                              0x08001435   Thumb Code    14  lcd.o(i.LCD_ReadReg)
    LCD_SetColors                            0x08001449   Thumb Code    10  lcd.o(i.LCD_SetColors)
    LCD_SetCursor                            0x0800145d   Thumb Code    30  lcd.o(i.LCD_SetCursor)
    LCD_SetFont                              0x0800147d   Thumb Code     6  lcd.o(i.LCD_SetFont)
    LCD_SetMode                              0x08001489   Thumb Code   122  lcd.o(i.LCD_SetMode)
    LCD_WriteRAM                             0x08001505   Thumb Code     6  lcd.o(i.LCD_WriteRAM)
    LCD_WriteRAM_Start                       0x08001511   Thumb Code    10  lcd.o(i.LCD_WriteRAM_Start)
    LCD_WriteReg                             0x0800151d   Thumb Code    12  lcd.o(i.LCD_WriteReg)
    LED_GPIO_Conf                            0x0800152d   Thumb Code    70  led.o(i.LED_GPIO_Conf)
    MemManage_Handler                        0x08001579   Thumb Code     4  stm32f4xx_it.o(i.MemManage_Handler)
    NMI_Handler                              0x0800157d   Thumb Code     2  stm32f4xx_it.o(i.NMI_Handler)
    NVIC_Configuration                       0x0800157f   Thumb Code    58  sdcard.o(i.NVIC_Configuration)
    NVIC_Init                                0x080015b9   Thumb Code   108  misc.o(i.NVIC_Init)
    NVIC_PriorityGroupConfig                 0x08001631   Thumb Code    10  misc.o(i.NVIC_PriorityGroupConfig)
    PendSV_Handler                           0x08001645   Thumb Code     2  stm32f4xx_it.o(i.PendSV_Handler)
    RCC_AHB1PeriphClockCmd                   0x08001649   Thumb Code    26  stm32f4xx_rcc.o(i.RCC_AHB1PeriphClockCmd)
    RCC_AHB3PeriphClockCmd                   0x08001669   Thumb Code    26  stm32f4xx_rcc.o(i.RCC_AHB3PeriphClockCmd)
    RCC_APB2PeriphClockCmd                   0x08001689   Thumb Code    26  stm32f4xx_rcc.o(i.RCC_APB2PeriphClockCmd)
    RCC_APB2PeriphResetCmd                   0x080016a9   Thumb Code    26  stm32f4xx_rcc.o(i.RCC_APB2PeriphResetCmd)
    RCC_GetClocksFreq                        0x080016c9   Thumb Code   214  stm32f4xx_rcc.o(i.RCC_GetClocksFreq)
    SDIO_ClearFlag                           0x080018c9   Thumb Code     6  stm32f4xx_sdio.o(i.SDIO_ClearFlag)
    SDIO_ClearITPendingBit                   0x080018d5   Thumb Code     6  stm32f4xx_sdio.o(i.SDIO_ClearITPendingBit)
    SDIO_ClockCmd                            0x080018e1   Thumb Code     6  stm32f4xx_sdio.o(i.SDIO_ClockCmd)
    SDIO_DMACmd                              0x080018ed   Thumb Code     6  stm32f4xx_sdio.o(i.SDIO_DMACmd)
    SDIO_DataConfig                          0x080018f9   Thumb Code    46  stm32f4xx_sdio.o(i.SDIO_DataConfig)
    SDIO_DeInit                              0x0800192d   Thumb Code    22  stm32f4xx_sdio.o(i.SDIO_DeInit)
    SDIO_GetCommandResponse                  0x08001945   Thumb Code     8  stm32f4xx_sdio.o(i.SDIO_GetCommandResponse)
    SDIO_GetFlagStatus                       0x08001951   Thumb Code    20  stm32f4xx_sdio.o(i.SDIO_GetFlagStatus)
    SDIO_GetITStatus                         0x08001969   Thumb Code    20  stm32f4xx_sdio.o(i.SDIO_GetITStatus)
    SDIO_GetPowerState                       0x08001981   Thumb Code    10  stm32f4xx_sdio.o(i.SDIO_GetPowerState)
    SDIO_GetResponse                         0x08001991   Thumb Code    12  stm32f4xx_sdio.o(i.SDIO_GetResponse)
    SDIO_IRQHandler                          0x080019a1   Thumb Code     8  stm32f4xx_it.o(i.SDIO_IRQHandler)
    SDIO_ITConfig                            0x080019a9   Thumb Code    26  stm32f4xx_sdio.o(i.SDIO_ITConfig)
    SDIO_Init                                0x080019c9   Thumb Code    42  stm32f4xx_sdio.o(i.SDIO_Init)
    SDIO_ReadData                            0x080019f9   Thumb Code     6  stm32f4xx_sdio.o(i.SDIO_ReadData)
    SDIO_SendCommand                         0x08001a05   Thumb Code    40  stm32f4xx_sdio.o(i.SDIO_SendCommand)
    SDIO_SetPowerState                       0x08001a31   Thumb Code     6  stm32f4xx_sdio.o(i.SDIO_SetPowerState)
    SD_Detect                                0x08001a3d   Thumb Code     4  sdcard.o(i.SD_Detect)
    SD_EnableWideBusOperation                0x08001a41   Thumb Code   136  sdcard.o(i.SD_EnableWideBusOperation)
    SD_GetCardInfo                           0x08001ad1   Thumb Code   764  sdcard.o(i.SD_GetCardInfo)
    SD_GetState                              0x08001ddd   Thumb Code    38  sdcard.o(i.SD_GetState)
    SD_GetStatus                             0x08001e03   Thumb Code    30  sdcard.o(i.SD_GetStatus)
    SD_Init                                  0x08001e21   Thumb Code   102  sdcard.o(i.SD_Init)
    SD_InitializeCards                       0x08001e91   Thumb Code   294  sdcard.o(i.SD_InitializeCards)
    SD_LowLevel_DMA_RxConfig                 0x08001fcd   Thumb Code   132  sdcard.o(i.SD_LowLevel_DMA_RxConfig)
    SD_LowLevel_DMA_TxConfig                 0x08002059   Thumb Code   134  sdcard.o(i.SD_LowLevel_DMA_TxConfig)
    SD_LowLevel_Init                         0x080020e9   Thumb Code   158  sdcard.o(i.SD_LowLevel_Init)
    SD_PowerON                               0x08002191   Thumb Code   374  sdcard.o(i.SD_PowerON)
    SD_ProcessDMAIRQ                         0x08002319   Thumb Code    32  sdcard.o(i.SD_ProcessDMAIRQ)
    SD_ProcessIRQSrc                         0x08002341   Thumb Code   162  sdcard.o(i.SD_ProcessIRQSrc)
    SD_ReadBlock                             0x080023ed   Thumb Code   194  sdcard.o(i.SD_ReadBlock)
    SD_ReadMultiBlocks                       0x080024cd   Thumb Code   204  sdcard.o(i.SD_ReadMultiBlocks)
    SD_SelectDeselect                        0x080025b5   Thumb Code    48  sdcard.o(i.SD_SelectDeselect)
    SD_SendStatus                            0x080025e9   Thumb Code    74  sdcard.o(i.SD_SendStatus)
    SD_StopTransfer                          0x0800263d   Thumb Code    46  sdcard.o(i.SD_StopTransfer)
    SD_WaitReadOperation                     0x08002671   Thumb Code   102  sdcard.o(i.SD_WaitReadOperation)
    SD_WriteBlock                            0x080026ed   Thumb Code   192  sdcard.o(i.SD_WriteBlock)
    SD_WriteMultiBlocks                      0x080027c9   Thumb Code   294  sdcard.o(i.SD_WriteMultiBlocks)
    SVC_Handler                              0x08002911   Thumb Code     2  stm32f4xx_it.o(i.SVC_Handler)
    SysTick_Handler                          0x080029ed   Thumb Code     8  stm32f4xx_it.o(i.SysTick_Handler)
    SysTick_Init                             0x080029f5   Thumb Code    90  delay.o(i.SysTick_Init)
    SystemInit                               0x08002a61   Thumb Code    74  system_stm32f4xx.o(i.SystemInit)
    TimeTick_Decrement                       0x08002abd   Thumb Code    18  delay.o(i.TimeTick_Decrement)
    USART1_Conf                              0x08002ad5   Thumb Code   146  usart.o(i.USART1_Conf)
    USART_Cmd                                0x08002b71   Thumb Code    24  stm32f4xx_usart.o(i.USART_Cmd)
    USART_GetFlagStatus                      0x08002b89   Thumb Code    26  stm32f4xx_usart.o(i.USART_GetFlagStatus)
    USART_Init                               0x08002ba5   Thumb Code   204  stm32f4xx_usart.o(i.USART_Init)
    USART_SendData                           0x08002c79   Thumb Code     8  stm32f4xx_usart.o(i.USART_SendData)
    UsageFault_Handler                       0x08002c81   Thumb Code     4  stm32f4xx_it.o(i.UsageFault_Handler)
    __0printf$1                              0x08002c85   Thumb Code    22  printf1.o(i.__0printf$1)
    __1printf$1                              0x08002c85   Thumb Code     0  printf1.o(i.__0printf$1)
    __2printf                                0x08002c85   Thumb Code     0  printf1.o(i.__0printf$1)
    __scatterload_copy                       0x08002ca5   Thumb Code    14  handlers.o(i.__scatterload_copy)
    __scatterload_null                       0x08002cb3   Thumb Code     2  handlers.o(i.__scatterload_null)
    __scatterload_zeroinit                   0x08002cb5   Thumb Code    14  handlers.o(i.__scatterload_zeroinit)
    clust2sect                               0x0800324d   Thumb Code    26  ff.o(i.clust2sect)
    delay_1ms                                0x08003491   Thumb Code    20  delay.o(i.delay_1ms)
    delay_nms                                0x080034a9   Thumb Code    20  delay.o(i.delay_nms)
    disk_initialize                          0x0800371f   Thumb Code    44  diskio.o(i.disk_initialize)
    disk_read                                0x0800374d   Thumb Code   108  diskio.o(i.disk_read)
    disk_status                              0x080037bd   Thumb Code    34  diskio.o(i.disk_status)
    disk_write                               0x080037e1   Thumb Code   102  diskio.o(i.disk_write)
    f_mount                                  0x0800384d   Thumb Code    38  ff.o(i.f_mount)
    f_opendir                                0x08003879   Thumb Code   110  ff.o(i.f_opendir)
    f_readdir                                0x080038e7   Thumb Code    88  ff.o(i.f_readdir)
    fputc                                    0x080039dd   Thumb Code    32  usart.o(i.fputc)
    get_fat                                  0x08003a01   Thumb Code   228  ff.o(i.get_fat)
    main                                     0x08003b7d   Thumb Code   322  main.o(i.main)
    mypow                                    0x08003ea5   Thumb Code    22  lcd.o(i.mypow)
    put_fat                                  0x08003ebb   Thumb Code   310  ff.o(i.put_fat)
    Region$$Table$$Base                      0x080069ec   Number         0  anon$$obj.o(Region$$Table)
    Region$$Table$$Limit                     0x08006a0c   Number         0  anon$$obj.o(Region$$Table)
    StopCondition                            0x20000034   Data           4  sdcard.o(.data)
    TransferError                            0x20000038   Data           1  sdcard.o(.data)
    TransferEnd                              0x2000003c   Data           4  sdcard.o(.data)
    DMAEndOfTransfer                         0x20000040   Data           4  sdcard.o(.data)
    SystemCoreClock                          0x20000054   Data           4  system_stm32f4xx.o(.data)
    AHBPrescTable                            0x20000058   Data          16  system_stm32f4xx.o(.data)
    __stdout                                 0x20000070   Data           4  stdout.o(.data)
    SDCardInfo                               0x200000a4   Data          80  sdcard.o(.bss)
    SDIO_InitStructure                       0x200000f4   Data          24  sdcard.o(.bss)
    SDIO_CmdInitStructure                    0x2000010c   Data          20  sdcard.o(.bss)
    SDIO_DataInitStructure                   0x20000120   Data          24  sdcard.o(.bss)
    __initial_sp                             0x20000538   Data           0  startup_stm32f4xx.o(STACK)



==============================================================================

Memory Map of the image

  Image Entry point : 0x08000189

  Load Region LR_IROM1 (Base: 0x08000000, Size: 0x00006a80, Max: 0x00100000, ABSOLUTE)

    Execution Region ER_IROM1 (Base: 0x08000000, Size: 0x00006a0c, Max: 0x00100000, ABSOLUTE)

    Base Addr    Size         Type   Attr      Idx    E Section Name        Object

    0x08000000   0x00000188   Data   RO         2124    RESET               startup_stm32f4xx.o
    0x08000188   0x00000000   Code   RO         2409  * .ARM.Collect$$$$00000000  mc_w.l(entry.o)
    0x08000188   0x00000004   Code   RO         2673    .ARM.Collect$$$$00000001  mc_w.l(entry2.o)
    0x0800018c   0x00000004   Code   RO         2676    .ARM.Collect$$$$00000004  mc_w.l(entry5.o)
    0x08000190   0x00000000   Code   RO         2678    .ARM.Collect$$$$00000008  mc_w.l(entry7b.o)
    0x08000190   0x00000008   Code   RO         2679    .ARM.Collect$$$$00000009  mc_w.l(entry8.o)
    0x08000198   0x00000004   Code   RO         2674    .ARM.Collect$$$$00002712  mc_w.l(entry2.o)
    0x0800019c   0x00000024   Code   RO         2125    .text               startup_stm32f4xx.o
    0x080001c0   0x0000002c   Code   RO         2681    .text               mc_w.l(uidiv.o)
    0x080001ec   0x00000024   Code   RO         2696    .text               mc_w.l(init.o)
    0x08000210   0x00000004   Code   RO          162    i.BusFault_Handler  stm32f4xx_it.o
    0x08000214   0x0000002c   Code   RO          592    i.CmdError          sdcard.o
    0x08000240   0x00000130   Code   RO          593    i.CmdResp1Error     sdcard.o
    0x08000370   0x00000048   Code   RO          594    i.CmdResp2Error     sdcard.o
    0x080003b8   0x00000038   Code   RO          595    i.CmdResp3Error     sdcard.o
    0x080003f0   0x0000009c   Code   RO          596    i.CmdResp6Error     sdcard.o
    0x0800048c   0x0000004c   Code   RO          597    i.CmdResp7Error     sdcard.o
    0x080004d8   0x00000008   Code   RO          163    i.DMA2_Stream3_IRQHandler  stm32f4xx_it.o
    0x080004e0   0x00000034   Code   RO         1966    i.DMA_ClearFlag     stm32f4xx_dma.o
    0x08000514   0x00000016   Code   RO         1968    i.DMA_Cmd           stm32f4xx_dma.o
    0x0800052a   0x00000002   PAD
    0x0800052c   0x00000158   Code   RO         1969    i.DMA_DeInit        stm32f4xx_dma.o
    0x08000684   0x00000016   Code   RO         1972    i.DMA_FlowControllerConfig  stm32f4xx_dma.o
    0x0800069a   0x0000003a   Code   RO         1979    i.DMA_ITConfig      stm32f4xx_dma.o
    0x080006d4   0x00000058   Code   RO         1980    i.DMA_Init          stm32f4xx_dma.o
    0x0800072c   0x00000002   Code   RO          164    i.DebugMon_Handler  stm32f4xx_it.o
    0x0800072e   0x00000002   PAD
    0x08000730   0x00000034   Code   RO          949    i.FSMC_NORSRAMCmd   stm32f4xx_fsmc.o
    0x08000764   0x000000e0   Code   RO          951    i.FSMC_NORSRAMInit  stm32f4xx_fsmc.o
    0x08000844   0x00000190   Code   RO          598    i.FindSCR           sdcard.o
    0x080009d4   0x000000d4   Code   RO          332    i.GPIO_AF_FSMC_Config  lcd.o
    0x08000aa8   0x00000090   Code   RO         1063    i.GPIO_Init         stm32f4xx_gpio.o
    0x08000b38   0x00000046   Code   RO         1064    i.GPIO_PinAFConfig  stm32f4xx_gpio.o
    0x08000b7e   0x00000004   Code   RO         1070    i.GPIO_ResetBits    stm32f4xx_gpio.o
    0x08000b82   0x00000004   Code   RO         1071    i.GPIO_SetBits      stm32f4xx_gpio.o
    0x08000b86   0x00000004   Code   RO          165    i.HardFault_Handler  stm32f4xx_it.o
    0x08000b8a   0x00000002   PAD
    0x08000b8c   0x0000002c   Code   RO          333    i.LCD_Clear         lcd.o
    0x08000bb8   0x00000030   Code   RO          334    i.LCD_DisplayChar   lcd.o
    0x08000be8   0x000000ac   Code   RO          337    i.LCD_DrawChar      lcd.o
    0x08000c94   0x000000a4   Code   RO          341    i.LCD_DrawNum       lcd.o
    0x08000d38   0x00000030   Code   RO          343    i.LCD_DrawString    lcd.o
    0x08000d68   0x00000062   Code   RO          346    i.LCD_FSMC_Config   lcd.o
    0x08000dca   0x00000002   PAD
    0x08000dcc   0x000000d4   Code   RO          349    i.LCD_GPIO_Config   lcd.o
    0x08000ea0   0x00000594   Code   RO          352    i.LCD_Init          lcd.o
    0x08001434   0x00000014   Code   RO          354    i.LCD_ReadReg       lcd.o
    0x08001448   0x00000014   Code   RO          356    i.LCD_SetColors     lcd.o
    0x0800145c   0x0000001e   Code   RO          357    i.LCD_SetCursor     lcd.o
    0x0800147a   0x00000002   PAD
    0x0800147c   0x0000000c   Code   RO          358    i.LCD_SetFont       lcd.o
    0x08001488   0x0000007a   Code   RO          359    i.LCD_SetMode       lcd.o
    0x08001502   0x00000002   PAD
    0x08001504   0x0000000c   Code   RO          362    i.LCD_WriteRAM      lcd.o
    0x08001510   0x0000000a   Code   RO          363    i.LCD_WriteRAM_Start  lcd.o
    0x0800151a   0x00000002   PAD
    0x0800151c   0x00000010   Code   RO          364    i.LCD_WriteReg      lcd.o
    0x0800152c   0x0000004c   Code   RO          287    i.LED_GPIO_Conf     led.o
    0x08001578   0x00000004   Code   RO          166    i.MemManage_Handler  stm32f4xx_it.o
    0x0800157c   0x00000002   Code   RO          167    i.NMI_Handler       stm32f4xx_it.o
    0x0800157e   0x0000003a   Code   RO          600    i.NVIC_Configuration  sdcard.o
    0x080015b8   0x00000078   Code   RO          840    i.NVIC_Init         misc.o
    0x08001630   0x00000014   Code   RO          841    i.NVIC_PriorityGroupConfig  misc.o
    0x08001644   0x00000002   Code   RO          168    i.PendSV_Handler    stm32f4xx_it.o
    0x08001646   0x00000002   PAD
    0x08001648   0x00000020   Code   RO         1340    i.RCC_AHB1PeriphClockCmd  stm32f4xx_rcc.o
    0x08001668   0x00000020   Code   RO         1346    i.RCC_AHB3PeriphClockCmd  stm32f4xx_rcc.o
    0x08001688   0x00000020   Code   RO         1352    i.RCC_APB2PeriphClockCmd  stm32f4xx_rcc.o
    0x080016a8   0x00000020   Code   RO         1354    i.RCC_APB2PeriphResetCmd  stm32f4xx_rcc.o
    0x080016c8   0x000000e8   Code   RO         1361    i.RCC_GetClocksFreq  stm32f4xx_rcc.o
    0x080017b0   0x00000118   Code   RO          601    i.SDEnWideBus       sdcard.o
    0x080018c8   0x0000000c   Code   RO         1777    i.SDIO_ClearFlag    stm32f4xx_sdio.o
    0x080018d4   0x0000000c   Code   RO         1778    i.SDIO_ClearITPendingBit  stm32f4xx_sdio.o
    0x080018e0   0x0000000c   Code   RO         1779    i.SDIO_ClockCmd     stm32f4xx_sdio.o
    0x080018ec   0x0000000c   Code   RO         1782    i.SDIO_DMACmd       stm32f4xx_sdio.o
    0x080018f8   0x00000034   Code   RO         1783    i.SDIO_DataConfig   stm32f4xx_sdio.o
    0x0800192c   0x00000016   Code   RO         1785    i.SDIO_DeInit       stm32f4xx_sdio.o
    0x08001942   0x00000002   PAD
    0x08001944   0x0000000c   Code   RO         1786    i.SDIO_GetCommandResponse  stm32f4xx_sdio.o
    0x08001950   0x00000018   Code   RO         1789    i.SDIO_GetFlagStatus  stm32f4xx_sdio.o
    0x08001968   0x00000018   Code   RO         1790    i.SDIO_GetITStatus  stm32f4xx_sdio.o
    0x08001980   0x00000010   Code   RO         1791    i.SDIO_GetPowerState  stm32f4xx_sdio.o
    0x08001990   0x00000010   Code   RO         1792    i.SDIO_GetResponse  stm32f4xx_sdio.o
    0x080019a0   0x00000008   Code   RO          169    i.SDIO_IRQHandler   stm32f4xx_it.o
    0x080019a8   0x00000020   Code   RO         1793    i.SDIO_ITConfig     stm32f4xx_sdio.o
    0x080019c8   0x00000030   Code   RO         1794    i.SDIO_Init         stm32f4xx_sdio.o
    0x080019f8   0x0000000c   Code   RO         1795    i.SDIO_ReadData     stm32f4xx_sdio.o
    0x08001a04   0x0000002c   Code   RO         1797    i.SDIO_SendCommand  stm32f4xx_sdio.o
    0x08001a30   0x0000000c   Code   RO         1799    i.SDIO_SetPowerState  stm32f4xx_sdio.o
    0x08001a3c   0x00000004   Code   RO          603    i.SD_Detect         sdcard.o
    0x08001a40   0x00000090   Code   RO          604    i.SD_EnableWideBusOperation  sdcard.o
    0x08001ad0   0x0000030c   Code   RO          606    i.SD_GetCardInfo    sdcard.o
    0x08001ddc   0x00000026   Code   RO          608    i.SD_GetState       sdcard.o
    0x08001e02   0x0000001e   Code   RO          609    i.SD_GetStatus      sdcard.o
    0x08001e20   0x00000070   Code   RO          611    i.SD_Init           sdcard.o
    0x08001e90   0x0000013c   Code   RO          612    i.SD_InitializeCards  sdcard.o
    0x08001fcc   0x0000008c   Code   RO          613    i.SD_LowLevel_DMA_RxConfig  sdcard.o
    0x08002058   0x00000090   Code   RO          614    i.SD_LowLevel_DMA_TxConfig  sdcard.o
    0x080020e8   0x000000a8   Code   RO          616    i.SD_LowLevel_Init  sdcard.o
    0x08002190   0x00000188   Code   RO          618    i.SD_PowerON        sdcard.o
    0x08002318   0x00000028   Code   RO          619    i.SD_ProcessDMAIRQ  sdcard.o
    0x08002340   0x000000ac   Code   RO          620    i.SD_ProcessIRQSrc  sdcard.o
    0x080023ec   0x000000e0   Code   RO          621    i.SD_ReadBlock      sdcard.o
    0x080024cc   0x000000e8   Code   RO          622    i.SD_ReadMultiBlocks  sdcard.o
    0x080025b4   0x00000034   Code   RO          623    i.SD_SelectDeselect  sdcard.o
    0x080025e8   0x00000054   Code   RO          625    i.SD_SendStatus     sdcard.o
    0x0800263c   0x00000034   Code   RO          626    i.SD_StopTransfer   sdcard.o
    0x08002670   0x0000007c   Code   RO          627    i.SD_WaitReadOperation  sdcard.o
    0x080026ec   0x000000dc   Code   RO          629    i.SD_WriteBlock     sdcard.o
    0x080027c8   0x00000148   Code   RO          630    i.SD_WriteMultiBlocks  sdcard.o
    0x08002910   0x00000002   Code   RO          170    i.SVC_Handler       stm32f4xx_it.o
    0x08002912   0x00000002   PAD
    0x08002914   0x000000d8   Code   RO         2090    i.SetSysClock       system_stm32f4xx.o
    0x080029ec   0x00000008   Code   RO          171    i.SysTick_Handler   stm32f4xx_it.o
    0x080029f4   0x0000006c   Code   RO          241    i.SysTick_Init      delay.o
    0x08002a60   0x0000005c   Code   RO         2092    i.SystemInit        system_stm32f4xx.o
    0x08002abc   0x00000018   Code   RO          242    i.TimeTick_Decrement  delay.o
    0x08002ad4   0x0000009c   Code   RO          303    i.USART1_Conf       usart.o
    0x08002b70   0x00000018   Code   RO         1160    i.USART_Cmd         stm32f4xx_usart.o
    0x08002b88   0x0000001a   Code   RO         1163    i.USART_GetFlagStatus  stm32f4xx_usart.o
    0x08002ba2   0x00000002   PAD
    0x08002ba4   0x000000d4   Code   RO         1167    i.USART_Init        stm32f4xx_usart.o
    0x08002c78   0x00000008   Code   RO         1177    i.USART_SendData    stm32f4xx_usart.o
    0x08002c80   0x00000004   Code   RO          172    i.UsageFault_Handler  stm32f4xx_it.o
    0x08002c84   0x00000020   Code   RO         2457    i.__0printf$1       mc_w.l(printf1.o)
    0x08002ca4   0x0000000e   Code   RO         2708    i.__scatterload_copy  mc_w.l(handlers.o)
    0x08002cb2   0x00000002   Code   RO         2709    i.__scatterload_null  mc_w.l(handlers.o)
    0x08002cb4   0x0000000e   Code   RO         2710    i.__scatterload_zeroinit  mc_w.l(handlers.o)
    0x08002cc2   0x00000002   PAD
    0x08002cc4   0x00000150   Code   RO         2464    i._printf_core      mc_w.l(printf1.o)
    0x08002e14   0x00000090   Code   RO         2178    i.check_fs          ff.o
    0x08002ea4   0x00000014   Code   RO         2179    i.chk_chr           ff.o
    0x08002eb8   0x00000394   Code   RO         2180    i.chk_mounted       ff.o
    0x0800324c   0x0000001a   Code   RO         2181    i.clust2sect        ff.o
    0x08003266   0x000000ca   Code   RO         2182    i.create_chain      ff.o
    0x08003330   0x00000160   Code   RO         2183    i.create_name       ff.o
    0x08003490   0x00000018   Code   RO          243    i.delay_1ms         delay.o
    0x080034a8   0x00000014   Code   RO          244    i.delay_nms         delay.o
    0x080034bc   0x0000005c   Code   RO         2184    i.dir_find          ff.o
    0x08003518   0x00000114   Code   RO         2185    i.dir_next          ff.o
    0x0800362c   0x00000056   Code   RO         2186    i.dir_read          ff.o
    0x08003682   0x0000009c   Code   RO         2189    i.dir_sdi           ff.o
    0x0800371e   0x0000002c   Code   RO         2130    i.disk_initialize   diskio.o
    0x0800374a   0x00000002   PAD
    0x0800374c   0x00000070   Code   RO         2132    i.disk_read         diskio.o
    0x080037bc   0x00000022   Code   RO         2133    i.disk_status       diskio.o
    0x080037de   0x00000002   PAD
    0x080037e0   0x0000006c   Code   RO         2134    i.disk_write        diskio.o
    0x0800384c   0x0000002c   Code   RO         2195    i.f_mount           ff.o
    0x08003878   0x0000006e   Code   RO         2197    i.f_opendir         ff.o
    0x080038e6   0x00000058   Code   RO         2199    i.f_readdir         ff.o
    0x0800393e   0x0000009e   Code   RO         2207    i.follow_path       ff.o
    0x080039dc   0x00000024   Code   RO          305    i.fputc             usart.o
    0x08003a00   0x000000e4   Code   RO         2208    i.get_fat           ff.o
    0x08003ae4   0x00000098   Code   RO         2209    i.get_fileinfo      ff.o
    0x08003b7c   0x0000027c   Code   RO            2    i.main              main.o
    0x08003df8   0x00000026   Code   RO         2210    i.mem_cmp           ff.o
    0x08003e1e   0x00000014   Code   RO         2212    i.mem_set           ff.o
    0x08003e32   0x00000072   Code   RO         2213    i.move_window       ff.o
    0x08003ea4   0x00000016   Code   RO          365    i.mypow             lcd.o
    0x08003eba   0x00000136   Code   RO         2214    i.put_fat           ff.o
    0x08003ff0   0x0000002a   Code   RO         2217    i.validate          ff.o
    0x0800401a   0x000029d0   Data   RO          366    .constdata          lcd.o
    0x080069ea   0x00000002   PAD
    0x080069ec   0x00000020   Data   RO         2706    Region$$Table       anon$$obj.o


    Execution Region RW_IRAM1 (Base: 0x20000000, Size: 0x00000538, Max: 0x00020000, ABSOLUTE)

    Base Addr    Size         Type   Attr      Idx    E Section Name        Object

    0x20000000   0x00000004   Data   RW          246    .data               delay.o
    0x20000004   0x00000028   Data   RW          367    .data               lcd.o
    0x2000002c   0x00000018   Data   RW          633    .data               sdcard.o
    0x20000044   0x00000010   Data   RW         1384    .data               stm32f4xx_rcc.o
    0x20000054   0x00000014   Data   RW         2093    .data               system_stm32f4xx.o
    0x20000068   0x00000006   Data   RW         2218    .data               ff.o
    0x2000006e   0x00000002   PAD
    0x20000070   0x00000004   Data   RW         2680    .data               mc_w.l(stdout.o)
    0x20000074   0x000000c4   Zero   RW          632    .bss                sdcard.o
    0x20000138   0x00000400   Zero   RW         2122    STACK               startup_stm32f4xx.o


==============================================================================

Image component sizes


      Code (inc. data)   RO Data    RW Data    ZI Data      Debug   Object Name

       176         28          0          4          0      20547   delay.o
       298         10          0          0          0       3597   diskio.o
      3574         46          0          6          0      19879   ff.o
      2690        108      10704         40          0      10836   lcd.o
        76          6          0          0          0        480   led.o
       636        314          0          0          0     279524   main.o
       140         22          0          0          0       1447   misc.o
      5242        336          0         24        196      30095   sdcard.o
        36          8        392          0       1024        760   startup_stm32f4xx.o
       586         40          0          0          0       4668   stm32f4xx_dma.o
       276          6          0          0          0       1721   stm32f4xx_fsmc.o
       222          0          0          0          0       2687   stm32f4xx_gpio.o
        48          0          0          0          0       4482   stm32f4xx_it.o
       360         42          0         16          0       4696   stm32f4xx_rcc.o
       362         80          0          0          0       9770   stm32f4xx_sdio.o
       270          8          0          0          0       3076   stm32f4xx_usart.o
       308         36          0         20          0       1745   system_stm32f4xx.o
       192         14          0          0          0       1138   usart.o

    ----------------------------------------------------------------------
     15518       1104      11130        112       1220     401148   Object Totals
         0          0         32          0          0          0   (incl. Generated)
        26          0          2          2          0          0   (incl. Padding)

    ----------------------------------------------------------------------

      Code (inc. data)   RO Data    RW Data    ZI Data      Debug   Library Member Name

         0          0          0          0          0          0   entry.o
         8          4          0          0          0          0   entry2.o
         4          0          0          0          0          0   entry5.o
         0          0          0          0          0          0   entry7b.o
         8          4          0          0          0          0   entry8.o
        30          0          0          0          0          0   handlers.o
        36          8          0          0          0         68   init.o
       368         14          0          0          0        180   printf1.o
         0          0          0          4          0          0   stdout.o
        44          0          0          0          0         80   uidiv.o

    ----------------------------------------------------------------------
       500         30          0          4          0        328   Library Totals
         2          0          0          0          0          0   (incl. Padding)

    ----------------------------------------------------------------------

      Code (inc. data)   RO Data    RW Data    ZI Data      Debug   Library Name

       498         30          0          4          0        328   mc_w.l

    ----------------------------------------------------------------------
       500         30          0          4          0        328   Library Totals

    ----------------------------------------------------------------------

==============================================================================


      Code (inc. data)   RO Data    RW Data    ZI Data      Debug   

     16018       1134      11130        116       1220     394664   Grand Totals
     16018       1134      11130        116       1220     394664   ELF Image Totals
     16018       1134      11130        116          0          0   ROM Totals

==============================================================================

    Total RO  Size (Code + RO Data)                27148 (  26.51kB)
    Total RW  Size (RW Data + ZI Data)              1336 (   1.30kB)
    Total ROM Size (Code + RO Data + RW Data)      27264 (  26.63kB)

==============================================================================

