###############################################################################
#
# IAR ELF Linker V7.50.1.10123/W32 for ARM                25/Feb/2016  18:24:10
# Copyright 2007-2015 IAR Systems AB.
#
#    Output file  =  
#        D:\WORK\1. PROJECT\2. ADP\7. Source
#        Code\TV001\Project\ADP_TV001\Debug\Exe\ADP.out
#    Map file     =  
#        D:\WORK\1. PROJECT\2. ADP\7. Source
#        Code\TV001\Project\ADP_TV001\Debug\List\ADP.map
#    Command line =  
#        "D:\WORK\1. PROJECT\2. ADP\7. Source
#        Code\TV001\Project\ADP_TV001\Debug\Obj\Comm.o" "D:\WORK\1. PROJECT\2.
#        ADP\7. Source Code\TV001\Project\ADP_TV001\Debug\Obj\Eecom.o"
#        "D:\WORK\1. PROJECT\2. ADP\7. Source
#        Code\TV001\Project\ADP_TV001\Debug\Obj\InitMpu.o" "D:\WORK\1.
#        PROJECT\2. ADP\7. Source
#        Code\TV001\Project\ADP_TV001\Debug\Obj\main.o" "D:\WORK\1. PROJECT\2.
#        ADP\7. Source Code\TV001\Project\ADP_TV001\Debug\Obj\misc.o"
#        "D:\WORK\1. PROJECT\2. ADP\7. Source
#        Code\TV001\Project\ADP_TV001\Debug\Obj\motion.o" "D:\WORK\1.
#        PROJECT\2. ADP\7. Source
#        Code\TV001\Project\ADP_TV001\Debug\Obj\startup_stm32f40xx.o"
#        "D:\WORK\1. PROJECT\2. ADP\7. Source
#        Code\TV001\Project\ADP_TV001\Debug\Obj\stm32f4xx_adc.o" "D:\WORK\1.
#        PROJECT\2. ADP\7. Source
#        Code\TV001\Project\ADP_TV001\Debug\Obj\stm32f4xx_can.o" "D:\WORK\1.
#        PROJECT\2. ADP\7. Source
#        Code\TV001\Project\ADP_TV001\Debug\Obj\stm32f4xx_cec.o" "D:\WORK\1.
#        PROJECT\2. ADP\7. Source
#        Code\TV001\Project\ADP_TV001\Debug\Obj\stm32f4xx_crc.o" "D:\WORK\1.
#        PROJECT\2. ADP\7. Source
#        Code\TV001\Project\ADP_TV001\Debug\Obj\stm32f4xx_cryp.o" "D:\WORK\1.
#        PROJECT\2. ADP\7. Source
#        Code\TV001\Project\ADP_TV001\Debug\Obj\stm32f4xx_cryp_aes.o"
#        "D:\WORK\1. PROJECT\2. ADP\7. Source
#        Code\TV001\Project\ADP_TV001\Debug\Obj\stm32f4xx_cryp_des.o"
#        "D:\WORK\1. PROJECT\2. ADP\7. Source
#        Code\TV001\Project\ADP_TV001\Debug\Obj\stm32f4xx_cryp_tdes.o"
#        "D:\WORK\1. PROJECT\2. ADP\7. Source
#        Code\TV001\Project\ADP_TV001\Debug\Obj\stm32f4xx_dac.o" "D:\WORK\1.
#        PROJECT\2. ADP\7. Source
#        Code\TV001\Project\ADP_TV001\Debug\Obj\stm32f4xx_dbgmcu.o" "D:\WORK\1.
#        PROJECT\2. ADP\7. Source
#        Code\TV001\Project\ADP_TV001\Debug\Obj\stm32f4xx_dcmi.o" "D:\WORK\1.
#        PROJECT\2. ADP\7. Source
#        Code\TV001\Project\ADP_TV001\Debug\Obj\stm32f4xx_dma.o" "D:\WORK\1.
#        PROJECT\2. ADP\7. Source
#        Code\TV001\Project\ADP_TV001\Debug\Obj\stm32f4xx_dma2d.o" "D:\WORK\1.
#        PROJECT\2. ADP\7. Source
#        Code\TV001\Project\ADP_TV001\Debug\Obj\stm32f4xx_dsi.o" "D:\WORK\1.
#        PROJECT\2. ADP\7. Source
#        Code\TV001\Project\ADP_TV001\Debug\Obj\stm32f4xx_exti.o" "D:\WORK\1.
#        PROJECT\2. ADP\7. Source
#        Code\TV001\Project\ADP_TV001\Debug\Obj\stm32f4xx_flash.o" "D:\WORK\1.
#        PROJECT\2. ADP\7. Source
#        Code\TV001\Project\ADP_TV001\Debug\Obj\stm32f4xx_flash_ramfunc.o"
#        "D:\WORK\1. PROJECT\2. ADP\7. Source
#        Code\TV001\Project\ADP_TV001\Debug\Obj\stm32f4xx_fmpi2c.o" "D:\WORK\1.
#        PROJECT\2. ADP\7. Source
#        Code\TV001\Project\ADP_TV001\Debug\Obj\stm32f4xx_fsmc.o" "D:\WORK\1.
#        PROJECT\2. ADP\7. Source
#        Code\TV001\Project\ADP_TV001\Debug\Obj\stm32f4xx_gpio.o" "D:\WORK\1.
#        PROJECT\2. ADP\7. Source
#        Code\TV001\Project\ADP_TV001\Debug\Obj\stm32f4xx_hash.o" "D:\WORK\1.
#        PROJECT\2. ADP\7. Source
#        Code\TV001\Project\ADP_TV001\Debug\Obj\stm32f4xx_hash_md5.o"
#        "D:\WORK\1. PROJECT\2. ADP\7. Source
#        Code\TV001\Project\ADP_TV001\Debug\Obj\stm32f4xx_hash_sha1.o"
#        "D:\WORK\1. PROJECT\2. ADP\7. Source
#        Code\TV001\Project\ADP_TV001\Debug\Obj\stm32f4xx_i2c.o" "D:\WORK\1.
#        PROJECT\2. ADP\7. Source
#        Code\TV001\Project\ADP_TV001\Debug\Obj\stm32f4xx_it.o" "D:\WORK\1.
#        PROJECT\2. ADP\7. Source
#        Code\TV001\Project\ADP_TV001\Debug\Obj\stm32f4xx_iwdg.o" "D:\WORK\1.
#        PROJECT\2. ADP\7. Source
#        Code\TV001\Project\ADP_TV001\Debug\Obj\stm32f4xx_lptim.o" "D:\WORK\1.
#        PROJECT\2. ADP\7. Source
#        Code\TV001\Project\ADP_TV001\Debug\Obj\stm32f4xx_ltdc.o" "D:\WORK\1.
#        PROJECT\2. ADP\7. Source
#        Code\TV001\Project\ADP_TV001\Debug\Obj\stm32f4xx_pwr.o" "D:\WORK\1.
#        PROJECT\2. ADP\7. Source
#        Code\TV001\Project\ADP_TV001\Debug\Obj\stm32f4xx_qspi.o" "D:\WORK\1.
#        PROJECT\2. ADP\7. Source
#        Code\TV001\Project\ADP_TV001\Debug\Obj\stm32f4xx_rcc.o" "D:\WORK\1.
#        PROJECT\2. ADP\7. Source
#        Code\TV001\Project\ADP_TV001\Debug\Obj\stm32f4xx_rng.o" "D:\WORK\1.
#        PROJECT\2. ADP\7. Source
#        Code\TV001\Project\ADP_TV001\Debug\Obj\stm32f4xx_rtc.o" "D:\WORK\1.
#        PROJECT\2. ADP\7. Source
#        Code\TV001\Project\ADP_TV001\Debug\Obj\stm32f4xx_sai.o" "D:\WORK\1.
#        PROJECT\2. ADP\7. Source
#        Code\TV001\Project\ADP_TV001\Debug\Obj\stm32f4xx_sdio.o" "D:\WORK\1.
#        PROJECT\2. ADP\7. Source
#        Code\TV001\Project\ADP_TV001\Debug\Obj\stm32f4xx_spdifrx.o"
#        "D:\WORK\1. PROJECT\2. ADP\7. Source
#        Code\TV001\Project\ADP_TV001\Debug\Obj\stm32f4xx_spi.o" "D:\WORK\1.
#        PROJECT\2. ADP\7. Source
#        Code\TV001\Project\ADP_TV001\Debug\Obj\stm32f4xx_syscfg.o" "D:\WORK\1.
#        PROJECT\2. ADP\7. Source
#        Code\TV001\Project\ADP_TV001\Debug\Obj\stm32f4xx_tim.o" "D:\WORK\1.
#        PROJECT\2. ADP\7. Source
#        Code\TV001\Project\ADP_TV001\Debug\Obj\stm32f4xx_usart.o" "D:\WORK\1.
#        PROJECT\2. ADP\7. Source
#        Code\TV001\Project\ADP_TV001\Debug\Obj\stm32f4xx_wwdg.o" "D:\WORK\1.
#        PROJECT\2. ADP\7. Source
#        Code\TV001\Project\ADP_TV001\Debug\Obj\system_stm32f4xx.o" "D:\WORK\1.
#        PROJECT\2. ADP\7. Source
#        Code\TV001\Project\ADP_TV001\Debug\Obj\tmc5031.o" -o "D:\WORK\1.
#        PROJECT\2. ADP\7. Source
#        Code\TV001\Project\ADP_TV001\Debug\Exe\ADP.out" --map "D:\WORK\1.
#        PROJECT\2. ADP\7. Source
#        Code\TV001\Project\ADP_TV001\Debug\List\ADP.map" --config "D:\WORK\1.
#        PROJECT\2. ADP\7. Source Code\TV001\Project\ADP_TV001\ADP.icf"
#        --semihosting --entry __iar_program_start --vfe
#
###############################################################################

*******************************************************************************
*** RUNTIME MODEL ATTRIBUTES
***

CppFlavor       = *
__SystemLibrary = DLib


*******************************************************************************
*** PLACEMENT SUMMARY
***

"A1":  place at 0x08000000 { ro section .intvec };
"P1":  place in [from 0x08000000 to 0x080fffff] { ro };
"P2":  place in [from 0x20000000 to 0x2001ffff] { rw, block CSTACK, block HEAP };

  Section            Kind        Address    Size  Object
  -------            ----        -------    ----  ------
"A1":                                      0x188
  .intvec            ro code  0x08000000   0x188  startup_stm32f40xx.o [1]
                            - 0x08000188   0x188

"P1":                                     0x2004
  .text              ro code  0x08000188   0x6c4  motion.o [1]
  .text              ro code  0x0800084c   0x23c  tmc5031.o [1]
  .text              ro code  0x08000a88   0x10c  stm32f4xx_gpio.o [1]
  .text              ro code  0x08000b94    0x56  ABImemcpy_unaligned.o [4]
  .text              ro code  0x08000bec    0x76  stm32f4xx_spi.o [1]
  .text              ro code  0x08000c64   0x4cc  Eecom.o [1]
  .text              ro code  0x08001130   0x31c  Comm.o [1]
  .text              ro code  0x0800144c   0x2c6  stm32f4xx_usart.o [1]
  .text              ro code  0x08001714   0x1b0  stm32f4xx_rcc.o [1]
  .text              ro code  0x080018c4   0x2b4  InitMpu.o [1]
  .text              ro code  0x08001b78    0x94  misc.o [1]
  .text              ro code  0x08001c0c   0x144  system_stm32f4xx.o [1]
  .text              ro code  0x08001d50    0xf4  main.o [1]
  .rodata            const    0x08001e44    0x80  tmc5031.o [1]
  .text              ro code  0x08001ec4    0x50  stm32f4xx_it.o [1]
  .text              ro code  0x08001f14    0x40  zero_init3.o [4]
  .text              ro code  0x08001f54    0x2c  copy_init3.o [4]
  .text              ro code  0x08001f80    0x28  data_init.o [4]
  .iar.init_table    const    0x08001fa8    0x24  - Linker created -
  Initializer bytes  const    0x08001fcc    0x20  <for P2-1>
  .text              ro code  0x08001fec    0x1a  cmain.o [4]
  .text              ro code  0x08002006     0x4  low_level_init.o [3]
  .text              ro code  0x0800200a     0x4  exit.o [3]
  .text              ro code  0x08002010     0xa  cexit.o [4]
  .text              ro code  0x0800201c    0x14  exit.o [5]
  .text              ro code  0x08002030    0x10  startup_stm32f40xx.o [1]
  .text              ro code  0x08002040     0xc  cstartup_M.o [4]
  .text              ro code  0x0800204c     0x4  startup_stm32f40xx.o [1]
  .text              ro code  0x08002050     0x4  startup_stm32f40xx.o [1]
  .text              ro code  0x08002054     0x4  startup_stm32f40xx.o [1]
  .text              ro code  0x08002058     0x4  startup_stm32f40xx.o [1]
  .text              ro code  0x0800205c     0x4  startup_stm32f40xx.o [1]
  .text              ro code  0x08002060     0x4  startup_stm32f40xx.o [1]
  .text              ro code  0x08002064     0x4  startup_stm32f40xx.o [1]
  .text              ro code  0x08002068     0x4  startup_stm32f40xx.o [1]
  .text              ro code  0x0800206c     0x4  startup_stm32f40xx.o [1]
  .text              ro code  0x08002070     0x4  startup_stm32f40xx.o [1]
  .text              ro code  0x08002074     0x4  startup_stm32f40xx.o [1]
  .text              ro code  0x08002078     0x4  startup_stm32f40xx.o [1]
  .text              ro code  0x0800207c     0x4  startup_stm32f40xx.o [1]
  .text              ro code  0x08002080     0x4  startup_stm32f40xx.o [1]
  .text              ro code  0x08002084     0x4  startup_stm32f40xx.o [1]
  .text              ro code  0x08002088     0x4  startup_stm32f40xx.o [1]
  .text              ro code  0x0800208c     0x4  startup_stm32f40xx.o [1]
  .text              ro code  0x08002090     0x4  startup_stm32f40xx.o [1]
  .text              ro code  0x08002094     0x4  startup_stm32f40xx.o [1]
  .text              ro code  0x08002098     0x4  startup_stm32f40xx.o [1]
  .text              ro code  0x0800209c     0x4  startup_stm32f40xx.o [1]
  .text              ro code  0x080020a0     0x4  startup_stm32f40xx.o [1]
  .text              ro code  0x080020a4     0x4  startup_stm32f40xx.o [1]
  .text              ro code  0x080020a8     0x4  startup_stm32f40xx.o [1]
  .text              ro code  0x080020ac     0x4  startup_stm32f40xx.o [1]
  .text              ro code  0x080020b0     0x4  startup_stm32f40xx.o [1]
  .text              ro code  0x080020b4     0x4  startup_stm32f40xx.o [1]
  .text              ro code  0x080020b8     0x4  startup_stm32f40xx.o [1]
  .text              ro code  0x080020bc     0x4  startup_stm32f40xx.o [1]
  .text              ro code  0x080020c0     0x4  startup_stm32f40xx.o [1]
  .text              ro code  0x080020c4     0x4  startup_stm32f40xx.o [1]
  .text              ro code  0x080020c8     0x4  startup_stm32f40xx.o [1]
  .text              ro code  0x080020cc     0x4  startup_stm32f40xx.o [1]
  .text              ro code  0x080020d0     0x4  startup_stm32f40xx.o [1]
  .text              ro code  0x080020d4     0x4  startup_stm32f40xx.o [1]
  .text              ro code  0x080020d8     0x4  startup_stm32f40xx.o [1]
  .text              ro code  0x080020dc     0x4  startup_stm32f40xx.o [1]
  .text              ro code  0x080020e0     0x4  startup_stm32f40xx.o [1]
  .text              ro code  0x080020e4     0x4  startup_stm32f40xx.o [1]
  .text              ro code  0x080020e8     0x4  startup_stm32f40xx.o [1]
  .text              ro code  0x080020ec     0x4  startup_stm32f40xx.o [1]
  .text              ro code  0x080020f0     0x4  startup_stm32f40xx.o [1]
  .text              ro code  0x080020f4     0x4  startup_stm32f40xx.o [1]
  .text              ro code  0x080020f8     0x4  startup_stm32f40xx.o [1]
  .text              ro code  0x080020fc     0x4  startup_stm32f40xx.o [1]
  .text              ro code  0x08002100     0x4  startup_stm32f40xx.o [1]
  .text              ro code  0x08002104     0x4  startup_stm32f40xx.o [1]
  .text              ro code  0x08002108     0x4  startup_stm32f40xx.o [1]
  .text              ro code  0x0800210c     0x4  startup_stm32f40xx.o [1]
  .text              ro code  0x08002110     0x4  startup_stm32f40xx.o [1]
  .text              ro code  0x08002114     0x4  startup_stm32f40xx.o [1]
  .text              ro code  0x08002118     0x4  startup_stm32f40xx.o [1]
  .text              ro code  0x0800211c     0x4  startup_stm32f40xx.o [1]
  .text              ro code  0x08002120     0x4  startup_stm32f40xx.o [1]
  .text              ro code  0x08002124     0x4  startup_stm32f40xx.o [1]
  .text              ro code  0x08002128     0x4  startup_stm32f40xx.o [1]
  .text              ro code  0x0800212c     0x4  startup_stm32f40xx.o [1]
  .text              ro code  0x08002130     0x4  startup_stm32f40xx.o [1]
  .text              ro code  0x08002134     0x4  startup_stm32f40xx.o [1]
  .text              ro code  0x08002138     0x4  startup_stm32f40xx.o [1]
  .text              ro code  0x0800213c     0x4  startup_stm32f40xx.o [1]
  .text              ro code  0x08002140     0x4  startup_stm32f40xx.o [1]
  .text              ro code  0x08002144     0x4  startup_stm32f40xx.o [1]
  .text              ro code  0x08002148     0x4  startup_stm32f40xx.o [1]
  .text              ro code  0x0800214c     0x4  startup_stm32f40xx.o [1]
  .text              ro code  0x08002150     0x4  startup_stm32f40xx.o [1]
  .text              ro code  0x08002154     0x4  startup_stm32f40xx.o [1]
  .text              ro code  0x08002158     0x4  startup_stm32f40xx.o [1]
  .text              ro code  0x0800215c     0x4  startup_stm32f40xx.o [1]
  .text              ro code  0x08002160     0x4  startup_stm32f40xx.o [1]
  .text              ro code  0x08002164     0x4  startup_stm32f40xx.o [1]
  .text              ro code  0x08002168     0x4  startup_stm32f40xx.o [1]
  .text              ro code  0x0800216c     0x4  startup_stm32f40xx.o [1]
  .text              ro code  0x08002170     0x4  startup_stm32f40xx.o [1]
  .text              ro code  0x08002174     0x4  startup_stm32f40xx.o [1]
  .text              ro code  0x08002178     0x4  startup_stm32f40xx.o [1]
  .text              ro code  0x0800217c     0x4  startup_stm32f40xx.o [1]
  .text              ro code  0x08002180     0x4  startup_stm32f40xx.o [1]
  .text              ro code  0x08002184     0x4  startup_stm32f40xx.o [1]
  .text              ro code  0x08002188     0x4  startup_stm32f40xx.o [1]
  .rodata            const    0x0800218c     0x0  zero_init3.o [4]
  .rodata            const    0x0800218c     0x0  copy_init3.o [4]
                            - 0x0800218c  0x2004

"P2", part 1 of 3:                          0x20
  P2-1                        0x20000000    0x1d  <Init block>
    .data            inited   0x20000000     0xc  Comm.o [1]
    .data            inited   0x2000000c    0x10  stm32f4xx_rcc.o [1]
    .data            inited   0x2000001c     0x1  Eecom.o [1]
                            - 0x2000001d    0x1d

"P2", part 2 of 3:                        0x2000
  CSTACK                      0x20000020  0x2000  <Block>
    CSTACK           uninit   0x20000020  0x2000  <Block tail>
                            - 0x20002020  0x2000

"P2", part 3 of 3:                         0xbf8
  .bss               zero     0x20002020   0x300  Comm.o [1]
  .bss               zero     0x20002320   0x300  Comm.o [1]
  .bss               zero     0x20002620   0x300  Comm.o [1]
  .bss               zero     0x20002920   0x200  tmc5031.o [1]
  .bss               zero     0x20002b20    0x24  motion.o [1]
  .bss               zero     0x20002b44    0x10  main.o [1]
  .bss               zero     0x20002b54     0xc  Eecom.o [1]
  .bss               zero     0x20002b60     0xc  Eecom.o [1]
  .bss               zero     0x20002b6c     0xc  Eecom.o [1]
  .bss               zero     0x20002b78     0xc  Eecom.o [1]
  .bss               zero     0x20002b84     0x8  Comm.o [1]
  .bss               zero     0x20002b8c     0x8  Comm.o [1]
  .bss               zero     0x20002b94     0x8  Comm.o [1]
  .bss               zero     0x20002b9c     0x8  Comm.o [1]
  .bss               zero     0x20002ba4     0x8  Comm.o [1]
  .bss               zero     0x20002bac     0x8  Comm.o [1]
  .bss               zero     0x20002bb4     0x8  Comm.o [1]
  .bss               zero     0x20002bbc     0x8  Comm.o [1]
  .bss               zero     0x20002bc4     0x8  Eecom.o [1]
  .bss               zero     0x20002bcc     0x8  Eecom.o [1]
  .bss               zero     0x20002bd4     0x8  InitMpu.o [1]
  .bss               zero     0x20002bdc     0x4  Comm.o [1]
  .bss               zero     0x20002be0     0x4  main.o [1]
  .bss               zero     0x20002be4     0x4  motion.o [1]
  .bss               zero     0x20002be8     0x4  motion.o [1]
  .bss               zero     0x20002bec     0x4  motion.o [1]
  .bss               zero     0x20002bf0     0x4  motion.o [1]
  .bss               zero     0x20002bf4     0x4  motion.o [1]
  .bss               zero     0x20002bf8     0x4  motion.o [1]
  .bss               zero     0x20002bfc     0x4  motion.o [1]
  .bss               zero     0x20002c00     0x4  motion.o [1]
  .bss               zero     0x20002c04     0x4  motion.o [1]
  .bss               zero     0x20002c08     0x4  motion.o [1]
  .bss               zero     0x20002c0c     0x4  motion.o [1]
  .bss               zero     0x20002c10     0x2  Eecom.o [1]
  .bss               zero     0x20002c12     0x2  Eecom.o [1]
  .bss               zero     0x20002c14     0x2  motion.o [1]
  .bss               zero     0x20002c16     0x1  Eecom.o [1]
  .bss               zero     0x20002c17     0x1  main.o [1]
                            - 0x20002c18   0xbf8


*******************************************************************************
*** INIT TABLE
***

          Address     Size
          -------     ----
Zero (__iar_zero_init3)
    1 destination range, total size 0xbf8:
          0x20002020  0xbf8

Copy (__iar_copy_init3)
    1 source range, total size 0x20 (110% of destination):
          0x08001fcc   0x20
    1 destination range, total size 0x1d:
          0x20000000   0x1d



*******************************************************************************
*** MODULE SUMMARY
***

    Module                 ro code  ro data  rw data
    ------                 -------  -------  -------
D:\WORK\1. PROJECT\2. ADP\7. Source Code\TV001\Project\ADP_TV001\Debug\Obj: [1]
    Comm.o                     796       12    2 384
    Eecom.o                  1 228        1       70
    InitMpu.o                  692                 8
    main.o                     244                21
    misc.o                     148
    motion.o                 1 732                82
    startup_stm32f40xx.o       728
    stm32f4xx_gpio.o           268
    stm32f4xx_it.o              80
    stm32f4xx_rcc.o            432       16       16
    stm32f4xx_spi.o            118
    stm32f4xx_usart.o          710
    system_stm32f4xx.o         324
    tmc5031.o                  572      128      512
    ------------------------------------------------
    Total:                   8 072      157    3 093

command line: [2]
    ------------------------------------------------
    Total:

dl7M_tlf.a: [3]
    exit.o                       4
    low_level_init.o             4
    ------------------------------------------------
    Total:                       8

rt7M_tl.a: [4]
    ABImemcpy_unaligned.o       86
    cexit.o                     10
    cmain.o                     26
    copy_init3.o                44
    cstartup_M.o                12
    data_init.o                 40
    zero_init3.o                64
    ------------------------------------------------
    Total:                     282

shb_l.a: [5]
    exit.o                      20
    ------------------------------------------------
    Total:                      20

    Gaps                        10
    Linker created                       39    8 192
----------------------------------------------------
    Grand Total:             8 392      196   11 285


*******************************************************************************
*** ENTRY LIST
***

Entry                      Address   Size  Type      Object
-----                      -------   ----  ----      ------
.iar.init_table$$Base   0x08001fa8          --   Gb  - Linker created -
.iar.init_table$$Limit  0x08001fcc          --   Gb  - Linker created -
?main                   0x08001fed         Code  Gb  cmain.o [4]
APBAHBPrescTable        0x2000000c   0x10  Data  Lc  stm32f4xx_rcc.o [1]
BusFault_Handler        0x08001ecb    0x2  Code  Gb  stm32f4xx_it.o [1]
CSTACK$$Base            0x20000020          --   Gb  - Linker created -
CSTACK$$Limit           0x20002020          --   Gb  - Linker created -
ComSharRxBuf            0x20002620  0x300  Data  Gb  Comm.o [1]
ComSharTxBuf            0x20002320  0x300  Data  Gb  Comm.o [1]
CommErrCnt              0x20002bbc    0x8  Data  Gb  Comm.o [1]
CommRxPtr               0x20002bb4    0x8  Data  Gb  Comm.o [1]
CommTxSz                0x20002bac    0x8  Data  Gb  Comm.o [1]
Comm_TxService          0x08001241   0x14  Code  Gb  Comm.o [1]
Comm_main               0x080012f1  0x124  Code  Gb  Comm.o [1]
DebugMon_Handler        0x08001ed1    0x2  Code  Gb  stm32f4xx_it.o [1]
Delay                   0x08001df9   0x14  Code  Lc  main.o [1]
EecomDataNum            0x20002bcc    0x8  Data  Gb  Eecom.o [1]
EecomStep               0x20002bc4    0x8  Data  Gb  Eecom.o [1]
Eecom_AckFrame          0x0800104f   0xac  Code  Gb  Eecom.o [1]
Eecom_CmdExe            0x08000f89   0xc6  Code  Gb  Eecom.o [1]
Eecom_Comm              0x08000ca1   0x76  Code  Gb  Eecom.o [1]
Eecom_FrameCheck        0x08000d17  0x272  Code  Gb  Eecom.o [1]
Eecom_Init              0x08000c65   0x3c  Code  Gb  Eecom.o [1]
GPIO_Init               0x08000a89   0xa4  Code  Gb  stm32f4xx_gpio.o [1]
GPIO_InitStructure      0x20002bd4    0x8  Data  Gb  InitMpu.o [1]
GPIO_PinAFConfig        0x08000b45   0x50  Code  Gb  stm32f4xx_gpio.o [1]
GPIO_ToggleBits         0x08000b3b    0xa  Code  Gb  stm32f4xx_gpio.o [1]
GPIO_WriteBit           0x08000b2d    0xe  Code  Gb  stm32f4xx_gpio.o [1]
GenInput                0x20002be4    0x4  Data  Gb  motion.o [1]
HardFault_Handler       0x08001ec7    0x2  Code  Gb  stm32f4xx_it.o [1]
IS_TxBusy               0x080011ed   0x16  Code  Gb  Comm.o [1]
InitMotorDrivers        0x08000189   0x44  Code  Gb  motion.o [1]
Init_Input              0x08001ab7    0x2  Code  Gb  InitMpu.o [1]
Init_LED                0x08001ab9   0x32  Code  Gb  InitMpu.o [1]
Init_Mpu                0x08001b5d   0x1c  Code  Gb  InitMpu.o [1]
Init_NVIC               0x08001aeb   0x5a  Code  Gb  InitMpu.o [1]
Init_Output             0x08001a7d   0x3a  Code  Gb  InitMpu.o [1]
Init_SPI1               0x080018c5  0x10a  Code  Gb  InitMpu.o [1]
Init_USART2             0x080019cf   0xae  Code  Gb  InitMpu.o [1]
MemManage_Handler       0x08001ec9    0x2  Code  Gb  stm32f4xx_it.o [1]
ModuleID                0x2000001c    0x1  Data  Gb  Eecom.o [1]
MotionInc               0x080001cd   0x9c  Code  Gb  motion.o [1]
MotionStatus            0x20002bec    0x4  Data  Gb  motion.o [1]
Motion_Action           0x08000415  0x3ca  Code  Gb  motion.o [1]
Motion_Param            0x20002b20   0x24  Data  Gb  motion.o [1]
Motion_main             0x080002c5  0x150  Code  Gb  motion.o [1]
NMI_Handler             0x08001ec5    0x2  Code  Gb  stm32f4xx_it.o [1]
NVIC_Init               0x08001b83   0x60  Code  Gb  misc.o [1]
NVIC_PriorityGroupConfig
                        0x08001b79    0xa  Code  Gb  misc.o [1]
NVIC_SetPriority        0x08001d51   0x22  Code  Lc  main.o [1]
NVIC_SetVectorTable     0x08001be3    0xc  Code  Gb  misc.o [1]
NowProtoType            0x20002bdc    0x4  Data  Gb  Comm.o [1]
PendSV_Handler          0x08001ed3    0x2  Code  Gb  stm32f4xx_it.o [1]
Posx                    0x20002bf4    0x4  Data  Gb  motion.o [1]
Posy                    0x20002bf8    0x4  Data  Gb  motion.o [1]
RCC_AHB1PeriphClockCmd  0x080017fd   0x20  Code  Gb  stm32f4xx_rcc.o [1]
RCC_APB1PeriphClockCmd  0x0800181d   0x20  Code  Gb  stm32f4xx_rcc.o [1]
RCC_APB1PeriphResetCmd  0x0800185d   0x20  Code  Gb  stm32f4xx_rcc.o [1]
RCC_APB2PeriphClockCmd  0x0800183d   0x20  Code  Gb  stm32f4xx_rcc.o [1]
RCC_APB2PeriphResetCmd  0x0800187d   0x20  Code  Gb  stm32f4xx_rcc.o [1]
RCC_Clocks              0x20002b44   0x10  Data  Gb  main.o [1]
RCC_GetClocksFreq       0x08001721   0xdc  Code  Gb  stm32f4xx_rcc.o [1]
RCC_GetSYSCLKSource     0x08001715    0xc  Code  Gb  stm32f4xx_rcc.o [1]
RDRVENN                 0x20002bfc    0x4  Data  Gb  motion.o [1]
ReadGstat               0x080002bb    0xa  Code  Gb  motion.o [1]
ReadInput               0x08000269   0x16  Code  Gb  motion.o [1]
ReadPos                 0x0800027f   0x14  Code  Gb  motion.o [1]
ReadRamStat             0x080002a7   0x14  Code  Gb  motion.o [1]
ReadSwMode              0x08000293   0x14  Code  Gb  motion.o [1]
ReadTMC562Int           0x080009c5   0xaa  Code  Gb  tmc5031.o [1]
ReadWriteSPI            0x0800084d   0xaa  Code  Gb  tmc5031.o [1]
Region$$Table$$Base     0x08001fa8          --   Gb  - Linker created -
Region$$Table$$Limit    0x08001fcc          --   Gb  - Linker created -
RingBufEnd              0x20002b84    0x8  Data  Gb  Comm.o [1]
RingBufFst              0x20002b8c    0x8  Data  Gb  Comm.o [1]
RingBufRxd              0x20002020  0x300  Data  Gb  Comm.o [1]
RxBuf_RecvDataChk       0x080011c7   0x26  Code  Gb  Comm.o [1]
SPI_Cmd                 0x08000c2b   0x1c  Code  Gb  stm32f4xx_spi.o [1]
SPI_I2S_GetFlagStatus   0x08000c4f   0x14  Code  Gb  stm32f4xx_spi.o [1]
SPI_I2S_ReceiveData     0x08000c47    0x4  Code  Gb  stm32f4xx_spi.o [1]
SPI_I2S_SendData        0x08000c4b    0x4  Code  Gb  stm32f4xx_spi.o [1]
SPI_Init                0x08000bed   0x3e  Code  Gb  stm32f4xx_spi.o [1]
SVC_Handler             0x08001ecf    0x2  Code  Gb  stm32f4xx_it.o [1]
SWVER                   0x20002c00    0x4  Data  Gb  motion.o [1]
SetSysClock             0x08001c53   0xce  Code  Lc  system_stm32f4xx.o [1]
SysTick_Config          0x08001d73   0x2e  Code  Lc  main.o [1]
SysTick_Handler         0x08001ed5    0x8  Code  Gb  stm32f4xx_it.o [1]
SystemInit              0x08001c0d   0x46  Code  Gb  system_stm32f4xx.o [1]
TMC562RegisterReadable  0x08001e44   0x80  Data  Lc  tmc5031.o [1]
TMC562SoftwareCopy      0x20002920  0x200  Data  Lc  tmc5031.o [1]
TempRdSz1               0x20002c12    0x2  Data  Gb  Eecom.o [1]
Test1                   0x20002be8    0x4  Data  Gb  motion.o [1]
TimingDelay_Decrement   0x08001e0d   0x14  Code  Gb  main.o [1]
TxSvcPtr                0x20002b9c    0x8  Data  Gb  Comm.o [1]
USART1_IRQHandler       0x08001edd    0x2  Code  Gb  stm32f4xx_it.o [1]
USART2_IRQHandler       0x08001edf   0x32  Code  Gb  stm32f4xx_it.o [1]
USART_ClearITPendingBit
                        0x080016f5   0x1e  Code  Gb  stm32f4xx_usart.o [1]
USART_Cmd               0x08001601   0x1c  Code  Gb  stm32f4xx_usart.o [1]
USART_DeInit            0x0800144d   0xda  Code  Gb  stm32f4xx_usart.o [1]
USART_GetFlagStatus     0x08001677   0x1a  Code  Gb  stm32f4xx_usart.o [1]
USART_GetITStatus       0x08001691   0x64  Code  Gb  stm32f4xx_usart.o [1]
USART_ITConfig          0x08001625   0x52  Code  Gb  stm32f4xx_usart.o [1]
USART_Init              0x08001527   0xb6  Code  Gb  stm32f4xx_usart.o [1]
USART_SendData          0x0800161d    0x8  Code  Gb  stm32f4xx_usart.o [1]
UartRx_GetData          0x0800129d   0x54  Code  Gb  Comm.o [1]
UartRx_RefData          0x08001255   0x48  Code  Gb  Comm.o [1]
Uart_TxService          0x08001203   0x3e  Code  Gb  Comm.o [1]
UsageFault_Handler      0x08001ecd    0x2  Code  Gb  stm32f4xx_it.o [1]
Usart2_RxdISR           0x08001131   0x38  Code  Gb  Comm.o [1]
Usart2_TxdISR           0x08001169   0x5e  Code  Gb  Comm.o [1]
UsartTxSvcSz            0x20002b94    0x8  Data  Gb  Comm.o [1]
UsartTxSz               0x20002ba4    0x8  Data  Gb  Comm.o [1]
UsartType               0x20000000    0xc  Data  Gb  Comm.o [1]
WriteTMC562Datagram     0x080008f7   0x74  Code  Gb  tmc5031.o [1]
WriteTMC562Int          0x0800096b   0x5a  Code  Gb  tmc5031.o [1]
__cmain                 0x08001fed         Code  Gb  cmain.o [4]
__exit                  0x0800201d   0x14  Code  Gb  exit.o [5]
__iar_copy_init3        0x08001f55   0x2c  Code  Gb  copy_init3.o [4]
__iar_data_init3        0x08001f81   0x28  Code  Gb  data_init.o [4]
__iar_program_start     0x08002041         Code  Gb  cstartup_M.o [4]
__iar_unaligned___aeabi_memcpy4
                        0x08000b95         Code  Gb  ABImemcpy_unaligned.o [4]
__iar_unaligned___aeabi_memcpy8
                        0x08000b95         Code  Gb  ABImemcpy_unaligned.o [4]
__iar_zero_init3        0x08001f15   0x40  Code  Gb  zero_init3.o [4]
__low_level_init        0x08002007    0x4  Code  Gb  low_level_init.o [3]
__vector_table          0x08000000         Data  Gb  startup_stm32f40xx.o [1]
_call_main              0x08001ff9         Code  Gb  cmain.o [4]
_exit                   0x08002011         Code  Gb  cexit.o [4]
_main                   0x08002003         Code  Gb  cmain.o [4]
error                   0x20002bf0    0x4  Data  Gb  motion.o [1]
exit                    0x0800200b    0x4  Code  Gb  exit.o [3]
fFrameFullOk            0x20002c16    0x1  Data  Gb  Eecom.o [1]
main                    0x08001da1   0x58  Code  Gb  main.o [1]
nSVL                    0x20002c14    0x2  Data  Gb  motion.o [1]
pEecomRxBuf             0x20002b6c    0xc  Data  Gb  Eecom.o [1]
pEecomRxSz              0x20002b54    0xc  Data  Gb  Eecom.o [1]
pEecomTxBuf             0x20002b78    0xc  Data  Gb  Eecom.o [1]
pEecomTxSz              0x20002b60    0xc  Data  Gb  Eecom.o [1]
rmst                    0x20002c08    0x4  Data  Gb  motion.o [1]
rmst1                   0x20002c0c    0x4  Data  Gb  motion.o [1]
swm                     0x20002c04    0x4  Data  Gb  motion.o [1]
temp                    0x20002c17    0x1  Data  Gb  main.o [1]
test111                 0x20002c10    0x2  Data  Gb  Eecom.o [1]
uwTimingDelay           0x20002be0    0x4  Data  Lc  main.o [1]


[1] = D:\WORK\1. PROJECT\2. ADP\7. Source Code\TV001\Project\ADP_TV001\Debug\Obj
[2] = command line
[3] = dl7M_tlf.a
[4] = rt7M_tl.a
[5] = shb_l.a

   8 392 bytes of readonly  code memory
     196 bytes of readonly  data memory
  11 285 bytes of readwrite data memory

Errors: none
Warnings: none
