###############################################################################
#
# IAR ELF Linker V7.50.1.10123/W32 for ARM                12/May/2016  20:37:08
# Copyright 2007-2015 IAR Systems AB.
#
#    Output file  =  E:\TV001\Project\NX48HA\Debug\Exe\NX48HA.out
#    Map file     =  E:\TV001\Project\NX48HA\Debug\List\NX48HA.map
#    Command line =  
#        E:\TV001\Project\NX48HA\Debug\Obj\InitMpu.o
#        E:\TV001\Project\NX48HA\Debug\Obj\main.o
#        E:\TV001\Project\NX48HA\Debug\Obj\misc.o
#        E:\TV001\Project\NX48HA\Debug\Obj\motion.o
#        E:\TV001\Project\NX48HA\Debug\Obj\pcl6144.o
#        E:\TV001\Project\NX48HA\Debug\Obj\startup_stm32f40_41xxx.o
#        E:\TV001\Project\NX48HA\Debug\Obj\stm32f4xx_adc.o
#        E:\TV001\Project\NX48HA\Debug\Obj\stm32f4xx_can.o
#        E:\TV001\Project\NX48HA\Debug\Obj\stm32f4xx_cec.o
#        E:\TV001\Project\NX48HA\Debug\Obj\stm32f4xx_crc.o
#        E:\TV001\Project\NX48HA\Debug\Obj\stm32f4xx_cryp.o
#        E:\TV001\Project\NX48HA\Debug\Obj\stm32f4xx_cryp_aes.o
#        E:\TV001\Project\NX48HA\Debug\Obj\stm32f4xx_cryp_des.o
#        E:\TV001\Project\NX48HA\Debug\Obj\stm32f4xx_cryp_tdes.o
#        E:\TV001\Project\NX48HA\Debug\Obj\stm32f4xx_dac.o
#        E:\TV001\Project\NX48HA\Debug\Obj\stm32f4xx_dbgmcu.o
#        E:\TV001\Project\NX48HA\Debug\Obj\stm32f4xx_dcmi.o
#        E:\TV001\Project\NX48HA\Debug\Obj\stm32f4xx_dma.o
#        E:\TV001\Project\NX48HA\Debug\Obj\stm32f4xx_dma2d.o
#        E:\TV001\Project\NX48HA\Debug\Obj\stm32f4xx_dsi.o
#        E:\TV001\Project\NX48HA\Debug\Obj\stm32f4xx_exti.o
#        E:\TV001\Project\NX48HA\Debug\Obj\stm32f4xx_flash.o
#        E:\TV001\Project\NX48HA\Debug\Obj\stm32f4xx_flash_ramfunc.o
#        E:\TV001\Project\NX48HA\Debug\Obj\stm32f4xx_fmpi2c.o
#        E:\TV001\Project\NX48HA\Debug\Obj\stm32f4xx_fsmc.o
#        E:\TV001\Project\NX48HA\Debug\Obj\stm32f4xx_gpio.o
#        E:\TV001\Project\NX48HA\Debug\Obj\stm32f4xx_hash.o
#        E:\TV001\Project\NX48HA\Debug\Obj\stm32f4xx_hash_md5.o
#        E:\TV001\Project\NX48HA\Debug\Obj\stm32f4xx_hash_sha1.o
#        E:\TV001\Project\NX48HA\Debug\Obj\stm32f4xx_i2c.o
#        E:\TV001\Project\NX48HA\Debug\Obj\stm32f4xx_it.o
#        E:\TV001\Project\NX48HA\Debug\Obj\stm32f4xx_iwdg.o
#        E:\TV001\Project\NX48HA\Debug\Obj\stm32f4xx_lptim.o
#        E:\TV001\Project\NX48HA\Debug\Obj\stm32f4xx_ltdc.o
#        E:\TV001\Project\NX48HA\Debug\Obj\stm32f4xx_pwr.o
#        E:\TV001\Project\NX48HA\Debug\Obj\stm32f4xx_qspi.o
#        E:\TV001\Project\NX48HA\Debug\Obj\stm32f4xx_rcc.o
#        E:\TV001\Project\NX48HA\Debug\Obj\stm32f4xx_rng.o
#        E:\TV001\Project\NX48HA\Debug\Obj\stm32f4xx_rtc.o
#        E:\TV001\Project\NX48HA\Debug\Obj\stm32f4xx_sai.o
#        E:\TV001\Project\NX48HA\Debug\Obj\stm32f4xx_sdio.o
#        E:\TV001\Project\NX48HA\Debug\Obj\stm32f4xx_spdifrx.o
#        E:\TV001\Project\NX48HA\Debug\Obj\stm32f4xx_spi.o
#        E:\TV001\Project\NX48HA\Debug\Obj\stm32f4xx_syscfg.o
#        E:\TV001\Project\NX48HA\Debug\Obj\stm32f4xx_tim.o
#        E:\TV001\Project\NX48HA\Debug\Obj\stm32f4xx_usart.o
#        E:\TV001\Project\NX48HA\Debug\Obj\stm32f4xx_wwdg.o
#        E:\TV001\Project\NX48HA\Debug\Obj\system_stm32f4xx.o -o
#        E:\TV001\Project\NX48HA\Debug\Exe\NX48HA.out --map
#        E:\TV001\Project\NX48HA\Debug\List\NX48HA.map --config "C:\Program
#        Files (x86)\IAR Systems\Embedded Workbench
#        7.3\arm\config\linker\ST\stm32f405xG.icf" --semihosting --entry
#        __iar_program_start --vfe
#
###############################################################################

*******************************************************************************
*** RUNTIME MODEL ATTRIBUTES
***

CppFlavor       = *
__SystemLibrary = DLib


*******************************************************************************
*** PLACEMENT SUMMARY
***

"A1":  place at 0x08000000 { ro section .intvec };
"P1":  place in [from 0x08000000 to 0x080fffff] { ro };
"P2":  place in [from 0x20000000 to 0x2001ffff] { rw, block CSTACK, block HEAP };

  Section            Kind        Address    Size  Object
  -------            ----        -------    ----  ------
"A1":                                      0x188
  .intvec            ro code  0x08000000   0x188  startup_stm32f40_41xxx.o [1]
                            - 0x08000188   0x188

"P1":                                      0xa49
  .text              ro code  0x08000188   0x288  InitMpu.o [1]
  .text              ro code  0x08000410   0x174  stm32f4xx_rcc.o [1]
  .text              ro code  0x08000584    0xf4  stm32f4xx_gpio.o [1]
  .text              ro code  0x08000678    0x3e  stm32f4xx_spi.o [1]
  .text              ro code  0x080006b8    0x80  misc.o [1]
  .text              ro code  0x08000738    0x1c  stm32f4xx_usart.o [1]
  .text              ro code  0x08000754   0x154  system_stm32f4xx.o [1]
  .text              ro code  0x080008a8    0xc4  main.o [1]
  .text              ro code  0x0800096c    0x38  packbits_init_single.o [5]
  .text              ro code  0x080009a4    0x28  data_init.o [5]
  .text              ro code  0x080009cc    0x22  fpinit_M.o [4]
  .iar.init_table    const    0x080009f0    0x10  - Linker created -
  .text              ro code  0x08000a00    0x1a  cmain.o [5]
  .text              ro code  0x08000a1a     0x4  low_level_init.o [3]
  .text              ro code  0x08000a1e     0x4  exit.o [3]
  .text              ro code  0x08000a24     0xa  cexit.o [5]
  .text              ro code  0x08000a30    0x14  exit.o [6]
  .text              ro code  0x08000a44    0x18  stm32f4xx_it.o [1]
  .text              ro code  0x08000a5c    0x10  startup_stm32f40_41xxx.o [1]
  .text              ro code  0x08000a6c     0xc  cstartup_M.o [5]
  .text              ro code  0x08000a78     0x4  startup_stm32f40_41xxx.o [1]
  .text              ro code  0x08000a7c     0x4  startup_stm32f40_41xxx.o [1]
  .text              ro code  0x08000a80     0x4  startup_stm32f40_41xxx.o [1]
  .text              ro code  0x08000a84     0x4  startup_stm32f40_41xxx.o [1]
  .text              ro code  0x08000a88     0x4  startup_stm32f40_41xxx.o [1]
  .text              ro code  0x08000a8c     0x4  startup_stm32f40_41xxx.o [1]
  .text              ro code  0x08000a90     0x4  startup_stm32f40_41xxx.o [1]
  .text              ro code  0x08000a94     0x4  startup_stm32f40_41xxx.o [1]
  .text              ro code  0x08000a98     0x4  startup_stm32f40_41xxx.o [1]
  .text              ro code  0x08000a9c     0x4  startup_stm32f40_41xxx.o [1]
  .text              ro code  0x08000aa0     0x4  startup_stm32f40_41xxx.o [1]
  .text              ro code  0x08000aa4     0x4  startup_stm32f40_41xxx.o [1]
  .text              ro code  0x08000aa8     0x4  startup_stm32f40_41xxx.o [1]
  .text              ro code  0x08000aac     0x4  startup_stm32f40_41xxx.o [1]
  .text              ro code  0x08000ab0     0x4  startup_stm32f40_41xxx.o [1]
  .text              ro code  0x08000ab4     0x4  startup_stm32f40_41xxx.o [1]
  .text              ro code  0x08000ab8     0x4  startup_stm32f40_41xxx.o [1]
  .text              ro code  0x08000abc     0x4  startup_stm32f40_41xxx.o [1]
  .text              ro code  0x08000ac0     0x4  startup_stm32f40_41xxx.o [1]
  .text              ro code  0x08000ac4     0x4  startup_stm32f40_41xxx.o [1]
  .text              ro code  0x08000ac8     0x4  startup_stm32f40_41xxx.o [1]
  .text              ro code  0x08000acc     0x4  startup_stm32f40_41xxx.o [1]
  .text              ro code  0x08000ad0     0x4  startup_stm32f40_41xxx.o [1]
  .text              ro code  0x08000ad4     0x4  startup_stm32f40_41xxx.o [1]
  .text              ro code  0x08000ad8     0x4  startup_stm32f40_41xxx.o [1]
  .text              ro code  0x08000adc     0x4  startup_stm32f40_41xxx.o [1]
  .text              ro code  0x08000ae0     0x4  startup_stm32f40_41xxx.o [1]
  .text              ro code  0x08000ae4     0x4  startup_stm32f40_41xxx.o [1]
  .text              ro code  0x08000ae8     0x4  startup_stm32f40_41xxx.o [1]
  .text              ro code  0x08000aec     0x4  startup_stm32f40_41xxx.o [1]
  .text              ro code  0x08000af0     0x4  startup_stm32f40_41xxx.o [1]
  .text              ro code  0x08000af4     0x4  startup_stm32f40_41xxx.o [1]
  .text              ro code  0x08000af8     0x4  startup_stm32f40_41xxx.o [1]
  .text              ro code  0x08000afc     0x4  startup_stm32f40_41xxx.o [1]
  .text              ro code  0x08000b00     0x4  startup_stm32f40_41xxx.o [1]
  .text              ro code  0x08000b04     0x4  startup_stm32f40_41xxx.o [1]
  .text              ro code  0x08000b08     0x4  startup_stm32f40_41xxx.o [1]
  .text              ro code  0x08000b0c     0x4  startup_stm32f40_41xxx.o [1]
  .text              ro code  0x08000b10     0x4  startup_stm32f40_41xxx.o [1]
  .text              ro code  0x08000b14     0x4  startup_stm32f40_41xxx.o [1]
  .text              ro code  0x08000b18     0x4  startup_stm32f40_41xxx.o [1]
  .text              ro code  0x08000b1c     0x4  startup_stm32f40_41xxx.o [1]
  .text              ro code  0x08000b20     0x4  startup_stm32f40_41xxx.o [1]
  .text              ro code  0x08000b24     0x4  startup_stm32f40_41xxx.o [1]
  .text              ro code  0x08000b28     0x4  startup_stm32f40_41xxx.o [1]
  .text              ro code  0x08000b2c     0x4  startup_stm32f40_41xxx.o [1]
  .text              ro code  0x08000b30     0x4  startup_stm32f40_41xxx.o [1]
  .text              ro code  0x08000b34     0x4  startup_stm32f40_41xxx.o [1]
  .text              ro code  0x08000b38     0x4  startup_stm32f40_41xxx.o [1]
  .text              ro code  0x08000b3c     0x4  startup_stm32f40_41xxx.o [1]
  .text              ro code  0x08000b40     0x4  startup_stm32f40_41xxx.o [1]
  .text              ro code  0x08000b44     0x4  startup_stm32f40_41xxx.o [1]
  .text              ro code  0x08000b48     0x4  startup_stm32f40_41xxx.o [1]
  .text              ro code  0x08000b4c     0x4  startup_stm32f40_41xxx.o [1]
  .text              ro code  0x08000b50     0x4  startup_stm32f40_41xxx.o [1]
  .text              ro code  0x08000b54     0x4  startup_stm32f40_41xxx.o [1]
  .text              ro code  0x08000b58     0x4  startup_stm32f40_41xxx.o [1]
  .text              ro code  0x08000b5c     0x4  startup_stm32f40_41xxx.o [1]
  .text              ro code  0x08000b60     0x4  startup_stm32f40_41xxx.o [1]
  .text              ro code  0x08000b64     0x4  startup_stm32f40_41xxx.o [1]
  .text              ro code  0x08000b68     0x4  startup_stm32f40_41xxx.o [1]
  .text              ro code  0x08000b6c     0x4  startup_stm32f40_41xxx.o [1]
  .text              ro code  0x08000b70     0x4  startup_stm32f40_41xxx.o [1]
  .text              ro code  0x08000b74     0x4  startup_stm32f40_41xxx.o [1]
  .text              ro code  0x08000b78     0x4  startup_stm32f40_41xxx.o [1]
  .text              ro code  0x08000b7c     0x4  startup_stm32f40_41xxx.o [1]
  .text              ro code  0x08000b80     0x4  startup_stm32f40_41xxx.o [1]
  .text              ro code  0x08000b84     0x4  startup_stm32f40_41xxx.o [1]
  .text              ro code  0x08000b88     0x4  startup_stm32f40_41xxx.o [1]
  .text              ro code  0x08000b8c     0x4  startup_stm32f40_41xxx.o [1]
  .text              ro code  0x08000b90     0x4  startup_stm32f40_41xxx.o [1]
  .text              ro code  0x08000b94     0x4  startup_stm32f40_41xxx.o [1]
  .text              ro code  0x08000b98     0x4  startup_stm32f40_41xxx.o [1]
  .text              ro code  0x08000b9c     0x4  startup_stm32f40_41xxx.o [1]
  .text              ro code  0x08000ba0     0x4  startup_stm32f40_41xxx.o [1]
  .text              ro code  0x08000ba4     0x4  startup_stm32f40_41xxx.o [1]
  .text              ro code  0x08000ba8     0x4  startup_stm32f40_41xxx.o [1]
  .text              ro code  0x08000bac     0x4  startup_stm32f40_41xxx.o [1]
  .text              ro code  0x08000bb0     0x4  startup_stm32f40_41xxx.o [1]
  .text              ro code  0x08000bb4     0x4  startup_stm32f40_41xxx.o [1]
  .text              ro code  0x08000bb8     0x4  startup_stm32f40_41xxx.o [1]
  .text              ro code  0x08000bbc     0x4  startup_stm32f40_41xxx.o [1]
  .rodata            const    0x08000bc0     0x0  packbits_init_single.o [5]
  Initializer bytes  const    0x08000bc0    0x11  <for P2-1>
                            - 0x08000bd1   0xa49

"P2", part 1 of 2:                          0x2c
  P2-1                        0x20000000    0x2c  <Init block>
    .data            inited   0x20000000    0x10  stm32f4xx_rcc.o [1]
    .bss             inited   0x20000010     0x8  InitMpu.o [1]
    .bss             inited   0x20000018     0x4  main.o [1]
    .bss             inited   0x2000001c    0x10  main.o [1]
                            - 0x2000002c    0x2c

"P2", part 2 of 2:                        0x2000
  CSTACK                      0x20000030  0x2000  <Block>
    CSTACK           uninit   0x20000030  0x2000  <Block tail>
                            - 0x20002030  0x2000


*******************************************************************************
*** INIT TABLE
***

          Address     Size
          -------     ----
Copy/packbits (__iar_packbits_init_single3)
    1 source range, total size 0x11 (38% of destination):
          0x08000bc0  0x11
    1 destination range, total size 0x2c:
          0x20000000  0x2c



*******************************************************************************
*** MODULE SUMMARY
***

    Module                    ro code  ro data  rw data
    ------                    -------  -------  -------
E:\TV001\Project\NX48HA\Debug\Obj: [1]
    InitMpu.o                     648        3        8
    main.o                        196        8       20
    misc.o                        128
    startup_stm32f40_41xxx.o      736
    stm32f4xx_gpio.o              244
    stm32f4xx_it.o                 24
    stm32f4xx_rcc.o               372        6       16
    stm32f4xx_spi.o                62
    stm32f4xx_usart.o              28
    system_stm32f4xx.o            340
    ---------------------------------------------------
    Total:                      2 778       17       44

command line: [2]
    ---------------------------------------------------
    Total:

dl7M_tlf.a: [3]
    exit.o                          4
    low_level_init.o                4
    ---------------------------------------------------
    Total:                          8

m7M_tls.a: [4]
    fpinit_M.o                     34
    ---------------------------------------------------
    Total:                         34

rt7M_tl.a: [5]
    cexit.o                        10
    cmain.o                        26
    cstartup_M.o                   12
    data_init.o                    40
    packbits_init_single.o         56
    ---------------------------------------------------
    Total:                        144

shb_l.a: [6]
    exit.o                         20
    ---------------------------------------------------
    Total:                         20

    Gaps                            6        2
    Linker created                          16    8 192
-------------------------------------------------------
    Grand Total:                2 990       35    8 236


*******************************************************************************
*** ENTRY LIST
***

Entry                      Address  Size  Type      Object
-----                      -------  ----  ----      ------
.iar.init_table$$Base   0x080009f0         --   Gb  - Linker created -
.iar.init_table$$Limit  0x08000a00         --   Gb  - Linker created -
?main                   0x08000a01        Code  Gb  cmain.o [5]
APBAHBPrescTable        0x20000000  0x10  Data  Lc  stm32f4xx_rcc.o [1]
BusFault_Handler        0x08000a4b   0x2  Code  Gb  stm32f4xx_it.o [1]
CSTACK$$Base            0x20000030         --   Gb  - Linker created -
CSTACK$$Limit           0x20002030         --   Gb  - Linker created -
DebugMon_Handler        0x08000a51   0x2  Code  Gb  stm32f4xx_it.o [1]
Delay                   0x08000929  0x14  Code  Lc  main.o [1]
GPIO_Init               0x08000585  0xa4  Code  Gb  stm32f4xx_gpio.o [1]
GPIO_InitStructure      0x20000010   0x8  Data  Gb  InitMpu.o [1]
GPIO_PinAFConfig        0x08000629  0x50  Code  Gb  stm32f4xx_gpio.o [1]
HardFault_Handler       0x08000a47   0x2  Code  Gb  stm32f4xx_it.o [1]
Init_Input              0x080003cf   0x2  Code  Gb  InitMpu.o [1]
Init_LED                0x080003d1   0x2  Code  Gb  InitMpu.o [1]
Init_Mpu                0x080003ed  0x24  Code  Gb  InitMpu.o [1]
Init_Output             0x080003c3   0xc  Code  Gb  InitMpu.o [1]
Init_SPI1               0x08000189  0xae  Code  Gb  InitMpu.o [1]
Init_SPI2               0x08000237  0xa6  Code  Gb  InitMpu.o [1]
Init_USART1             0x080002dd  0x9c  Code  Gb  InitMpu.o [1]
Init_USART2             0x08000379  0x3c  Code  Gb  InitMpu.o [1]
Init_USART3             0x080003b5   0xe  Code  Gb  InitMpu.o [1]
MemManage_Handler       0x08000a49   0x2  Code  Gb  stm32f4xx_it.o [1]
NMI_Handler             0x08000a45   0x2  Code  Gb  stm32f4xx_it.o [1]
NVIC_Init               0x080006c3  0x60  Code  Gb  misc.o [1]
NVIC_PriorityGroupConfig
                        0x080006b9   0xa  Code  Gb  misc.o [1]
NVIC_SetPriority        0x080008a9  0x22  Code  Lc  main.o [1]
PendSV_Handler          0x08000a53   0x2  Code  Gb  stm32f4xx_it.o [1]
RCC_AHB1PeriphClockCmd  0x08000505  0x20  Code  Gb  stm32f4xx_rcc.o [1]
RCC_APB1PeriphClockCmd  0x08000525  0x20  Code  Gb  stm32f4xx_rcc.o [1]
RCC_APB2PeriphClockCmd  0x08000545  0x20  Code  Gb  stm32f4xx_rcc.o [1]
RCC_Clocks              0x2000001c  0x10  Data  Gb  main.o [1]
RCC_GetClocksFreq       0x08000429  0xdc  Code  Gb  stm32f4xx_rcc.o [1]
RCC_MCO2Config          0x08000411  0x18  Code  Gb  stm32f4xx_rcc.o [1]
Region$$Table$$Base     0x080009f0         --   Gb  - Linker created -
Region$$Table$$Limit    0x08000a00         --   Gb  - Linker created -
SPI_Init                0x08000679  0x3e  Code  Gb  stm32f4xx_spi.o [1]
SVC_Handler             0x08000a4f   0x2  Code  Gb  stm32f4xx_it.o [1]
SetSysClock             0x080007a7  0xce  Code  Lc  system_stm32f4xx.o [1]
SysTick_Config          0x080008cb  0x2e  Code  Lc  main.o [1]
SysTick_Handler         0x08000a55   0x8  Code  Gb  stm32f4xx_it.o [1]
SystemInit              0x08000755  0x52  Code  Gb  system_stm32f4xx.o [1]
TimingDelay_Decrement   0x0800093d  0x14  Code  Gb  main.o [1]
USART_Cmd               0x08000739  0x1c  Code  Gb  stm32f4xx_usart.o [1]
UsageFault_Handler      0x08000a4d   0x2  Code  Gb  stm32f4xx_it.o [1]
__cmain                 0x08000a01        Code  Gb  cmain.o [5]
__exit                  0x08000a31  0x14  Code  Gb  exit.o [6]
__iar_data_init3        0x080009a5  0x28  Code  Gb  data_init.o [5]
__iar_init_vfp          0x080009cd        Code  Gb  fpinit_M.o [4]
__iar_packbits_init_single3
                        0x0800096d  0x38  Code  Gb  packbits_init_single.o [5]
__iar_program_start     0x08000a6d        Code  Gb  cstartup_M.o [5]
__low_level_init        0x08000a1b   0x4  Code  Gb  low_level_init.o [3]
__vector_table          0x08000000        Data  Gb  startup_stm32f40_41xxx.o [1]
_call_main              0x08000a0d        Code  Gb  cmain.o [5]
_exit                   0x08000a25        Code  Gb  cexit.o [5]
_main                   0x08000a17        Code  Gb  cmain.o [5]
exit                    0x08000a1f   0x4  Code  Gb  exit.o [3]
main                    0x080008f9  0x30  Code  Gb  main.o [1]
uwTimingDelay           0x20000018   0x4  Data  Lc  main.o [1]


[1] = E:\TV001\Project\NX48HA\Debug\Obj
[2] = command line
[3] = dl7M_tlf.a
[4] = m7M_tls.a
[5] = rt7M_tl.a
[6] = shb_l.a

  2 990 bytes of readonly  code memory
     35 bytes of readonly  data memory
  8 236 bytes of readwrite data memory

Errors: none
Warnings: none
